Sat, 22 Jun 2019 17:59:50 [line:126] INFO ============start loop 1============
Sat, 22 Jun 2019 17:59:53 [line:48] INFO Turn On
Sat, 22 Jun 2019 17:59:59 [line:102] INFO 

Sat, 22 Jun 2019 17:59:59 [line:102] INFO U-Boot 2016.01 (Jun 13 2019 - 16:48:21 +0800)

Sat, 22 Jun 2019 17:59:59 [line:102] INFO 

Sat, 22 Jun 2019 17:59:59 [line:102] INFO CPU:   NXP S32V234 V2.0 at 1000 MHz

Sat, 22 Jun 2019 17:59:59 [line:102] INFO Reset cause: unknown reset

Sat, 22 Jun 2019 17:59:59 [line:102] INFO Board: s32v234evb29288

Sat, 22 Jun 2019 17:59:59 [line:102] INFO I2C:   ready

Sat, 22 Jun 2019 17:59:59 [line:102] INFO DRAM:  2 GiB

Sat, 22 Jun 2019 17:59:59 [line:102] INFO All (4) cores are up.

Sat, 22 Jun 2019 17:59:59 [line:102] INFO MMC:   Config the emmc hc and disable sdhc

Sat, 22 Jun 2019 17:59:59 [line:102] INFO FSL_SDHC: 0

Sat, 22 Jun 2019 18:00:00 [line:102] INFO 

Sat, 22 Jun 2019 18:00:00 [line:102] INFO Forcing PCIe to Gen1 operation

Sat, 22 Jun 2019 18:00:00 [line:102] INFO phy link never came up

Sat, 22 Jun 2019 18:00:00 [line:102] INFO DEBUG_R0: 0x0071e500, DEBUG_R1: 0x08200000

Sat, 22 Jun 2019 18:00:00 [line:102] INFO In:    serial

Sat, 22 Jun 2019 18:00:00 [line:102] INFO Out:   serial

Sat, 22 Jun 2019 18:00:00 [line:102] INFO Err:   serial

Sat, 22 Jun 2019 18:00:00 [line:102] INFO The security module (CSE3) is disabled.

Sat, 22 Jun 2019 18:00:00 [line:102] INFO Net:   

Sat, 22 Jun 2019 18:00:00 [line:102] INFO Warning: System is using default MAC address. Please set a new value

Sat, 22 Jun 2019 18:00:00 [line:102] INFO FEC

Sat, 22 Jun 2019 18:00:03 [line:102] INFO Hit any key to stop autoboot:  3  2  1  0 

Sat, 22 Jun 2019 18:00:03 [line:102] INFO switch to partitions #0, OK

Sat, 22 Jun 2019 18:00:03 [line:102] INFO mmc0(part 0) is current device

Sat, 22 Jun 2019 18:00:03 [line:102] INFO reading Image

Sat, 22 Jun 2019 18:00:03 [line:102] INFO 10485760 bytes read in 505 ms (19.8 MiB/s)

Sat, 22 Jun 2019 18:00:03 [line:102] INFO Booting from mmc ... s32v234-evb.dias.emmc.dtb

Sat, 22 Jun 2019 18:00:03 [line:102] INFO reading s32v234-evb.dias.emmc.dtb

Sat, 22 Jun 2019 18:00:04 [line:102] INFO 1048576 bytes read in 63 ms (15.9 MiB/s)

Sat, 22 Jun 2019 18:00:04 [line:102] INFO ## Flattened Device Tree blob at 82000000

Sat, 22 Jun 2019 18:00:04 [line:102] INFO    Booting using the fdt blob at 0x82000000

Sat, 22 Jun 2019 18:00:04 [line:102] INFO    reserving fdt memory region: addr=80000000 size=10000

Sat, 22 Jun 2019 18:00:04 [line:102] INFO    Loading Device Tree to 000000009fff5000, end 000000009ffff6c4 ... OK

Sat, 22 Jun 2019 18:00:04 [line:102] INFO 

Sat, 22 Jun 2019 18:00:04 [line:102] INFO Starting kernel ...

Sat, 22 Jun 2019 18:00:04 [line:102] INFO 

Sat, 22 Jun 2019 18:00:05 [line:102] INFO [    0.000000] Booting Linux on physical CPU 0x0

Sat, 22 Jun 2019 18:00:05 [line:102] INFO [    0.000000] Linux version 4.14.34-rt27+g5b7d979 (oe-user@oe-host) (gcc version 7.1.1 20170707 (Linaro GCC 7.1-2017.08)) #1 SMP Tue Jun 18 11:20:55 CST 2019

Sat, 22 Jun 2019 18:00:05 [line:102] INFO [    0.000000] Boot CPU: AArch64 Processor [410fd034]

Sat, 22 Jun 2019 18:00:05 [line:102] INFO [    0.000000] Machine model: Freescale S32V234

Sat, 22 Jun 2019 18:00:05 [line:102] INFO [    0.000000] percpu: Embedded 20 pages/cpu @ffffffc07ff79000 s43416 r8192 d30312 u81920

Sat, 22 Jun 2019 18:00:05 [line:102] INFO [    0.000000] Detected VIPT I-cache on CPU0

Sat, 22 Jun 2019 18:00:05 [line:102] INFO [    0.000000] CPU features: enabling workaround for ARM erratum 845719

Sat, 22 Jun 2019 18:00:05 [line:102] INFO [    0.000000] Built 1 zonelists, mobility grouping on.  Total pages: 512000

Sat, 22 Jun 2019 18:00:05 [line:102] INFO [    0.000000] Kernel command line: console=ttyLF0,115200 root=/dev/mmcblk0p2 rootwait rw

Sat, 22 Jun 2019 18:00:05 [line:102] INFO [    0.000000] PID hash table entries: 4096 (order: 3, 32768 bytes)

Sat, 22 Jun 2019 18:00:05 [line:102] INFO [    0.000000] Dentry cache hash table entries: 262144 (order: 9, 2097152 bytes)

Sat, 22 Jun 2019 18:00:05 [line:102] INFO [    0.000000] Inode-cache hash table entries: 131072 (order: 8, 1048576 bytes)

Sat, 22 Jun 2019 18:00:05 [line:102] INFO [    0.000000] Memory: 2035752K/2076672K available (5822K kernel code, 414K rwdata, 1576K rodata, 384K init, 258K bss, 40920K reserved, 0K cma-reserved)

Sat, 22 Jun 2019 18:00:05 [line:102] INFO [    0.000000] Virtual kernel memory layout:

Sat, 22 Jun 2019 18:00:05 [line:102] INFO [    0.000000]     modules : 0xffffff8000000000 - 0xffffff8008000000   (   128 MB)

Sat, 22 Jun 2019 18:00:05 [line:102] INFO [    0.000000]     vmalloc : 0xffffff8008000000 - 0xffffffbebfff0000   (   250 GB)

Sat, 22 Jun 2019 18:00:05 [line:102] INFO [    0.000000]       .text : 0xffffff8008080000 - 0xffffff8008630000   (  5824 KB)

Sat, 22 Jun 2019 18:00:05 [line:102] INFO [    0.000000]     .rodata : 0xffffff8008630000 - 0xffffff80087c0000   (  1600 KB)

Sat, 22 Jun 2019 18:00:05 [line:102] INFO [    0.000000]       .init : 0xffffff80087c0000 - 0xffffff8008820000   (   384 KB)

Sat, 22 Jun 2019 18:00:05 [line:102] INFO [    0.000000]       .data : 0xffffff8008820000 - 0xffffff8008887808   (   415 KB)

Sat, 22 Jun 2019 18:00:05 [line:102] INFO [    0.000000]        .bss : 0xffffff8008887808 - 0xffffff80088c80c8   (   259 KB)

Sat, 22 Jun 2019 18:00:05 [line:102] INFO [    0.000000]     fixed   : 0xffffffbefe7fb000 - 0xffffffbefec00000   (  4116 KB)

Sat, 22 Jun 2019 18:00:05 [line:102] INFO [    0.000000]     PCI I/O : 0xffffffbefee00000 - 0xffffffbeffe00000   (    16 MB)

Sat, 22 Jun 2019 18:00:05 [line:102] INFO [    0.000000]     vmemmap : 0xffffffbf00000000 - 0xffffffc000000000   (     4 GB maximum)

Sat, 22 Jun 2019 18:00:05 [line:102] INFO [    0.000000]               0xffffffbf00000000 - 0xffffffbf01c00000   (    28 MB actual)

Sat, 22 Jun 2019 18:00:05 [line:102] INFO [    0.000000]     memory  : 0xffffffc000000000 - 0xffffffc080000000   (  2048 MB)

Sat, 22 Jun 2019 18:00:05 [line:102] INFO [    0.000000] Hierarchical RCU implementation.

Sat, 22 Jun 2019 18:00:05 [line:102] INFO [    0.000000] 	RCU event tracing is enabled.

Sat, 22 Jun 2019 18:00:05 [line:102] INFO [    0.000000] NR_IRQS: 64, nr_irqs: 64, preallocated irqs: 0

Sat, 22 Jun 2019 18:00:05 [line:102] INFO [    0.000000] arch_timer: cp15 timer(s) running at 12.00MHz (virt).

Sat, 22 Jun 2019 18:00:05 [line:102] INFO [    0.000000] clocksource: arch_sys_counter: mask: 0xffffffffffffff max_cycles: 0x2c47f4ee7, max_idle_ns: 440795202497 ns

Sat, 22 Jun 2019 18:00:05 [line:102] INFO [    0.000004] sched_clock: 56 bits at 12MHz, resolution 83ns, wraps every 4398046511096ns

Sat, 22 Jun 2019 18:00:05 [line:102] INFO [    0.000474] Console: colour dummy device 80x25

Sat, 22 Jun 2019 18:00:05 [line:102] INFO [    0.000489] Calibrating delay loop (skipped), value calculated using timer frequency.. 24.00 BogoMIPS (lpj=48000)

Sat, 22 Jun 2019 18:00:05 [line:102] INFO [    0.000498] pid_max: default: 32768 minimum: 301

Sat, 22 Jun 2019 18:00:05 [line:102] INFO [    0.000589] Security Framework initialized

Sat, 22 Jun 2019 18:00:05 [line:102] INFO [    0.000642] Mount-cache hash table entries: 4096 (order: 3, 32768 bytes)

Sat, 22 Jun 2019 18:00:05 [line:102] INFO [    0.000661] Mountpoint-cache hash table entries: 4096 (order: 3, 32768 bytes)

Sat, 22 Jun 2019 18:00:05 [line:102] INFO [    0.001361] ASID allocator initialised with 32768 entries

Sat, 22 Jun 2019 18:00:05 [line:102] INFO [    0.001424] Hierarchical SRCU implementation.

Sat, 22 Jun 2019 18:00:05 [line:102] INFO [    0.002071] smp: Bringing up secondary CPUs ...

Sat, 22 Jun 2019 18:00:05 [line:102] INFO [    0.002401] Detected VIPT I-cache on CPU1

Sat, 22 Jun 2019 18:00:05 [line:102] INFO [    0.002444] CPU1: Booted secondary processor [410fd034]

Sat, 22 Jun 2019 18:00:05 [line:102] INFO [    0.002800] Detected VIPT I-cache on CPU2

Sat, 22 Jun 2019 18:00:05 [line:102] INFO [    0.002840] CPU2: Booted secondary processor [410fd034]

Sat, 22 Jun 2019 18:00:05 [line:102] INFO [    0.003203] Detected VIPT I-cache on CPU3

Sat, 22 Jun 2019 18:00:05 [line:102] INFO [    0.003225] CPU3: Booted secondary processor [410fd034]

Sat, 22 Jun 2019 18:00:05 [line:102] INFO [    0.003300] smp: Brought up 1 node, 4 CPUs

Sat, 22 Jun 2019 18:00:05 [line:102] INFO [    0.003320] SMP: Total of 4 processors activated.

Sat, 22 Jun 2019 18:00:05 [line:102] INFO [    0.003326] CPU features: detected feature: 32-bit EL0 Support

Sat, 22 Jun 2019 18:00:05 [line:102] INFO [    0.003331] CPU features: detected feature: Kernel page table isolation (KPTI)

Sat, 22 Jun 2019 18:00:05 [line:102] INFO [    0.006133] CPU: All CPU(s) started at EL1

Sat, 22 Jun 2019 18:00:05 [line:102] INFO [    0.006154] alternatives: patching kernel code

Sat, 22 Jun 2019 18:00:05 [line:102] INFO [    0.006912] devtmpfs: initialized

Sat, 22 Jun 2019 18:00:05 [line:102] INFO [    0.010672] random: get_random_u32 called from bucket_table_alloc+0x10c/0x260 with crng_init=0

Sat, 22 Jun 2019 18:00:05 [line:102] INFO [    0.010988] clocksource: jiffies: mask: 0xffffffff max_cycles: 0xffffffff, max_idle_ns: 7645041785100000 ns

Sat, 22 Jun 2019 18:00:05 [line:102] INFO [    0.011002] futex hash table entries: 1024 (order: 5, 131072 bytes)

Sat, 22 Jun 2019 18:00:05 [line:102] INFO [    0.011203] pinctrl core: initialized pinctrl subsystem

Sat, 22 Jun 2019 18:00:05 [line:102] INFO [    0.011755] NET: Registered protocol family 16

Sat, 22 Jun 2019 18:00:05 [line:102] INFO [    0.012551] NET: Registered protocol family 42

Sat, 22 Jun 2019 18:00:05 [line:102] INFO [    0.013015] vdso: 2 pages (1 code @ ffffff8008636000, 1 data @ ffffff8008824000)

Sat, 22 Jun 2019 18:00:05 [line:102] INFO [    0.013028] hw-breakpoint: found 6 breakpoint and 4 watchpoint registers.

Sat, 22 Jun 2019 18:00:05 [line:102] INFO [    0.013266] DMA: preallocated 256 KiB pool for atomic allocations

Sat, 22 Jun 2019 18:00:05 [line:102] INFO [    0.026052] HugeTLB registered 2.00 MiB page size, pre-allocated 0 pages

Sat, 22 Jun 2019 18:00:05 [line:102] INFO [    0.028470] vgaarb: loaded

Sat, 22 Jun 2019 18:00:05 [line:102] INFO [    0.028673] SCSI subsystem initialized

Sat, 22 Jun 2019 18:00:05 [line:102] INFO [    0.028858] usbcore: registered new interface driver usbfs

Sat, 22 Jun 2019 18:00:05 [line:102] INFO [    0.028895] usbcore: registered new interface driver hub

Sat, 22 Jun 2019 18:00:05 [line:102] INFO [    0.028952] usbcore: registered new device driver usb

Sat, 22 Jun 2019 18:00:05 [line:102] INFO [    0.029147] imx-i2c 40051000.i2c: could not find pctldev for node /soc/aips-bus@40000000/siul2/siul2-pinctrl@4006C000/s32v234-evb/i2c0grp, deferring probe

Sat, 22 Jun 2019 18:00:05 [line:102] INFO [    0.029241] imx-i2c 400b8000.i2c: could not find pctldev for node /soc/aips-bus@40000000/siul2/siul2-pinctrl@4006C000/s32v234-evb/i2c1grp, deferring probe

Sat, 22 Jun 2019 18:00:05 [line:102] INFO [    0.029267] imx-i2c 400ba000.i2c: could not find pctldev for node /soc/aips-bus@40000000/siul2/siul2-pinctrl@4006C000/s32v234-evb/i2c2grp, deferring probe

Sat, 22 Jun 2019 18:00:05 [line:102] INFO [    0.029376] pps_core: LinuxPPS API ver. 1 registered

Sat, 22 Jun 2019 18:00:05 [line:102] INFO [    0.029381] pps_core: Software ver. 5.3.6 - Copyright 2005-2007 Rodolfo Giometti <giometti@linux.it>

Sat, 22 Jun 2019 18:00:05 [line:102] INFO [    0.029406] PTP clock support registered

Sat, 22 Jun 2019 18:00:05 [line:102] INFO [    0.030103] clocksource: Switched to clocksource arch_sys_counter

Sat, 22 Jun 2019 18:00:05 [line:102] INFO [    0.036311] NET: Registered protocol family 2

Sat, 22 Jun 2019 18:00:05 [line:102] INFO [    0.036662] TCP established hash table entries: 16384 (order: 5, 131072 bytes)

Sat, 22 Jun 2019 18:00:05 [line:102] INFO [    0.036790] TCP bind hash table entries: 16384 (order: 6, 262144 bytes)

Sat, 22 Jun 2019 18:00:05 [line:102] INFO [    0.037018] TCP: Hash tables configured (established 16384 bind 16384)

Sat, 22 Jun 2019 18:00:05 [line:102] INFO [    0.037121] UDP hash table entries: 1024 (order: 3, 32768 bytes)

Sat, 22 Jun 2019 18:00:05 [line:102] INFO [    0.037169] UDP-Lite hash table entries: 1024 (order: 3, 32768 bytes)

Sat, 22 Jun 2019 18:00:05 [line:102] INFO [    0.037326] NET: Registered protocol family 1

Sat, 22 Jun 2019 18:00:05 [line:102] INFO [    0.037590] RPC: Registered named UNIX socket transport module.

Sat, 22 Jun 2019 18:00:05 [line:102] INFO [    0.037596] RPC: Registered udp transport module.

Sat, 22 Jun 2019 18:00:05 [line:102] INFO [    0.037600] RPC: Registered tcp transport module.

Sat, 22 Jun 2019 18:00:05 [line:102] INFO [    0.037604] RPC: Registered tcp NFSv4.1 backchannel transport module.

Sat, 22 Jun 2019 18:00:05 [line:102] INFO [    0.038305] hw perfevents: enabled with armv8_pmuv3 PMU driver, 7 counters available

Sat, 22 Jun 2019 18:00:05 [line:102] INFO [    0.039404] workingset: timestamp_bits=62 max_order=19 bucket_order=0

Sat, 22 Jun 2019 18:00:05 [line:102] INFO [    0.040170] fuse init (API version 7.26)

Sat, 22 Jun 2019 18:00:05 [line:102] INFO [    0.040809] Block layer SCSI generic (bsg) driver version 0.4 loaded (major 248)

Sat, 22 Jun 2019 18:00:05 [line:102] INFO [    0.040818] io scheduler noop registered

Sat, 22 Jun 2019 18:00:05 [line:102] INFO [    0.040823] io scheduler deadline registered

Sat, 22 Jun 2019 18:00:05 [line:102] INFO [    0.040850] io scheduler cfq registered (default)

Sat, 22 Jun 2019 18:00:05 [line:102] INFO [    0.040855] io scheduler mq-deadline registered

Sat, 22 Jun 2019 18:00:05 [line:102] INFO [    0.040860] io scheduler kyber registered

Sat, 22 Jun 2019 18:00:05 [line:102] INFO [    0.041371] s32v234-siul2-pinctrl 4006c240.siul2-pinctrl: initialized s32 pinctrl driver

Sat, 22 Jun 2019 18:00:05 [line:102] INFO [    0.043786] s32v234-pcie 72ffc000.pcie: Configuring as RC

Sat, 22 Jun 2019 18:00:05 [line:102] INFO [    0.043872] s32v234-pcie 72ffc000.pcie: Allocated line 0 for interrupt 79

Sat, 22 Jun 2019 18:00:05 [line:102] INFO [    0.043883] OF: PCI: host bridge /pcie@0x72000000 ranges:

Sat, 22 Jun 2019 18:00:05 [line:102] INFO [    0.043895] OF: PCI:    IO 0x72f80000..0x72f8ffff -> 0x00000000

Sat, 22 Jun 2019 18:00:05 [line:102] INFO [    0.043914] OF: PCI:   MEM 0x72000000..0x72efffff -> 0x72000000

Sat, 22 Jun 2019 18:00:05 [line:102] INFO [    0.094535] s32v234-pcie 72ffc000.pcie: SOC revision: 0x10

Sat, 22 Jun 2019 18:00:05 [line:102] INFO [    1.094690] s32v234-pcie 72ffc000.pcie: phy link never came up

Sat, 22 Jun 2019 18:00:06 [line:102] INFO [    1.094702] s32v234-pcie 72ffc000.pcie: phy link never came up

Sat, 22 Jun 2019 18:00:06 [line:102] INFO [    1.094711] s32v234-pcie 72ffc000.pcie: DEBUG_R0: 0x00b0f300, DEBUG_R1: 0x08200000

Sat, 22 Jun 2019 18:00:06 [line:102] INFO [    1.094917] s32v234-pcie 72ffc000.pcie: Failed to bring link up!

Sat, 22 Jun 2019 18:00:06 [line:102] INFO [    1.095047] s32v234-pcie 72ffc000.pcie: PCI host bridge to bus 0000:00

Sat, 22 Jun 2019 18:00:06 [line:102] INFO [    1.095057] pci_bus 0000:00: root bus resource [bus 00-ff]

Sat, 22 Jun 2019 18:00:06 [line:102] INFO [    1.095064] pci_bus 0000:00: root bus resource [io  0x0000-0xffff]

Sat, 22 Jun 2019 18:00:06 [line:102] INFO [    1.095071] pci_bus 0000:00: root bus resource [mem 0x72000000-0x72efffff]

Sat, 22 Jun 2019 18:00:06 [line:102] INFO [    1.095385] pci 0000:00:00.0: BAR 0: assigned [mem 0x72000000-0x720fffff 64bit]

Sat, 22 Jun 2019 18:00:06 [line:102] INFO [    1.095397] pci 0000:00:00.0: BAR 6: assigned [mem 0x72100000-0x7210ffff pref]

Sat, 22 Jun 2019 18:00:06 [line:102] INFO [    1.095405] pci 0000:00:00.0: PCI bridge to [bus 01-ff]

Sat, 22 Jun 2019 18:00:06 [line:102] INFO [    1.095651] pcieport 0000:00:00.0: Signaling PME with IRQ 85

Sat, 22 Jun 2019 18:00:06 [line:102] INFO [    1.095744] pcieport 0000:00:00.0: AER enabled with IRQ 85

Sat, 22 Jun 2019 18:00:06 [line:102] INFO [    1.096538] fsl_dcu 40028000.dcu: DCU: memory pool creation error

Sat, 22 Jun 2019 18:00:06 [line:102] INFO [    1.096547] fsl_dcu 40028000.dcu: DCU: using default surface memory space.

Sat, 22 Jun 2019 18:00:06 [line:102] INFO [    1.097123] fsl_dcu 40028000.dcu: Selected video mode on </dev/fb0> : <1920 x 1080>

Sat, 22 Jun 2019 18:00:06 [line:102] INFO [    1.097335] fsl_dcu 40028000.dcu: Selected video mode on </dev/fb1> : <1920 x 1080>

Sat, 22 Jun 2019 18:00:06 [line:102] INFO [    1.097536] fsl_dcu 40028000.dcu: Selected video mode on </dev/fb2> : <1920 x 1080>

Sat, 22 Jun 2019 18:00:06 [line:102] INFO [    1.097745] fsl_dcu 40028000.dcu: Selected video mode on </dev/fb3> : <1920 x 1080>

Sat, 22 Jun 2019 18:00:06 [line:102] INFO [    1.097947] fsl_dcu 40028000.dcu: Selected video mode on </dev/fb4> : <1920 x 1080>

Sat, 22 Jun 2019 18:00:06 [line:102] INFO [    1.098195] fsl_dcu 40028000.dcu: Selected video mode on </dev/fb5> : <1920 x 1080>

Sat, 22 Jun 2019 18:00:06 [line:102] INFO [    1.098463] fsl_dcu 40028000.dcu: Selected video mode on </dev/fb6> : <1920 x 1080>

Sat, 22 Jun 2019 18:00:06 [line:102] INFO [    1.098678] fsl_dcu 40028000.dcu: Selected video mode on </dev/fb7> : <1920 x 1080>

Sat, 22 Jun 2019 18:00:06 [line:102] INFO [    1.099521] 40053000.serial: ttyLF0 at MMIO 0x40053000 (irq = 24, base_baud = 4166666) is a FSL_LINFLEX

Sat, 22 Jun 2019 18:00:06 [line:102] INFO [    1.914924] console [ttyLF0] enabled

Sat, 22 Jun 2019 18:00:06 [line:102] INFO [    1.918926] 400bc000.serial: ttyLF1 at MMIO 0x400bc000 (irq = 42, base_baud = 4166666) is a FSL_LINFLEX

Sat, 22 Jun 2019 18:00:06 [line:102] INFO [    1.928519] fsl-linflexuart 400bc000.serial: DMA tx channel request failed, operating without tx DMA

Sat, 22 Jun 2019 18:00:06 [line:102] INFO [    1.937722] fsl-linflexuart 400bc000.serial: DMA rx channel request failed, operating without rx DMA

Sat, 22 Jun 2019 18:00:06 [line:102] INFO [    1.947409] cacheinfo: Unable to detect cache hierarchy for CPU 0

Sat, 22 Jun 2019 18:00:06 [line:102] INFO [    1.958171] loop: module loaded

Sat, 22 Jun 2019 18:00:06 [line:102] INFO [    1.962299] num_chipselect =8 

Sat, 22 Jun 2019 18:00:06 [line:102] INFO [    1.962304] bus_num =0 

Sat, 22 Jun 2019 18:00:06 [line:102] INFO [    1.965478] fsl-dspi 40057000.spi: owen register platform irq =26

Sat, 22 Jun 2019 18:00:06 [line:102] INFO [    1.974306] cs_sck_delay=0

Sat, 22 Jun 2019 18:00:06 [line:102] INFO [    1.977024] pcssck=0, cssck=0

Sat, 22 Jun 2019 18:00:06 [line:102] INFO [    1.980014] pasc=0, asc=0

Sat, 22 Jun 2019 18:00:06 [line:102] INFO [    1.982651] get pcssck=1, cssck=4

Sat, 22 Jun 2019 18:00:06 [line:102] INFO [    1.986237]   owen iory devm_gpio_request_one try

Sat, 22 Jun 2019 18:00:06 [line:102] INFO [    1.991041] owen iory devm_gpio_request_one ok

Sat, 22 Jun 2019 18:00:06 [line:102] INFO [    1.995514] owen iory try  pSPI_gpio

Sat, 22 Jun 2019 18:00:06 [line:102] INFO [    1.999155] cs_sck_delay=0

Sat, 22 Jun 2019 18:00:06 [line:102] INFO [    2.001872] pcssck=0, cssck=0

Sat, 22 Jun 2019 18:00:06 [line:102] INFO [    2.004858] pasc=0, asc=0

Sat, 22 Jun 2019 18:00:06 [line:102] INFO [    2.007493] get pcssck=1, cssck=4

Sat, 22 Jun 2019 18:00:06 [line:102] INFO [    2.011086] cs_sck_delay=100

Sat, 22 Jun 2019 18:00:06 [line:102] INFO [    2.013978] pcssck=3, cssck=0

Sat, 22 Jun 2019 18:00:06 [line:102] INFO [    2.016969] pasc=3, asc=0

Sat, 22 Jun 2019 18:00:06 [line:102] INFO [    2.019606] get pcssck=1, cssck=4

Sat, 22 Jun 2019 18:00:06 [line:102] INFO [    2.023058] cs_sck_delay=100

Sat, 22 Jun 2019 18:00:06 [line:102] INFO [    2.025949] pcssck=3, cssck=0

Sat, 22 Jun 2019 18:00:06 [line:102] INFO [    2.028936] pasc=3, asc=0

Sat, 22 Jun 2019 18:00:06 [line:102] INFO [    2.031572] get pcssck=1, cssck=4

Sat, 22 Jun 2019 18:00:06 [line:102] INFO [    2.035017] cs_sck_delay=0

Sat, 22 Jun 2019 18:00:06 [line:102] INFO [    2.037734] pcssck=0, cssck=0

Sat, 22 Jun 2019 18:00:06 [line:102] INFO [    2.040721] pasc=0, asc=0

Sat, 22 Jun 2019 18:00:06 [line:102] INFO [    2.043356] get pcssck=1, cssck=4

Sat, 22 Jun 2019 18:00:06 [line:102] INFO [    2.047175] num_chipselect =4 

Sat, 22 Jun 2019 18:00:06 [line:102] INFO [    2.047178] bus_num =1 

Sat, 22 Jun 2019 18:00:06 [line:102] INFO [    2.050354] fsl-dspi 400c0000.spi: owen register platform irq =44

Sat, 22 Jun 2019 18:00:06 [line:102] INFO [    2.059014] owen dspi_request_dma 9

Sat, 22 Jun 2019 18:00:06 [line:102] INFO [    2.062724] cs_sck_delay=0

Sat, 22 Jun 2019 18:00:06 [line:102] INFO [    2.065441] pcssck=0, cssck=0

Sat, 22 Jun 2019 18:00:06 [line:102] INFO [    2.068432] pasc=0, asc=0

Sat, 22 Jun 2019 18:00:06 [line:102] INFO [    2.071070] get pcssck=1, cssck=4

Sat, 22 Jun 2019 18:00:06 [line:102] INFO [    2.074839] num_chipselect =4 

Sat, 22 Jun 2019 18:00:06 [line:102] INFO [    2.074842] bus_num =3 

Sat, 22 Jun 2019 18:00:06 [line:102] INFO [    2.078003] fsl-dspi 400c2000.spi: owen register platform irq =45

Sat, 22 Jun 2019 18:00:06 [line:102] INFO [    2.086680] owen dspi_request_dma 9

Sat, 22 Jun 2019 18:00:06 [line:102] INFO [    2.090397] cs_sck_delay=0

Sat, 22 Jun 2019 18:00:06 [line:102] INFO [    2.093114] pcssck=0, cssck=0

Sat, 22 Jun 2019 18:00:06 [line:102] INFO [    2.096105] pasc=0, asc=0

Sat, 22 Jun 2019 18:00:06 [line:102] INFO [    2.098742] get pcssck=1, cssck=4

Sat, 22 Jun 2019 18:00:06 [line:102] INFO [    2.103267] libphy: Fixed MDIO Bus: probed

Sat, 22 Jun 2019 18:00:06 [line:102] INFO [    2.107753] tun: Universal TUN/TAP device driver, 1.6

Sat, 22 Jun 2019 18:00:06 [line:102] INFO [    2.112967] vcan: Virtual CAN interface driver

Sat, 22 Jun 2019 18:00:06 [line:102] INFO [    2.117448] slcan: serial line CAN interface driver

Sat, 22 Jun 2019 18:00:06 [line:102] INFO [    2.122360] slcan: 10 dynamic interface channels.

Sat, 22 Jun 2019 18:00:06 [line:102] INFO [    2.127097] CAN device driver interface

Sat, 22 Jun 2019 18:00:06 [line:102] INFO [    2.131604] flexcan 40055000.flexcan: device registered (reg_base=ffffff800891d000, irq=25)

Sat, 22 Jun 2019 18:00:06 [line:102] INFO [    2.140673] flexcan 400be000.flexcan: device registered (reg_base=ffffff8008925000, irq=43)

Sat, 22 Jun 2019 18:00:06 [line:102] INFO [    2.151293] libphy: fec_enet_mii_bus: probed

Sat, 22 Jun 2019 18:00:06 [line:102] INFO [    2.157694] fec 40032000.ethernet eth0: registered PHC device 0

Sat, 22 Jun 2019 18:00:06 [line:102] INFO [    2.164141] ehci_hcd: USB 2.0 'Enhanced' Host Controller (EHCI) Driver

Sat, 22 Jun 2019 18:00:06 [line:102] INFO [    2.170722] ehci-pci: EHCI PCI platform driver

Sat, 22 Jun 2019 18:00:06 [line:102] INFO [    2.175236] ehci-platform: EHCI generic platform driver

Sat, 22 Jun 2019 18:00:06 [line:102] INFO [    2.180609] ohci_hcd: USB 1.1 'Open' Host Controller (OHCI) Driver

Sat, 22 Jun 2019 18:00:06 [line:102] INFO [    2.186851] ohci-pci: OHCI PCI platform driver

Sat, 22 Jun 2019 18:00:06 [line:102] INFO [    2.191355] ohci-platform: OHCI generic platform driver

Sat, 22 Jun 2019 18:00:06 [line:102] INFO [    2.196986] usbcore: registered new interface driver usb-storage

Sat, 22 Jun 2019 18:00:06 [line:102] INFO [    2.203251] i2c /dev entries driver

Sat, 22 Jun 2019 18:00:06 [line:102] INFO [    2.206824] IR NEC protocol handler initialized

Sat, 22 Jun 2019 18:00:06 [line:102] INFO [    2.211385] IR RC5(x/sz) protocol handler initialized

Sat, 22 Jun 2019 18:00:06 [line:102] INFO [    2.216469] IR RC6 protocol handler initialized

Sat, 22 Jun 2019 18:00:06 [line:102] INFO [    2.221028] IR JVC protocol handler initialized

Sat, 22 Jun 2019 18:00:06 [line:102] INFO [    2.225587] IR Sony protocol handler initialized

Sat, 22 Jun 2019 18:00:06 [line:102] INFO [    2.230234] IR SANYO protocol handler initialized

Sat, 22 Jun 2019 18:00:06 [line:102] INFO [    2.234968] IR Sharp protocol handler initialized

Sat, 22 Jun 2019 18:00:06 [line:102] INFO [    2.239701] IR MCE Keyboard/mouse protocol handler initialized

Sat, 22 Jun 2019 18:00:06 [line:102] INFO [    2.245571] IR XMP protocol handler initialized

Sat, 22 Jun 2019 18:00:06 [line:102] INFO [    2.250419] pps pps0: new PPS source 0.pps.-1

Sat, 22 Jun 2019 18:00:06 [line:102] INFO [    2.254847] pps pps0: Registered IRQ 119 as PPS source

Sat, 22 Jun 2019 18:00:06 [line:102] INFO [    2.260632] sac58r-wdt 4000a000.swt: SAC58R/S32V234 Watchdog Timer Registered. timeout=30s (nowayout=0)

Sat, 22 Jun 2019 18:00:06 [line:102] INFO [    2.270258] sac58r-wdt 4000b000.swt: SAC58R/S32V234 Watchdog Timer Registered. timeout=30s (nowayout=0)

Sat, 22 Jun 2019 18:00:06 [line:102] INFO [    2.279908] sac58r-wdt 40084000.swt: SAC58R/S32V234 Watchdog Timer Registered. timeout=30s (nowayout=0)

Sat, 22 Jun 2019 18:00:06 [line:102] INFO [    2.289558] sac58r-wdt 40085000.swt: SAC58R/S32V234 Watchdog Timer Registered. timeout=30s (nowayout=0)

Sat, 22 Jun 2019 18:00:06 [line:102] INFO [    2.299293] sdhci: Secure Digital Host Controller Interface driver

Sat, 22 Jun 2019 18:00:06 [line:102] INFO [    2.305517] sdhci: Copyright(c) Pierre Ossman

Sat, 22 Jun 2019 18:00:06 [line:102] INFO [    2.309901] sdhci-pltfm: SDHCI platform and OF driver helper

Sat, 22 Jun 2019 18:00:06 [line:102] INFO [    2.362114] mmc0: SDHCI controller on 4005d000.usdhc [4005d000.usdhc] using ADMA

Sat, 22 Jun 2019 18:00:06 [line:102] INFO [    2.369917] usbcore: registered new interface driver usbhid

Sat, 22 Jun 2019 18:00:06 [line:102] INFO [    2.375535] usbhid: USB HID core driver

Sat, 22 Jun 2019 18:00:06 [line:102] INFO [    2.391410] NET: Registered protocol family 10

Sat, 22 Jun 2019 18:00:06 [line:102] INFO [    2.396437] Segment Routing with IPv6

Sat, 22 Jun 2019 18:00:06 [line:102] INFO [    2.400173] sit: IPv6, IPv4 and MPLS over IPv4 tunneling driver

Sat, 22 Jun 2019 18:00:06 [line:102] INFO [    2.406537] NET: Registered protocol family 17

Sat, 22 Jun 2019 18:00:06 [line:102] INFO [    2.411023] can: controller area network core (rev 20170425 abi 9)

Sat, 22 Jun 2019 18:00:06 [line:102] INFO [    2.417287] NET: Registered protocol family 29

Sat, 22 Jun 2019 18:00:06 [line:102] INFO [    2.417720] mmc0: new DDR MMC card at address 0001

Sat, 22 Jun 2019 18:00:06 [line:102] INFO [    2.417985] mmcblk0: mmc0:0001 S0J57X 29.6 GiB 

Sat, 22 Jun 2019 18:00:06 [line:102] INFO [    2.418081] mmcblk0boot0: mmc0:0001 S0J57X partition 1 31.5 MiB

Sat, 22 Jun 2019 18:00:06 [line:102] INFO [    2.418188] mmcblk0boot1: mmc0:0001 S0J57X partition 2 31.5 MiB

Sat, 22 Jun 2019 18:00:06 [line:102] INFO [    2.418271] mmcblk0rpmb: mmc0:0001 S0J57X partition 3 4.00 MiB

Sat, 22 Jun 2019 18:00:06 [line:102] INFO [    2.419135]  mmcblk0: p1 p2 p3 p4

Sat, 22 Jun 2019 18:00:06 [line:102] INFO [    2.419382] mmcblk0: p4 size 1755107328 extends beyond EOD, truncated

Sat, 22 Jun 2019 18:00:06 [line:102] INFO [    2.458762] can: raw protocol (rev 20170425)

Sat, 22 Jun 2019 18:00:06 [line:102] INFO [    2.463060] can: broadcast manager protocol (rev 20170425 t)

Sat, 22 Jun 2019 18:00:06 [line:102] INFO [    2.468762] can: netlink gateway (rev 20170425) max_hops=1

Sat, 22 Jun 2019 18:00:06 [line:102] INFO [    2.474327] Key type dns_resolver registered

Sat, 22 Jun 2019 18:00:06 [line:102] INFO [    2.479068] registered taskstats version 1

Sat, 22 Jun 2019 18:00:06 [line:102] INFO [    2.486592] i2c i2c-0: IMX I2C adapter registered

Sat, 22 Jun 2019 18:00:06 [line:102] INFO [    2.491364] i2c i2c-0: using dma0chan2 (tx) and dma0chan3 (rx) for DMA transfers

Sat, 22 Jun 2019 18:00:06 [line:102] INFO [    2.499614] sii902x 1-0039: cound not find device

Sat, 22 Jun 2019 18:00:06 [line:102] INFO [    2.504370] sii902x: probe of 1-0039 failed with error -11

Sat, 22 Jun 2019 18:00:06 [line:102] INFO [    2.510029] i2c i2c-1: IMX I2C adapter registered

Sat, 22 Jun 2019 18:00:06 [line:102] INFO [    2.514795] i2c i2c-1: using dma0chan20 (tx) and dma0chan21 (rx) for DMA transfers

Sat, 22 Jun 2019 18:00:06 [line:102] INFO [    2.522929] i2c i2c-2: IMX I2C adapter registered

Sat, 22 Jun 2019 18:00:06 [line:102] INFO [    2.527700] i2c i2c-2: using dma0chan22 (tx) and dma0chan23 (rx) for DMA transfers

Sat, 22 Jun 2019 18:00:06 [line:102] INFO [    2.535395] hctosys: unable to open rtc device (rtc0)

Sat, 22 Jun 2019 18:00:06 [line:102] INFO [    2.545422] EXT4-fs (mmcblk0p2): couldn't mount as ext3 due to feature incompatibilities

Sat, 22 Jun 2019 18:00:06 [line:102] INFO [    2.565018] EXT4-fs (mmcblk0p2): recovery complete

Sat, 22 Jun 2019 18:00:06 [line:102] INFO [    2.570244] EXT4-fs (mmcblk0p2): mounted filesystem with ordered data mode. Opts: (null)

Sat, 22 Jun 2019 18:00:06 [line:102] INFO [    2.577996] VFS: Mounted root (ext4 filesystem) on device 179:2.

Sat, 22 Jun 2019 18:00:06 [line:102] INFO [    2.584325] devtmpfs: mounted

Sat, 22 Jun 2019 18:00:06 [line:102] INFO [    2.587131] Freeing unused kernel memory: 384K

Sat, 22 Jun 2019 18:00:06 [line:102] INFO INIT: version 2.88 booting

Sat, 22 Jun 2019 18:00:07 [line:102] INFO Starting udev

Sat, 22 Jun 2019 18:00:07 [line:102] INFO [    2.912974] udevd[791]: starting version 3.2.2

Sat, 22 Jun 2019 18:00:07 [line:102] INFO [    2.947006] udevd[792]: starting eudev-3.2.2

Sat, 22 Jun 2019 18:00:07 [line:102] INFO [    3.023169] 

Sat, 22 Jun 2019 18:00:07 [line:102] INFO [    3.023169] [I]6<BS_LOG><smi_gyro_probe><1642>function entrance

Sat, 22 Jun 2019 18:00:07 [line:102] INFO [    3.156641] smi130_gyro 1-0068: I2C xfer error

Sat, 22 Jun 2019 18:00:07 [line:102] INFO [    3.160751] 

Sat, 22 Jun 2019 18:00:07 [line:102] INFO [    3.160751] [I]6<BS_LOG><smi_gyro_check_chip_id><392>read chip id result: 0x0

Sat, 22 Jun 2019 18:00:07 [line:102] INFO [    3.287802] smi130_gyro 1-0068: I2C xfer error

Sat, 22 Jun 2019 18:00:07 [line:102] INFO [    3.291901] 

Sat, 22 Jun 2019 18:00:07 [line:102] INFO [    3.291901] [I]6<BS_LOG><smi_gyro_check_chip_id><392>read chip id result: 0x0

Sat, 22 Jun 2019 18:00:07 [line:102] INFO [    3.418188] smi130_gyro 1-0068: I2C xfer error

Sat, 22 Jun 2019 18:00:07 [line:102] INFO [    3.422275] 

Sat, 22 Jun 2019 18:00:07 [line:102] INFO [    3.422275] [I]6<BS_LOG><smi_gyro_check_chip_id><392>read chip id result: 0x0

Sat, 22 Jun 2019 18:00:07 [line:102] INFO [    3.548570] smi130_gyro 1-0068: I2C xfer error

Sat, 22 Jun 2019 18:00:07 [line:102] INFO [    3.552656] 

Sat, 22 Jun 2019 18:00:07 [line:102] INFO [    3.552656] [I]6<BS_LOG><smi_gyro_check_chip_id><392>read chip id result: 0x0

Sat, 22 Jun 2019 18:00:07 [line:102] INFO [    3.678947] smi130_gyro 1-0068: I2C xfer error

Sat, 22 Jun 2019 18:00:07 [line:102] INFO [    3.683036] 

Sat, 22 Jun 2019 18:00:07 [line:102] INFO [    3.683036] [I]6<BS_LOG><smi_gyro_check_chip_id><392>read chip id result: 0x0

Sat, 22 Jun 2019 18:00:07 [line:102] INFO [    3.692696] 

Sat, 22 Jun 2019 18:00:07 [line:102] INFO [    3.692696] [E]3<BS_LOG><smi_gyro_probe><1663>Bosch Sensortec Device not found, chip id mismatch

Sat, 22 Jun 2019 18:00:07 [line:102] INFO [    3.702684] smi130_gyro: probe of 1-0068 failed with error -1

Sat, 22 Jun 2019 18:00:07 [line:102] INFO [    3.708529] 

Sat, 22 Jun 2019 18:00:07 [line:102] INFO [    3.708529] [I]6<BS_LOG><smi130_acc_probe><7022>smi130_acc_probe start

Sat, 22 Jun 2019 18:00:07 [line:102] INFO [    3.708529] 

Sat, 22 Jun 2019 18:00:08 [line:102] INFO [    3.834574] 

Sat, 22 Jun 2019 18:00:08 [line:102] INFO [    3.834574] [E]3<BS_LOG><smi130_acc_smbus_read_byte><1748>I2C xfer error

Sat, 22 Jun 2019 18:00:08 [line:102] INFO [    3.842476] 

Sat, 22 Jun 2019 18:00:08 [line:102] INFO [    3.842476] [E]3<BS_LOG><smi130_acc_check_chip_id><1907>Bosch Sensortec Device not found

Sat, 22 Jun 2019 18:00:08 [line:102] INFO [    3.842476] 

Sat, 22 Jun 2019 18:00:08 [line:102] INFO [    3.842476] i2c bus read error, read chip_id:0

Sat, 22 Jun 2019 18:00:08 [line:102] INFO [    3.842476] 

Sat, 22 Jun 2019 18:00:08 [line:102] INFO [    3.976099] 

Sat, 22 Jun 2019 18:00:08 [line:102] INFO [    3.976099] [E]3<BS_LOG><smi130_acc_smbus_read_byte><1748>I2C xfer error

Sat, 22 Jun 2019 18:00:08 [line:102] INFO [    3.983996] 

Sat, 22 Jun 2019 18:00:08 [line:102] INFO [    3.983996] [E]3<BS_LOG><smi130_acc_check_chip_id><1907>Bosch Sensortec Device not found

Sat, 22 Jun 2019 18:00:08 [line:102] INFO [    3.983996] 

Sat, 22 Jun 2019 18:00:08 [line:102] INFO [    3.983996] i2c bus read error, read chip_id:0

Sat, 22 Jun 2019 18:00:08 [line:102] INFO [    3.983996] 

Sat, 22 Jun 2019 18:00:08 [line:102] INFO [    4.117596] 

Sat, 22 Jun 2019 18:00:08 [line:102] INFO [    4.117596] [E]3<BS_LOG><smi130_acc_smbus_read_byte><1748>I2C xfer error

Sat, 22 Jun 2019 18:00:08 [line:102] INFO [    4.125497] 

Sat, 22 Jun 2019 18:00:08 [line:102] INFO [    4.125497] [E]3<BS_LOG><smi130_acc_check_chip_id><1907>Bosch Sensortec Device not found

Sat, 22 Jun 2019 18:00:08 [line:102] INFO [    4.125497] 

Sat, 22 Jun 2019 18:00:08 [line:102] INFO [    4.125497] i2c bus read error, read chip_id:0

Sat, 22 Jun 2019 18:00:08 [line:102] INFO [    4.125497] 

Sat, 22 Jun 2019 18:00:08 [line:102] INFO [    4.259092] 

Sat, 22 Jun 2019 18:00:08 [line:102] INFO [    4.259092] [E]3<BS_LOG><smi130_acc_smbus_read_byte><1748>I2C xfer error

Sat, 22 Jun 2019 18:00:08 [line:102] INFO [    4.266987] 

Sat, 22 Jun 2019 18:00:08 [line:102] INFO [    4.266987] [E]3<BS_LOG><smi130_acc_check_chip_id><1907>Bosch Sensortec Device not found

Sat, 22 Jun 2019 18:00:08 [line:102] INFO [    4.266987] 

Sat, 22 Jun 2019 18:00:08 [line:102] INFO [    4.266987] i2c bus read error, read chip_id:0

Sat, 22 Jun 2019 18:00:08 [line:102] INFO [    4.266987] 

Sat, 22 Jun 2019 18:00:08 [line:102] INFO [    4.400596] 

Sat, 22 Jun 2019 18:00:08 [line:102] INFO [    4.400596] [E]3<BS_LOG><smi130_acc_smbus_read_byte><1748>I2C xfer error

Sat, 22 Jun 2019 18:00:08 [line:102] INFO [    4.408493] 

Sat, 22 Jun 2019 18:00:08 [line:102] INFO [    4.408493] [E]3<BS_LOG><smi130_acc_check_chip_id><1907>Bosch Sensortec Device not found

Sat, 22 Jun 2019 18:00:08 [line:102] INFO [    4.408493] 

Sat, 22 Jun 2019 18:00:08 [line:102] INFO [    4.408493] i2c bus read error, read chip_id:0

Sat, 22 Jun 2019 18:00:08 [line:102] INFO [    4.408493] 

Sat, 22 Jun 2019 18:00:08 [line:102] INFO [    4.547106] 

Sat, 22 Jun 2019 18:00:08 [line:102] INFO [    4.547106] [E]3<BS_LOG><smi130_acc_smbus_write_byte><1809>I2C xfer error

Sat, 22 Jun 2019 18:00:08 [line:102] INFO [    4.555088] 

Sat, 22 Jun 2019 18:00:08 [line:102] INFO [    4.555088] [E]3<BS_LOG><smi130_acc_probe><7044>i2c bus write error, pls check HW connection

Sat, 22 Jun 2019 18:00:08 [line:102] INFO [    4.555088] 

Sat, 22 Jun 2019 18:00:08 [line:102] INFO [    4.566527] smi130_acc: probe of 1-0018 failed with error -22

Sat, 22 Jun 2019 18:00:08 [line:102] INFO [    4.612073] loading NXP PHY driver: [autonomous mode]

Sat, 22 Jun 2019 18:00:08 [line:102] INFO [    4.691141] sja1105pqrs: loading out-of-tree module taints kernel.

Sat, 22 Jun 2019 18:00:08 [line:102] INFO [    4.698554] sja1105pqrs spi0.0: Loading SJA1105P SPI driver

Sat, 22 Jun 2019 18:00:08 [line:102] INFO [    4.703787] cs_sck_delay=100

Sat, 22 Jun 2019 18:00:08 [line:102] INFO [    4.706630] pcssck=3, cssck=0

Sat, 22 Jun 2019 18:00:08 [line:102] INFO [    4.709560] pasc=3, asc=0

Sat, 22 Jun 2019 18:00:08 [line:102] INFO [    4.712164] get pcssck=1, cssck=4

Sat, 22 Jun 2019 18:00:08 [line:102] INFO [    4.715497] eoq_write 8

Sat, 22 Jun 2019 18:00:08 [line:102] INFO [    4.715520] owen dspi_eoq_read rx_bytes_count = 8, rx_frames_count = 4

Sat, 22 Jun 2019 18:00:08 [line:102] INFO [    4.715523] 		88

Sat, 22 Jun 2019 18:00:08 [line:102] INFO [    4.715525] 		38

Sat, 22 Jun 2019 18:00:08 [line:102] INFO [    4.715526] 		e1

Sat, 22 Jun 2019 18:00:08 [line:102] INFO [    4.715527] 		9

Sat, 22 Jun 2019 18:00:08 [line:102] INFO [    4.715528] 		80

Sat, 22 Jun 2019 18:00:08 [line:102] INFO [    4.715529] 		ff

Sat, 22 Jun 2019 18:00:08 [line:102] INFO [    4.715531] 		ff

Sat, 22 Jun 2019 18:00:08 [line:102] INFO [    4.715532] 		ff

Sat, 22 Jun 2019 18:00:08 [line:102] INFO [    4.715533] 

Sat, 22 Jun 2019 18:00:09 [line:102] INFO [    4.740311] sja1105pqrs spi0.0: SJA1105P invalid Device Id, is 00000000

Sat, 22 Jun 2019 18:00:09 [line:102] INFO [    4.746882] sja1105pqrs spi0.0: SJA1105P SPI Failed to read Device Id

Sat, 22 Jun 2019 18:00:09 [line:102] INFO [    4.753351] sja1105pqrs spi0.5: Loading SJA1105P SPI driver

Sat, 22 Jun 2019 18:00:09 [line:102] INFO [    4.758824] cs_sck_delay=100

Sat, 22 Jun 2019 18:00:09 [line:102] INFO [    4.761667] pcssck=3, cssck=0

Sat, 22 Jun 2019 18:00:09 [line:102] INFO [    4.764621] pasc=3, asc=0

Sat, 22 Jun 2019 18:00:09 [line:102] INFO [    4.767214] get pcssck=1, cssck=4

Sat, 22 Jun 2019 18:00:09 [line:102] INFO [    4.770532] eoq_write 8

Sat, 22 Jun 2019 18:00:09 [line:102] INFO [    4.770549] owen dspi_eoq_read rx_bytes_count = 8, rx_frames_count = 4

Sat, 22 Jun 2019 18:00:09 [line:102] INFO [    4.770551] 		88

Sat, 22 Jun 2019 18:00:09 [line:102] INFO [    4.770552] 		38

Sat, 22 Jun 2019 18:00:09 [line:102] INFO [    4.770553] 		e1

Sat, 22 Jun 2019 18:00:09 [line:102] INFO [    4.770554] 		9

Sat, 22 Jun 2019 18:00:09 [line:102] INFO [    4.770556] 		80

Sat, 22 Jun 2019 18:00:09 [line:102] INFO [    4.770557] 		ff

Sat, 22 Jun 2019 18:00:09 [line:102] INFO [    4.770558] 		ff

Sat, 22 Jun 2019 18:00:09 [line:102] INFO [    4.770559] 		ff

Sat, 22 Jun 2019 18:00:09 [line:102] INFO [    4.770560] 

Sat, 22 Jun 2019 18:00:09 [line:102] INFO [    4.795383] sja1105pqrs spi0.5: SJA1105P invalid Device Id, is 00000000

Sat, 22 Jun 2019 18:00:09 [line:102] INFO [    4.801931] sja1105pqrs spi0.5: SJA1105P SPI Failed to read Device Id

Sat, 22 Jun 2019 18:00:09 [line:102] INFO [    4.828595] EXT4-fs (mmcblk0p2): re-mounted. Opts: (null)

Sat, 22 Jun 2019 18:00:10 [line:102] INFO speed 38400 baud; rows 0; columns 0; line = 0;

Sat, 22 Jun 2019 18:00:10 [line:102] INFO intr = ^C; quit = ^\; erase = ^?; kill = ^U; eof = ^D; eol = <undef>;

Sat, 22 Jun 2019 18:00:10 [line:102] INFO eol2 = <undef>; swtch = <undef>; start = ^Q; stop = ^S; susp = ^Z; rprnt = ^R;

Sat, 22 Jun 2019 18:00:10 [line:102] INFO werase = ^W; lnext = ^V; discard = ^O; min = 1; time = 0;

Sat, 22 Jun 2019 18:00:10 [line:102] INFO -parenb -parodd -cmspar cs8 hupcl -cstopb cread clocal -crtscts

Sat, 22 Jun 2019 18:00:10 [line:102] INFO -ignbrk -brkint -ignpar -parmrk -inpck -istrip -inlcr -igncr icrnl ixon -ixoff

Sat, 22 Jun 2019 18:00:10 [line:102] INFO -iuclc -ixany -imaxbel -iutf8

Sat, 22 Jun 2019 18:00:10 [line:102] INFO opost -olcuc -ocrnl onlcr -onocr -onlret -ofill -ofdel nl0 cr0 tab0 bs0 vt0 ff0

Sat, 22 Jun 2019 18:00:10 [line:102] INFO isig icanon iexten echo echoe echok -echonl -noflsh -xcase -tostop -echoprt

Sat, 22 Jun 2019 18:00:10 [line:102] INFO echoctl echoke -flusho -extproc

Sat, 22 Jun 2019 18:00:11 [line:102] INFO [    7.071078] IPv6: ADDRCONF(NETDEV_CHANGE): can0: link becomes ready

Sat, 22 Jun 2019 18:00:11 [line:102] INFO [    7.080347] IPv6: ADDRCONF(NETDEV_CHANGE): can1: link becomes ready

Sat, 22 Jun 2019 18:00:13 [line:102] INFO 1970-01-01T00:00:09Z chronyd version 2.4 starting (+CMDMON +NTP +REFCLOCK +RTC -PRIVDROP -SCFILTER -SECHASH +ASYNCDNS +IPV6 -DEBUG)

Sat, 22 Jun 2019 18:00:13 [line:102] INFO 1970-01-01T00:00:09Z Setting filter length for PPS0 to 1

Sat, 22 Jun 2019 18:00:13 [line:102] INFO 1970-01-01T00:00:09Z Could not create directory /var/log : File exists

Sat, 22 Jun 2019 18:00:13 [line:102] INFO 1970-01-01T00:00:09Z Couldn't open logfile /var/log/chrony/tracking.log for update

Sat, 22 Jun 2019 18:00:15 [line:102] INFO [   11.106213] pcieport 0000:00:00.0: BAR 8: assigned [mem 0x72200000-0x722fffff]

Sat, 22 Jun 2019 18:00:15 [line:102] INFO [   11.113083] pci 0000:01:00.0: BAR 0: assigned [mem 0x72200000-0x72200fff 64bit]

Sat, 22 Jun 2019 18:00:15 [line:102] INFO [   11.120373] pci 0000:01:00.0: BAR 2: assigned [mem 0x72201000-0x72201fff 64bit]

Sat, 22 Jun 2019 18:00:15 [line:102] INFO [   11.127791] mhi 0000:01:00.0: BAR 0: assigned [mem 0x72200000-0x72200fff 64bit]

Sat, 22 Jun 2019 18:00:15 [line:102] INFO [   11.134917] mhi 0000:01:00.0: enabling device (0000 -> 0002)

Sat, 22 Jun 2019 18:00:15 [line:102] INFO 00:00.0 PCI bridge: Freescale Semiconductor Inc Device 4001 (rev 01)

Sat, 22 Jun 2019 18:00:15 [line:102] INFO 01:00.0 Unassigned class [ff00]: Qualcomm Device 0302

Sat, 22 Jun 2019 18:00:16 [line:102] INFO   Service Version Instance Node  Port

Sat, 22 Jun 2019 18:00:16 [line:102] INFO        10       2        0    3    55 Card Application Toolkit service (v2)

Sat, 22 Jun 2019 18:00:16 [line:102] INFO        41       1        1    3    29 RF radiated performance enhancement service

Sat, 22 Jun 2019 18:00:16 [line:102] INFO        42       1        0    3    58 Data system determination service

Sat, 22 Jun 2019 18:00:16 [line:102] INFO         9       2        0    3    45 Voice service

Sat, 22 Jun 2019 18:00:16 [line:102] INFO        34       1        0    3    32 Coexistence service

Sat, 22 Jun 2019 18:00:16 [line:102] INFO        48       1        0    3    61 <unknown>

Sat, 22 Jun 2019 18:00:16 [line:102] INFO        47       1        0    3    48 <unknown>

Sat, 22 Jun 2019 18:00:16 [line:102] INFO        21       1        0    3     9 Modem embedded file system service

Sat, 22 Jun 2019 18:00:16 [line:102] INFO        26       1        0    3    51 Wireless data administrative service

Sat, 22 Jun 2019 18:00:16 [line:102] INFO      4097       3        0    3    25 DIAG service

Sat, 22 Jun 2019 18:00:16 [line:102] INFO        22       1        0    3    12 Time service

Sat, 22 Jun 2019 18:00:16 [line:102] INFO        29       1        0    3    54 Circuit switched videotelephony service

Sat, 22 Jun 2019 18:00:16 [line:102] INFO        55       1        2    3    41 <unknown>

Sat, 22 Jun 2019 18:00:16 [line:102] INFO        17       1        0    3    28 Service access proxy service

Sat, 22 Jun 2019 18:00:16 [line:102] INFO        49       1        2    3    15 IPA control service

Sat, 22 Jun 2019 18:00:16 [line:102] INFO        11       1        0    3    57 User Identity Module service

Sat, 22 Jun 2019 18:00:16 [line:102] INFO        25       1        0    3    44 Service access proxy service

Sat, 22 Jun 2019 18:00:16 [line:102] INFO        54       1        0    3    18 <unknown>

Sat, 22 Jun 2019 18:00:16 [line:102] INFO         2       1        0    3    60 Device Management Service

Sat, 22 Jun 2019 18:00:16 [line:102] INFO        12       1        0    3    47 Phonebook Management service

Sat, 22 Jun 2019 18:00:16 [line:102] INFO      4097       1        0    3    21 DIAG service

Sat, 22 Jun 2019 18:00:16 [line:102] INFO       227       1        0    3     8 <unknown>

Sat, 22 Jun 2019 18:00:16 [line:102] INFO        16       2        0    3    63 Location service (~ PDS v2)

Sat, 22 Jun 2019 18:00:16 [line:102] INFO         4       1        0    3    50 Quality Of Service service

Sat, 22 Jun 2019 18:00:16 [line:102] INFO        23       1        0    3    11 Thermal sensors service

Sat, 22 Jun 2019 18:00:16 [line:102] INFO        71       1        0    3    66 <unknown>

Sat, 22 Jun 2019 18:00:16 [line:102] INFO         8       1        0    3    53 AT service

Sat, 22 Jun 2019 18:00:16 [line:102] INFO        36       1        0    3    14 Persistent device configuration service

Sat, 22 Jun 2019 18:00:16 [line:102] INFO        66       1      165    3     1 Service registry notification service

Sat, 22 Jun 2019 18:00:16 [line:102] INFO        43       2       34    3     4 Subsystem control service

Sat, 22 Jun 2019 18:00:16 [line:102] INFO         5       1        0    3    59 Wireless Messaging Service

Sat, 22 Jun 2019 18:00:16 [line:102] INFO         3       1        0    3    46 Network Access Service

Sat, 22 Jun 2019 18:00:16 [line:102] INFO        15       1        0    3     7 Test service

Sat, 22 Jun 2019 18:00:16 [line:102] INFO        68       1        0    3    62 <unknown>

Sat, 22 Jun 2019 18:00:16 [line:102] INFO         1       1        0    3    49 Wireless Data Service

Sat, 22 Jun 2019 18:00:16 [line:102] INFO        24       1        0    3    10 Thermal mitigation device service

Sat, 22 Jun 2019 18:00:16 [line:102] INFO         7       1        0    3    52 Authentication service

Sat, 22 Jun 2019 18:00:16 [line:102] INFO      4096       2        0    1    32 <unknown>

Sat, 22 Jun 2019 18:00:16 [line:102] INFO      4097       4        0    1     6 DIAG service

Sat, 22 Jun 2019 18:00:16 [line:102] INFO      4096       5        0    1    35 <unknown>

Sat, 22 Jun 2019 18:00:16 [line:102] INFO      4097      68        0    1     9 DIAG service

Sat, 22 Jun 2019 18:00:16 [line:102] INFO      4096       8        0    1    38 <unknown>

Sat, 22 Jun 2019 18:00:16 [line:102] INFO      4097     132        0    1    12 DIAG service

Sat, 22 Jun 2019 18:00:16 [line:102] INFO      4097     196        0    1    15 DIAG service

Sat, 22 Jun 2019 18:00:16 [line:102] INFO      4096       1        0    1    31 <unknown>

Sat, 22 Jun 2019 18:00:16 [line:102] INFO      4097       2        0    1     5 DIAG service

Sat, 22 Jun 2019 18:00:16 [line:102] INFO      4096       4        0    1    34 <unknown>

Sat, 22 Jun 2019 18:00:16 [line:102] INFO      4097      66        0    1     8 DIAG service

Sat, 22 Jun 2019 18:00:16 [line:102] INFO      4096       7        0    1    37 <unknown>

Sat, 22 Jun 2019 18:00:16 [line:102] INFO      4097     130        0    1    11 DIAG service

Sat, 22 Jun 2019 18:00:16 [line:102] INFO      4097     194        0    1    14 DIAG service

Sat, 22 Jun 2019 18:00:16 [line:102] INFO        28       1        1    1     1 Remote file system access service

Sat, 22 Jun 2019 18:00:16 [line:102] INFO       228       1        0    1    56 <unknown>

Sat, 22 Jun 2019 18:00:16 [line:102] INFO        49       1        1    1    17 IPA control service

Sat, 22 Jun 2019 18:00:16 [line:102] INFO      4097       0        0    1     4 DIAG service

Sat, 22 Jun 2019 18:00:16 [line:102] INFO      4096       3        0    1    33 <unknown>

Sat, 22 Jun 2019 18:00:16 [line:102] INFO      4097      64        0    1     7 DIAG service

Sat, 22 Jun 2019 18:00:16 [line:102] INFO        55       1        1    1    75 <unknown>

Sat, 22 Jun 2019 18:00:16 [line:102] INFO      4096       6        0    1    36 <unknown>

Sat, 22 Jun 2019 18:00:16 [line:102] INFO      4097     128        0    1    10 DIAG service

Sat, 22 Jun 2019 18:00:16 [line:102] INFO      4097     192        0    1    13 DIAG service

Sat, 22 Jun 2019 18:00:18 [line:102] INFO  €   '   rmnet_data0 Link encap:UNSPEC  HWaddr 00-00-00-00-00-00-00-00-00-00-00-00-00-00-00-00  

Sat, 22 Jun 2019 18:00:18 [line:102] INFO           [NO FLAGS]  MTU:1500  Metric:1

Sat, 22 Jun 2019 18:00:18 [line:102] INFO           RX packets:0 errors:0 dropped:0 overruns:0 frame:0

Sat, 22 Jun 2019 18:00:18 [line:102] INFO           TX packets:0 errors:0 dropped:0 overruns:0 carrier:0

Sat, 22 Jun 2019 18:00:18 [line:102] INFO           collisions:0 txqueuelen:1000 

Sat, 22 Jun 2019 18:00:18 [line:102] INFO           RX bytes:0 (0.0 B)  TX bytes:0 (0.0 B)

Sat, 22 Jun 2019 18:00:18 [line:102] INFO 

Sat, 22 Jun 2019 18:00:18 [line:102] INFO rmnet_data1 Link encap:UNSPEC  HWaddr 00-00-00-00-00-00-00-00-00-00-00-00-00-00-00-00  

Sat, 22 Jun 2019 18:00:18 [line:102] INFO           [NO FLAGS]  MTU:1500  Metric:1

Sat, 22 Jun 2019 18:00:18 [line:102] INFO           RX packets:0 errors:0 dropped:0 overruns:0 frame:0

Sat, 22 Jun 2019 18:00:18 [line:102] INFO           TX packets:0 errors:0 dropped:0 overruns:0 carrier:0

Sat, 22 Jun 2019 18:00:18 [line:102] INFO           collisions:0 txqueuelen:1000 

Sat, 22 Jun 2019 18:00:18 [line:102] INFO           RX bytes:0 (0.0 B)  TX bytes:0 (0.0 B)

Sat, 22 Jun 2019 18:00:18 [line:102] INFO 

Sat, 22 Jun 2019 18:00:18 [line:102] INFO  €   '   [I][main:236] Starting the CV2X Daemon

Sat, 22 Jun 2019 18:00:18 [line:102] INFO [I][start_v2x_mode:52] Starting V2X mode

Sat, 22 Jun 2019 18:00:18 [line:102] INFO [I][init_qmi_services:381] Initialized QMI clients

Sat, 22 Jun 2019 18:00:18 [line:102] INFO [D][register_nas_callback:410] Command QMI_NAS_INDICATION_REGISTER_REQ_MSG_V01 successful

Sat, 22 Jun 2019 18:00:18 [line:102] INFO [I][register_nas_callback:411] Registered NAS callback

Sat, 22 Jun 2019 18:00:18 [line:102] INFO [D][register_wds_callback:441] Command QMI_WDS_INDICATION_REGISTER_REQ_V01 successful

Sat, 22 Jun 2019 18:00:18 [line:102] INFO [I][register_wds_callback:442] Registered WDS callback

Sat, 22 Jun 2019 18:00:18 [line:102] INFO [D][get_v2x_radio_status:462] Command QMI_NAS_GET_V2X_STATUS_REQ_MSG_V01 successful

Sat, 22 Jun 2019 18:00:18 [line:102] INFO [I][get_v2x_radio_status:467] Read V2X radio status

Sat, 22 Jun 2019 18:00:18 [line:102] INFO [I][start_v2x_mode:72] Starting V2X radio

Sat, 22 Jun 2019 18:00:18 [line:102] INFO [D][wds_callback:286] Received QMI_WDS_V2X_SRC_L2_INFO_IND_V01

Sat, 22 Jun 2019 18:00:18 [line:102] INFO [I][wds_callback:288] l2_addr=0x88aa01

Sat, 22 Jun 2019 18:00:18 [line:102] INFO [D][start_v2x_radio:487] Command QMI_NAS_V2   14.393551] cv2x-qmi: V2X mode started

Sat, 22 Jun 2019 18:00:18 [line:102] INFO X_START_REQ_MSG_V01 successful

Sat, 22 Jun 2019 18:00:18 [line:102] INFO [I][start_v2x_radio:488] Started V2X radio

Sat, 22 Jun 2019 18:00:18 [line:102] INFO [I][nas_callback:170] tx_status=2, rx_status=2, tx_cause=0, rx_cause=0

Sat, 22 Jun 2019 18:00:18 [line:102] INFO [D][nas_callback:173] cbr_value=-1

Sat, 22 Jun 2019 18:00:18 [line:102] INFO [D][setup_v2x_profiles:571] Found 3 APN profiles

Sat, 22 Jun 2019 18:00:18 [line:102] INFO [I][setup_v2x_profiles:579] Found V2X_IP profile, idx=2, name=v2x_ip

Sat, 22 Jun 2019 18:00:18 [line:102] INFO [I][setup_v2x_profiles:584] Found V2X_NON_IP profile, idx=3, name=v2x_non_ip

Sat, 22 Jun 2019 18:00:18 [line:102] INFO [I][setup_v2x_profiles:614] APN profiles setup done

Sat, 22 Jun 2019 18:00:18 [line:102] INFO [D][start_dsi_library:700] Call to initialize DSI library succeeded

Sat, 22 Jun 2019 18:00:18 [line:102] INFO [E][start_dsi_service:789] Data services not available yet, wait for 1s and retry

Sat, 22 Jun 2019 18:00:19 [line:102] INFO [D][dsi_netctrl_inited_cb:689] DSI library initialized

Sat, 22 Jun 2019 18:00:19 [line:102] INFO [I][start_dsi_service:786] Started data services successfully, handle=491371824

Sat, 22 Jun 2019 18:00:19 [line:102] INFO [I][start_dsi_service:786] Started data services successfully, handle=491373744

Sat, 22 Jun 2019 18:00:20 [line:102] INFO [I][dsi_netctrl_event_cb:729] Received DSI_EVT_WDS_CONNECTED: network_type=0

Sat, 22 Jun 2019 18:00:20 [line:102] INFO [I][dsi_netctrl_event_cb:732] Received DSI_EVT_   15.907748] cv2x-qmi: V2X IP call is online

Sat, 22 Jun 2019 18:00:20 [line:102] INFO NET_IS_CONN: network_type=0 is online

Sat, 22 Jun 2019 18:00:20 [line:102] INFO [D][register_wds_callback:441] Command QMI_WDS_INDICATION_REGISTER_REQ_V01 successful

Sat, 22 Jun 2019 18:00:20 [line:102] INFO [I][register_wds_callback:442] Registered WDS callback

Sat, 22 Jun 2019 18:00:20 [line:102] INFO [D][set_ip_preference_ipv6:630] Command QMI_WDS_SET_CLIENT_IP_FAMILY_PREF_REQ_V01 successful

Sat, 22 Jun 2019 18:00:20 [line:102] INFO  €   '   [I][dsi_netctrl_event_cb:729] Received DSI_EVT_WDS_CONNECTED: network_type=1

Sat, 22 Jun 2019 18:00:20 [line:102] INFO [I][dsi_netctrl_event_cb:732] Received DSI_EVT_N   16.394506] cv2x-qmi: V2X Non-IP call is online

Sat, 22 Jun 2019 18:00:20 [line:102] INFO ET_IS_CONN: network_type=1 is online

Sat, 22 Jun 2019 18:00:20 [line:102] INFO [D][register_wds_callback:441] Command QMI_WDS_INDICATION_REGISTER_REQ_V01 successful

Sat, 22 Jun 2019 18:00:20 [line:102] INFO [I][register_wds_callback:442] Registered WDS callback

Sat, 22 Jun 2019 18:00:20 [line:102] INFO [D][set_ip_preference_ipv6:630] Command QMI_WDS_SET_CLIENT_IP_FAMILY_PREF_REQ_V01 successful

Sat, 22 Jun 2019 18:00:20 [line:102] INFO [I][start_v2x_mode:111] V2X mode started

Sat, 22 Jun 2019 18:00:28 [line:102] INFO  €   '   rmnet_data0 Link encap:UNSPEC  HWaddr 00-00-00-00-00-00-00-00-00-00-00-00-00-00-00-00  

Sat, 22 Jun 2019 18:00:28 [line:102] INFO           inet6 addr: fe80::37a9:b98f:7888:aa01/64 Scope:Link

Sat, 22 Jun 2019 18:00:28 [line:102] INFO           UP RUNNING  MTU:1500  Metric:1

Sat, 22 Jun 2019 18:00:28 [line:102] INFO           RX packets:0 errors:0 dropped:0 overruns:0 frame:0

Sat, 22 Jun 2019 18:00:28 [line:102] INFO           TX packets:6 errors:0 dropped:0 overruns:0 carrier:0

Sat, 22 Jun 2019 18:00:28 [line:102] INFO           collisions:0 txqueuelen:1000 

Sat, 22 Jun 2019 18:00:28 [line:102] INFO           RX bytes:0 (0.0 B)  TX bytes:400 (400.0 B)

Sat, 22 Jun 2019 18:00:28 [line:102] INFO 

Sat, 22 Jun 2019 18:00:28 [line:102] INFO rmnet_data1 Link encap:UNSPEC  HWaddr 00-00-00-00-00-00-00-00-00-00-00-00-00-00-00-00  

Sat, 22 Jun 2019 18:00:28 [line:102] INFO           inet6 addr: 80f8:f80:f80f:80f8:e8bb:8ea:93a7:be1a/64 Scope:Global

Sat, 22 Jun 2019 18:00:28 [line:102] INFO           UP RUNNING  MTU:8188  Metric:1

Sat, 22 Jun 2019 18:00:28 [line:102] INFO           RX packets:0 errors:0 dropped:0 overruns:0 frame:0

Sat, 22 Jun 2019 18:00:28 [line:102] INFO           TX packets:2 errors:0 dropped:0 overruns:0 carrier:0

Sat, 22 Jun 2019 18:00:28 [line:102] INFO           collisions:0 txqueuelen:1000 

Sat, 22 Jun 2019 18:00:28 [line:102] INFO           RX bytes:0 (0.0 B)  TX bytes:152 (152.0 B)

Sat, 22 Jun 2019 18:00:28 [line:102] INFO 

Sat, 22 Jun 2019 18:00:28 [line:102] INFO [I][init_qmi_services:381] Initialized QMI clients

Sat, 22 Jun 2019 18:00:28 [line:102] INFO [I][get_v2x_radio_status:467] Read V2X radio status

Sat, 22 Jun 2019 18:00:28 [line:102] INFO V2X rx_status=2, tx_status=2

Sat, 22 Jun 2019 18:00:28 [line:102] INFO [I][deinit_qmi_services:392] De-initialized QMI clients

Sat, 22 Jun 2019 18:00:29 [line:102] INFO Tue Jun 18 11:39:53 UTC 2019

Sat, 22 Jun 2019 18:00:29 [line:102] INFO INIT: Entering runlevel: 5

Sat, 22 Jun 2019 18:00:29 [line:102] INFO Configuring network interfaces... [   25.649057] Generic PHY fixed-0:00: attached PHY driver [Generic PHY] (mii_bus:phy_addr=fixed-0:00, irq=POLL)

Sat, 22 Jun 2019 18:00:29 [line:102] INFO [   25.658735] IPv6: ADDRCONF(NETDEV_UP): eth0: link is not ready

Sat, 22 Jun 2019 18:00:29 [line:102] INFO done.

Sat, 22 Jun 2019 18:00:30 [line:102] INFO Starting OpenBSD Secure Shell server: sshd

Sat, 22 Jun 2019 18:00:30 [line:102] INFO done.

Sat, 22 Jun 2019 18:00:30 [line:102] INFO Starting rpcbind daemon...done.

Sat, 22 Jun 2019 18:00:30 [line:102] INFO starting statd: done

Sat, 22 Jun 2019 18:00:30 [line:102] INFO Starting domain name service: named2019-06-18T11:39:53Z Forward time jump detected!

Sat, 22 Jun 2019 18:00:30 [line:102] INFO .

Sat, 22 Jun 2019 18:00:30 [line:102] INFO Starting network benchmark server: netserver.

Sat, 22 Jun 2019 18:00:30 [line:102] INFO exportfs: can't open /etc/exports for reading

Sat, 22 Jun 2019 18:00:30 [line:102] INFO NFS daemon support not enabled in kernel

Sat, 22 Jun 2019 18:00:30 [line:102] INFO ln: failed to create hard link '/bin/syslogd': File exists

Sat, 22 Jun 2019 18:00:30 [line:102] INFO Starting syslogd/klogd: done

Sat, 22 Jun 2019 18:00:30 [line:102] INFO Starting internet superserver: xinetd.

Sat, 22 Jun 2019 18:00:30 [line:102] INFO Stopping etc/init.d/diasstart done

Sat, 22 Jun 2019 18:00:30 [line:102] INFO  

Sat, 22 Jun 2019 18:00:30 [line:102] INFO Auto Linux BSP 1.0 iBox /dev/ttyLF0

Sat, 22 Jun 2019 18:00:30 [line:102] INFO 

Sat, 22 Jun 2019 18:00:30 [line:102] INFO iBox login: [   26.687036] fec 40032000.ethernet eth0: Link is Up - 1Gbps/Full - flow control off

Sat, 22 Jun 2019 18:00:30 [line:102] INFO [   26.694259] IPv6: ADDRCONF(NETDEV_CHANGE): eth0: link becomes ready

Sat, 22 Jun 2019 18:00:31 [line:102] INFO gpsd.c[2114]: gpsd start.

Sat, 22 Jun 2019 18:00:32 [line:102] INFO  €   '   gpsd:SHOUT: enable the message of UBX_ESF_RAW and UBX_NAV_HNR

Sat, 22 Jun 2019 18:01:08 [line:102] INFO  €   '   
Sat, 22 Jun 2019 18:02:00 [line:102] INFO 
Sat, 22 Jun 2019 18:02:20 [line:54] INFO root_start
Sat, 22 Jun 2019 18:02:20 [line:61] INFO root_start
Sat, 22 Jun 2019 18:02:26 [line:84] INFO check_ps
Sat, 22 Jun 2019 18:02:46 [line:88] INFO result = ps -A | grep v2x
  906 ?        00:00:00 cv2x-daemon
root@iBox:~# 
Sat, 22 Jun 2019 18:02:46 [line:141] INFO ps ok
Sat, 22 Jun 2019 18:02:49 [line:42] INFO Turn Off
Sat, 22 Jun 2019 18:02:52 [line:150] INFO end loop 1
Sat, 22 Jun 2019 18:02:55 [line:126] INFO ============start loop 2============
Sat, 22 Jun 2019 18:02:58 [line:48] INFO Turn On
Sat, 22 Jun 2019 18:03:10 [line:102] INFO 

Sat, 22 Jun 2019 18:03:10 [line:102] INFO U-Boot 2016.01 (Jun 13 2019 - 16:48:21 +0800)

Sat, 22 Jun 2019 18:03:10 [line:102] INFO 

Sat, 22 Jun 2019 18:03:10 [line:102] INFO CPU:   NXP S32V234 V2.0 at 1000 MHz

Sat, 22 Jun 2019 18:03:10 [line:102] INFO Reset cause: unknown reset

Sat, 22 Jun 2019 18:03:10 [line:102] INFO Board: s32v234evb29288

Sat, 22 Jun 2019 18:03:10 [line:102] INFO I2C:   ready

Sat, 22 Jun 2019 18:03:10 [line:102] INFO DRAM:  2 GiB

Sat, 22 Jun 2019 18:03:11 [line:102] INFO All (4) cores are up.

Sat, 22 Jun 2019 18:03:11 [line:102] INFO MMC:   Config the emmc hc and disable sdhc

Sat, 22 Jun 2019 18:03:11 [line:102] INFO FSL_SDHC: 0

Sat, 22 Jun 2019 18:03:11 [line:102] INFO 

Sat, 22 Jun 2019 18:03:11 [line:102] INFO Forcing PCIe to Gen1 operation

Sat, 22 Jun 2019 18:03:11 [line:102] INFO phy link never came up

Sat, 22 Jun 2019 18:03:11 [line:102] INFO DEBUG_R0: 0x0074e900, DEBUG_R1: 0x08200000

Sat, 22 Jun 2019 18:03:11 [line:102] INFO In:    serial

Sat, 22 Jun 2019 18:03:11 [line:102] INFO Out:   serial

Sat, 22 Jun 2019 18:03:11 [line:102] INFO Err:   serial

Sat, 22 Jun 2019 18:03:11 [line:102] INFO The security module (CSE3) is disabled.

Sat, 22 Jun 2019 18:03:11 [line:102] INFO Net:   

Sat, 22 Jun 2019 18:03:11 [line:102] INFO Warning: System is using default MAC address. Please set a new value

Sat, 22 Jun 2019 18:03:11 [line:102] INFO FEC

Sat, 22 Jun 2019 18:03:14 [line:102] INFO Hit any key to stop autoboot:  3  2  1  0 

Sat, 22 Jun 2019 18:03:14 [line:102] INFO switch to partitions #0, OK

Sat, 22 Jun 2019 18:03:14 [line:102] INFO mmc0(part 0) is current device

Sat, 22 Jun 2019 18:03:14 [line:102] INFO reading Image

Sat, 22 Jun 2019 18:03:15 [line:102] INFO 10485760 bytes read in 505 ms (19.8 MiB/s)

Sat, 22 Jun 2019 18:03:15 [line:102] INFO Booting from mmc ... s32v234-evb.dias.emmc.dtb

Sat, 22 Jun 2019 18:03:15 [line:102] INFO reading s32v234-evb.dias.emmc.dtb

Sat, 22 Jun 2019 18:03:15 [line:102] INFO 1048576 bytes read in 63 ms (15.9 MiB/s)

Sat, 22 Jun 2019 18:03:15 [line:102] INFO ## Flattened Device Tree blob at 82000000

Sat, 22 Jun 2019 18:03:15 [line:102] INFO    Booting using the fdt blob at 0x82000000

Sat, 22 Jun 2019 18:03:15 [line:102] INFO    reserving fdt memory region: addr=80000000 size=10000

Sat, 22 Jun 2019 18:03:15 [line:102] INFO    Loading Device Tree to 000000009fff5000, end 000000009ffff6c4 ... OK

Sat, 22 Jun 2019 18:03:15 [line:102] INFO 

Sat, 22 Jun 2019 18:03:15 [line:102] INFO Starting kernel ...

Sat, 22 Jun 2019 18:03:15 [line:102] INFO 

Sat, 22 Jun 2019 18:03:16 [line:102] INFO [    0.000000] Booting Linux on physical CPU 0x0

Sat, 22 Jun 2019 18:03:16 [line:102] INFO [    0.000000] Linux version 4.14.34-rt27+g5b7d979 (oe-user@oe-host) (gcc version 7.1.1 20170707 (Linaro GCC 7.1-2017.08)) #1 SMP Tue Jun 18 11:20:55 CST 2019

Sat, 22 Jun 2019 18:03:16 [line:102] INFO [    0.000000] Boot CPU: AArch64 Processor [410fd034]

Sat, 22 Jun 2019 18:03:16 [line:102] INFO [    0.000000] Machine model: Freescale S32V234

Sat, 22 Jun 2019 18:03:16 [line:102] INFO [    0.000000] percpu: Embedded 20 pages/cpu @ffffffc07ff79000 s43416 r8192 d30312 u81920

Sat, 22 Jun 2019 18:03:16 [line:102] INFO [    0.000000] Detected VIPT I-cache on CPU0

Sat, 22 Jun 2019 18:03:16 [line:102] INFO [    0.000000] CPU features: enabling workaround for ARM erratum 845719

Sat, 22 Jun 2019 18:03:16 [line:102] INFO [    0.000000] Built 1 zonelists, mobility grouping on.  Total pages: 512000

Sat, 22 Jun 2019 18:03:16 [line:102] INFO [    0.000000] Kernel command line: console=ttyLF0,115200 root=/dev/mmcblk0p2 rootwait rw

Sat, 22 Jun 2019 18:03:16 [line:102] INFO [    0.000000] PID hash table entries: 4096 (order: 3, 32768 bytes)

Sat, 22 Jun 2019 18:03:16 [line:102] INFO [    0.000000] Dentry cache hash table entries: 262144 (order: 9, 2097152 bytes)

Sat, 22 Jun 2019 18:03:16 [line:102] INFO [    0.000000] Inode-cache hash table entries: 131072 (order: 8, 1048576 bytes)

Sat, 22 Jun 2019 18:03:16 [line:102] INFO [    0.000000] Memory: 2035752K/2076672K available (5822K kernel code, 414K rwdata, 1576K rodata, 384K init, 258K bss, 40920K reserved, 0K cma-reserved)

Sat, 22 Jun 2019 18:03:16 [line:102] INFO [    0.000000] Virtual kernel memory layout:

Sat, 22 Jun 2019 18:03:16 [line:102] INFO [    0.000000]     modules : 0xffffff8000000000 - 0xffffff8008000000   (   128 MB)

Sat, 22 Jun 2019 18:03:16 [line:102] INFO [    0.000000]     vmalloc : 0xffffff8008000000 - 0xffffffbebfff0000   (   250 GB)

Sat, 22 Jun 2019 18:03:16 [line:102] INFO [    0.000000]       .text : 0xffffff8008080000 - 0xffffff8008630000   (  5824 KB)

Sat, 22 Jun 2019 18:03:16 [line:102] INFO [    0.000000]     .rodata : 0xffffff8008630000 - 0xffffff80087c0000   (  1600 KB)

Sat, 22 Jun 2019 18:03:16 [line:102] INFO [    0.000000]       .init : 0xffffff80087c0000 - 0xffffff8008820000   (   384 KB)

Sat, 22 Jun 2019 18:03:16 [line:102] INFO [    0.000000]       .data : 0xffffff8008820000 - 0xffffff8008887808   (   415 KB)

Sat, 22 Jun 2019 18:03:16 [line:102] INFO [    0.000000]        .bss : 0xffffff8008887808 - 0xffffff80088c80c8   (   259 KB)

Sat, 22 Jun 2019 18:03:16 [line:102] INFO [    0.000000]     fixed   : 0xffffffbefe7fb000 - 0xffffffbefec00000   (  4116 KB)

Sat, 22 Jun 2019 18:03:16 [line:102] INFO [    0.000000]     PCI I/O : 0xffffffbefee00000 - 0xffffffbeffe00000   (    16 MB)

Sat, 22 Jun 2019 18:03:16 [line:102] INFO [    0.000000]     vmemmap : 0xffffffbf00000000 - 0xffffffc000000000   (     4 GB maximum)

Sat, 22 Jun 2019 18:03:16 [line:102] INFO [    0.000000]               0xffffffbf00000000 - 0xffffffbf01c00000   (    28 MB actual)

Sat, 22 Jun 2019 18:03:16 [line:102] INFO [    0.000000]     memory  : 0xffffffc000000000 - 0xffffffc080000000   (  2048 MB)

Sat, 22 Jun 2019 18:03:16 [line:102] INFO [    0.000000] Hierarchical RCU implementation.

Sat, 22 Jun 2019 18:03:16 [line:102] INFO [    0.000000] 	RCU event tracing is enabled.

Sat, 22 Jun 2019 18:03:16 [line:102] INFO [    0.000000] NR_IRQS: 64, nr_irqs: 64, preallocated irqs: 0

Sat, 22 Jun 2019 18:03:16 [line:102] INFO [    0.000000] arch_timer: cp15 timer(s) running at 12.00MHz (virt).

Sat, 22 Jun 2019 18:03:16 [line:102] INFO [    0.000000] clocksource: arch_sys_counter: mask: 0xffffffffffffff max_cycles: 0x2c47f4ee7, max_idle_ns: 440795202497 ns

Sat, 22 Jun 2019 18:03:16 [line:102] INFO [    0.000003] sched_clock: 56 bits at 12MHz, resolution 83ns, wraps every 4398046511096ns

Sat, 22 Jun 2019 18:03:16 [line:102] INFO [    0.000474] Console: colour dummy device 80x25

Sat, 22 Jun 2019 18:03:16 [line:102] INFO [    0.000488] Calibrating delay loop (skipped), value calculated using timer frequency.. 24.00 BogoMIPS (lpj=48000)

Sat, 22 Jun 2019 18:03:16 [line:102] INFO [    0.000497] pid_max: default: 32768 minimum: 301

Sat, 22 Jun 2019 18:03:16 [line:102] INFO [    0.000588] Security Framework initialized

Sat, 22 Jun 2019 18:03:16 [line:102] INFO [    0.000641] Mount-cache hash table entries: 4096 (order: 3, 32768 bytes)

Sat, 22 Jun 2019 18:03:16 [line:102] INFO [    0.000658] Mountpoint-cache hash table entries: 4096 (order: 3, 32768 bytes)

Sat, 22 Jun 2019 18:03:16 [line:102] INFO [    0.001354] ASID allocator initialised with 32768 entries

Sat, 22 Jun 2019 18:03:16 [line:102] INFO [    0.001418] Hierarchical SRCU implementation.

Sat, 22 Jun 2019 18:03:16 [line:102] INFO [    0.002059] smp: Bringing up secondary CPUs ...

Sat, 22 Jun 2019 18:03:16 [line:102] INFO [    0.002391] Detected VIPT I-cache on CPU1

Sat, 22 Jun 2019 18:03:16 [line:102] INFO [    0.002435] CPU1: Booted secondary processor [410fd034]

Sat, 22 Jun 2019 18:03:16 [line:102] INFO [    0.002789] Detected VIPT I-cache on CPU2

Sat, 22 Jun 2019 18:03:16 [line:102] INFO [    0.002830] CPU2: Booted secondary processor [410fd034]

Sat, 22 Jun 2019 18:03:16 [line:102] INFO [    0.003191] Detected VIPT I-cache on CPU3

Sat, 22 Jun 2019 18:03:16 [line:102] INFO [    0.003214] CPU3: Booted secondary processor [410fd034]

Sat, 22 Jun 2019 18:03:16 [line:102] INFO [    0.003290] smp: Brought up 1 node, 4 CPUs

Sat, 22 Jun 2019 18:03:16 [line:102] INFO [    0.003309] SMP: Total of 4 processors activated.

Sat, 22 Jun 2019 18:03:16 [line:102] INFO [    0.003316] CPU features: detected feature: 32-bit EL0 Support

Sat, 22 Jun 2019 18:03:16 [line:102] INFO [    0.003321] CPU features: detected feature: Kernel page table isolation (KPTI)

Sat, 22 Jun 2019 18:03:16 [line:102] INFO [    0.006129] CPU: All CPU(s) started at EL1

Sat, 22 Jun 2019 18:03:16 [line:102] INFO [    0.006151] alternatives: patching kernel code

Sat, 22 Jun 2019 18:03:16 [line:102] INFO [    0.006907] devtmpfs: initialized

Sat, 22 Jun 2019 18:03:16 [line:102] INFO [    0.010668] random: get_random_u32 called from bucket_table_alloc+0x10c/0x260 with crng_init=0

Sat, 22 Jun 2019 18:03:16 [line:102] INFO [    0.010987] clocksource: jiffies: mask: 0xffffffff max_cycles: 0xffffffff, max_idle_ns: 7645041785100000 ns

Sat, 22 Jun 2019 18:03:16 [line:102] INFO [    0.011001] futex hash table entries: 1024 (order: 5, 131072 bytes)

Sat, 22 Jun 2019 18:03:16 [line:102] INFO [    0.011204] pinctrl core: initialized pinctrl subsystem

Sat, 22 Jun 2019 18:03:16 [line:102] INFO [    0.011751] NET: Registered protocol family 16

Sat, 22 Jun 2019 18:03:16 [line:102] INFO [    0.012569] NET: Registered protocol family 42

Sat, 22 Jun 2019 18:03:16 [line:102] INFO [    0.013035] vdso: 2 pages (1 code @ ffffff8008636000, 1 data @ ffffff8008824000)

Sat, 22 Jun 2019 18:03:16 [line:102] INFO [    0.013049] hw-breakpoint: found 6 breakpoint and 4 watchpoint registers.

Sat, 22 Jun 2019 18:03:16 [line:102] INFO [    0.013285] DMA: preallocated 256 KiB pool for atomic allocations

Sat, 22 Jun 2019 18:03:16 [line:102] INFO [    0.025784] HugeTLB registered 2.00 MiB page size, pre-allocated 0 pages

Sat, 22 Jun 2019 18:03:16 [line:102] INFO [    0.028165] vgaarb: loaded

Sat, 22 Jun 2019 18:03:16 [line:102] INFO [    0.028363] SCSI subsystem initialized

Sat, 22 Jun 2019 18:03:16 [line:102] INFO [    0.028520] usbcore: registered new interface driver usbfs

Sat, 22 Jun 2019 18:03:16 [line:102] INFO [    0.028560] usbcore: registered new interface driver hub

Sat, 22 Jun 2019 18:03:16 [line:102] INFO [    0.028618] usbcore: registered new device driver usb

Sat, 22 Jun 2019 18:03:16 [line:102] INFO [    0.028799] imx-i2c 40051000.i2c: could not find pctldev for node /soc/aips-bus@40000000/siul2/siul2-pinctrl@4006C000/s32v234-evb/i2c0grp, deferring probe

Sat, 22 Jun 2019 18:03:16 [line:102] INFO [    0.028893] imx-i2c 400b8000.i2c: could not find pctldev for node /soc/aips-bus@40000000/siul2/siul2-pinctrl@4006C000/s32v234-evb/i2c1grp, deferring probe

Sat, 22 Jun 2019 18:03:16 [line:102] INFO [    0.028920] imx-i2c 400ba000.i2c: could not find pctldev for node /soc/aips-bus@40000000/siul2/siul2-pinctrl@4006C000/s32v234-evb/i2c2grp, deferring probe

Sat, 22 Jun 2019 18:03:16 [line:102] INFO [    0.029026] pps_core: LinuxPPS API ver. 1 registered

Sat, 22 Jun 2019 18:03:16 [line:102] INFO [    0.029031] pps_core: Software ver. 5.3.6 - Copyright 2005-2007 Rodolfo Giometti <giometti@linux.it>

Sat, 22 Jun 2019 18:03:16 [line:102] INFO [    0.029047] PTP clock support registered

Sat, 22 Jun 2019 18:03:16 [line:102] INFO [    0.029753] clocksource: Switched to clocksource arch_sys_counter

Sat, 22 Jun 2019 18:03:16 [line:102] INFO [    0.036096] NET: Registered protocol family 2

Sat, 22 Jun 2019 18:03:16 [line:102] INFO [    0.036440] TCP established hash table entries: 16384 (order: 5, 131072 bytes)

Sat, 22 Jun 2019 18:03:16 [line:102] INFO [    0.036570] TCP bind hash table entries: 16384 (order: 6, 262144 bytes)

Sat, 22 Jun 2019 18:03:16 [line:102] INFO [    0.036799] TCP: Hash tables configured (established 16384 bind 16384)

Sat, 22 Jun 2019 18:03:17 [line:102] INFO [    0.036909] UDP hash table entries: 1024 (order: 3, 32768 bytes)

Sat, 22 Jun 2019 18:03:17 [line:102] INFO [    0.036956] UDP-Lite hash table entries: 1024 (order: 3, 32768 bytes)

Sat, 22 Jun 2019 18:03:17 [line:102] INFO [    0.037109] NET: Registered protocol family 1

Sat, 22 Jun 2019 18:03:17 [line:102] INFO [    0.037373] RPC: Registered named UNIX socket transport module.

Sat, 22 Jun 2019 18:03:17 [line:102] INFO [    0.037379] RPC: Registered udp transport module.

Sat, 22 Jun 2019 18:03:17 [line:102] INFO [    0.037383] RPC: Registered tcp transport module.

Sat, 22 Jun 2019 18:03:17 [line:102] INFO [    0.037387] RPC: Registered tcp NFSv4.1 backchannel transport module.

Sat, 22 Jun 2019 18:03:17 [line:102] INFO [    0.038128] hw perfevents: enabled with armv8_pmuv3 PMU driver, 7 counters available

Sat, 22 Jun 2019 18:03:17 [line:102] INFO [    0.039267] workingset: timestamp_bits=62 max_order=19 bucket_order=0

Sat, 22 Jun 2019 18:03:17 [line:102] INFO [    0.040036] fuse init (API version 7.26)

Sat, 22 Jun 2019 18:03:17 [line:102] INFO [    0.040635] Block layer SCSI generic (bsg) driver version 0.4 loaded (major 248)

Sat, 22 Jun 2019 18:03:17 [line:102] INFO [    0.040645] io scheduler noop registered

Sat, 22 Jun 2019 18:03:17 [line:102] INFO [    0.040650] io scheduler deadline registered

Sat, 22 Jun 2019 18:03:17 [line:102] INFO [    0.040676] io scheduler cfq registered (default)

Sat, 22 Jun 2019 18:03:17 [line:102] INFO [    0.040681] io scheduler mq-deadline registered

Sat, 22 Jun 2019 18:03:17 [line:102] INFO [    0.040686] io scheduler kyber registered

Sat, 22 Jun 2019 18:03:17 [line:102] INFO [    0.041196] s32v234-siul2-pinctrl 4006c240.siul2-pinctrl: initialized s32 pinctrl driver

Sat, 22 Jun 2019 18:03:17 [line:102] INFO [    0.043695] s32v234-pcie 72ffc000.pcie: Configuring as RC

Sat, 22 Jun 2019 18:03:17 [line:102] INFO [    0.043780] s32v234-pcie 72ffc000.pcie: Allocated line 0 for interrupt 79

Sat, 22 Jun 2019 18:03:17 [line:102] INFO [    0.043794] OF: PCI: host bridge /pcie@0x72000000 ranges:

Sat, 22 Jun 2019 18:03:17 [line:102] INFO [    0.043806] OF: PCI:    IO 0x72f80000..0x72f8ffff -> 0x00000000

Sat, 22 Jun 2019 18:03:17 [line:102] INFO [    0.043815] OF: PCI:   MEM 0x72000000..0x72efffff -> 0x72000000

Sat, 22 Jun 2019 18:03:17 [line:102] INFO [    0.094444] s32v234-pcie 72ffc000.pcie: SOC revision: 0x10

Sat, 22 Jun 2019 18:03:17 [line:102] INFO [    1.094596] s32v234-pcie 72ffc000.pcie: phy link never came up

Sat, 22 Jun 2019 18:03:17 [line:102] INFO [    1.094606] s32v234-pcie 72ffc000.pcie: phy link never came up

Sat, 22 Jun 2019 18:03:17 [line:102] INFO [    1.094614] s32v234-pcie 72ffc000.pcie: DEBUG_R0: 0x000bbd00, DEBUG_R1: 0x08200000

Sat, 22 Jun 2019 18:03:17 [line:102] INFO [    1.094821] s32v234-pcie 72ffc000.pcie: Failed to bring link up!

Sat, 22 Jun 2019 18:03:17 [line:102] INFO [    1.094947] s32v234-pcie 72ffc000.pcie: PCI host bridge to bus 0000:00

Sat, 22 Jun 2019 18:03:17 [line:102] INFO [    1.094958] pci_bus 0000:00: root bus resource [bus 00-ff]

Sat, 22 Jun 2019 18:03:17 [line:102] INFO [    1.094965] pci_bus 0000:00: root bus resource [io  0x0000-0xffff]

Sat, 22 Jun 2019 18:03:17 [line:102] INFO [    1.094972] pci_bus 0000:00: root bus resource [mem 0x72000000-0x72efffff]

Sat, 22 Jun 2019 18:03:17 [line:102] INFO [    1.095300] pci 0000:00:00.0: BAR 0: assigned [mem 0x72000000-0x720fffff 64bit]

Sat, 22 Jun 2019 18:03:17 [line:102] INFO [    1.095313] pci 0000:00:00.0: BAR 6: assigned [mem 0x72100000-0x7210ffff pref]

Sat, 22 Jun 2019 18:03:17 [line:102] INFO [    1.095321] pci 0000:00:00.0: PCI bridge to [bus 01-ff]

Sat, 22 Jun 2019 18:03:17 [line:102] INFO [    1.095577] pcieport 0000:00:00.0: Signaling PME with IRQ 85

Sat, 22 Jun 2019 18:03:17 [line:102] INFO [    1.095679] pcieport 0000:00:00.0: AER enabled with IRQ 85

Sat, 22 Jun 2019 18:03:17 [line:102] INFO [    1.096525] fsl_dcu 40028000.dcu: DCU: memory pool creation error

Sat, 22 Jun 2019 18:03:17 [line:102] INFO [    1.096536] fsl_dcu 40028000.dcu: DCU: using default surface memory space.

Sat, 22 Jun 2019 18:03:17 [line:102] INFO [    1.097151] fsl_dcu 40028000.dcu: Selected video mode on </dev/fb0> : <1920 x 1080>

Sat, 22 Jun 2019 18:03:17 [line:102] INFO [    1.097382] fsl_dcu 40028000.dcu: Selected video mode on </dev/fb1> : <1920 x 1080>

Sat, 22 Jun 2019 18:03:17 [line:102] INFO [    1.097600] fsl_dcu 40028000.dcu: Selected video mode on </dev/fb2> : <1920 x 1080>

Sat, 22 Jun 2019 18:03:17 [line:102] INFO [    1.097846] fsl_dcu 40028000.dcu: Selected video mode on </dev/fb3> : <1920 x 1080>

Sat, 22 Jun 2019 18:03:17 [line:102] INFO [    1.098089] fsl_dcu 40028000.dcu: Selected video mode on </dev/fb4> : <1920 x 1080>

Sat, 22 Jun 2019 18:03:17 [line:102] INFO [    1.098343] fsl_dcu 40028000.dcu: Selected video mode on </dev/fb5> : <1920 x 1080>

Sat, 22 Jun 2019 18:03:17 [line:102] INFO [    1.098557] fsl_dcu 40028000.dcu: Selected video mode on </dev/fb6> : <1920 x 1080>

Sat, 22 Jun 2019 18:03:17 [line:102] INFO [    1.098764] fsl_dcu 40028000.dcu: Selected video mode on </dev/fb7> : <1920 x 1080>

Sat, 22 Jun 2019 18:03:17 [line:102] INFO [    1.099670] 40053000.serial: ttyLF0 at MMIO 0x40053000 (irq = 24, base_baud = 4166666) is a FSL_LINFLEX

Sat, 22 Jun 2019 18:03:17 [line:102] INFO [    1.915592] console [ttyLF0] enabled

Sat, 22 Jun 2019 18:03:17 [line:102] INFO [    1.919621] 400bc000.serial: ttyLF1 at MMIO 0x400bc000 (irq = 42, base_baud = 4166666) is a FSL_LINFLEX

Sat, 22 Jun 2019 18:03:17 [line:102] INFO [    1.929241] fsl-linflexuart 400bc000.serial: DMA tx channel request failed, operating without tx DMA

Sat, 22 Jun 2019 18:03:17 [line:102] INFO [    1.938451] fsl-linflexuart 400bc000.serial: DMA rx channel request failed, operating without rx DMA

Sat, 22 Jun 2019 18:03:17 [line:102] INFO [    1.948178] cacheinfo: Unable to detect cache hierarchy for CPU 0

Sat, 22 Jun 2019 18:03:17 [line:102] INFO [    1.958938] loop: module loaded

Sat, 22 Jun 2019 18:03:17 [line:102] INFO [    1.963094] num_chipselect =8 

Sat, 22 Jun 2019 18:03:17 [line:102] INFO [    1.963099] bus_num =0 

Sat, 22 Jun 2019 18:03:17 [line:102] INFO [    1.966289] fsl-dspi 40057000.spi: owen register platform irq =26

Sat, 22 Jun 2019 18:03:17 [line:102] INFO [    1.975169] cs_sck_delay=0

Sat, 22 Jun 2019 18:03:17 [line:102] INFO [    1.977899] pcssck=0, cssck=0

Sat, 22 Jun 2019 18:03:17 [line:102] INFO [    1.980879] pasc=0, asc=0

Sat, 22 Jun 2019 18:03:17 [line:102] INFO [    1.983516] get pcssck=1, cssck=4

Sat, 22 Jun 2019 18:03:17 [line:102] INFO [    1.987103]   owen iory devm_gpio_request_one try

Sat, 22 Jun 2019 18:03:17 [line:102] INFO [    1.991908] owen iory devm_gpio_request_one ok

Sat, 22 Jun 2019 18:03:17 [line:102] INFO [    1.996384] owen iory try  pSPI_gpio

Sat, 22 Jun 2019 18:03:17 [line:102] INFO [    2.000028] cs_sck_delay=0

Sat, 22 Jun 2019 18:03:17 [line:102] INFO [    2.002754] pcssck=0, cssck=0

Sat, 22 Jun 2019 18:03:17 [line:102] INFO [    2.005741] pasc=0, asc=0

Sat, 22 Jun 2019 18:03:17 [line:102] INFO [    2.008373] get pcssck=1, cssck=4

Sat, 22 Jun 2019 18:03:17 [line:102] INFO [    2.011973] cs_sck_delay=100

Sat, 22 Jun 2019 18:03:17 [line:102] INFO [    2.014877] pcssck=3, cssck=0

Sat, 22 Jun 2019 18:03:17 [line:102] INFO [    2.017864] pasc=3, asc=0

Sat, 22 Jun 2019 18:03:17 [line:102] INFO [    2.020494] get pcssck=1, cssck=4

Sat, 22 Jun 2019 18:03:17 [line:102] INFO [    2.023946] cs_sck_delay=100

Sat, 22 Jun 2019 18:03:17 [line:102] INFO [    2.026848] pcssck=3, cssck=0

Sat, 22 Jun 2019 18:03:17 [line:102] INFO [    2.029835] pasc=3, asc=0

Sat, 22 Jun 2019 18:03:17 [line:102] INFO [    2.032465] get pcssck=1, cssck=4

Sat, 22 Jun 2019 18:03:17 [line:102] INFO [    2.035910] cs_sck_delay=0

Sat, 22 Jun 2019 18:03:17 [line:102] INFO [    2.038637] pcssck=0, cssck=0

Sat, 22 Jun 2019 18:03:17 [line:102] INFO [    2.041617] pasc=0, asc=0

Sat, 22 Jun 2019 18:03:17 [line:102] INFO [    2.044254] get pcssck=1, cssck=4

Sat, 22 Jun 2019 18:03:17 [line:102] INFO [    2.048060] num_chipselect =4 

Sat, 22 Jun 2019 18:03:17 [line:102] INFO [    2.048063] bus_num =1 

Sat, 22 Jun 2019 18:03:17 [line:102] INFO [    2.051238] fsl-dspi 400c0000.spi: owen register platform irq =44

Sat, 22 Jun 2019 18:03:17 [line:102] INFO [    2.059907] owen dspi_request_dma 9

Sat, 22 Jun 2019 18:03:17 [line:102] INFO [    2.063614] cs_sck_delay=0

Sat, 22 Jun 2019 18:03:17 [line:102] INFO [    2.066344] pcssck=0, cssck=0

Sat, 22 Jun 2019 18:03:17 [line:102] INFO [    2.069324] pasc=0, asc=0

Sat, 22 Jun 2019 18:03:17 [line:102] INFO [    2.071961] get pcssck=1, cssck=4

Sat, 22 Jun 2019 18:03:17 [line:102] INFO [    2.075715] num_chipselect =4 

Sat, 22 Jun 2019 18:03:17 [line:102] INFO [    2.075717] bus_num =3 

Sat, 22 Jun 2019 18:03:17 [line:102] INFO [    2.078885] fsl-dspi 400c2000.spi: owen register platform irq =45

Sat, 22 Jun 2019 18:03:17 [line:102] INFO [    2.087553] owen dspi_request_dma 9

Sat, 22 Jun 2019 18:03:17 [line:102] INFO [    2.091256] cs_sck_delay=0

Sat, 22 Jun 2019 18:03:17 [line:102] INFO [    2.093985] pcssck=0, cssck=0

Sat, 22 Jun 2019 18:03:17 [line:102] INFO [    2.096964] pasc=0, asc=0

Sat, 22 Jun 2019 18:03:17 [line:102] INFO [    2.099601] get pcssck=1, cssck=4

Sat, 22 Jun 2019 18:03:17 [line:102] INFO [    2.104187] libphy: Fixed MDIO Bus: probed

Sat, 22 Jun 2019 18:03:17 [line:102] INFO [    2.108677] tun: Universal TUN/TAP device driver, 1.6

Sat, 22 Jun 2019 18:03:17 [line:102] INFO [    2.113900] vcan: Virtual CAN interface driver

Sat, 22 Jun 2019 18:03:17 [line:102] INFO [    2.118383] slcan: serial line CAN interface driver

Sat, 22 Jun 2019 18:03:17 [line:102] INFO [    2.123296] slcan: 10 dynamic interface channels.

Sat, 22 Jun 2019 18:03:17 [line:102] INFO [    2.128034] CAN device driver interface

Sat, 22 Jun 2019 18:03:17 [line:102] INFO [    2.132538] flexcan 40055000.flexcan: device registered (reg_base=ffffff800891d000, irq=25)

Sat, 22 Jun 2019 18:03:17 [line:102] INFO [    2.141568] flexcan 400be000.flexcan: device registered (reg_base=ffffff8008925000, irq=43)

Sat, 22 Jun 2019 18:03:17 [line:102] INFO [    2.152128] libphy: fec_enet_mii_bus: probed

Sat, 22 Jun 2019 18:03:17 [line:102] INFO [    2.158692] fec 40032000.ethernet eth0: registered PHC device 0

Sat, 22 Jun 2019 18:03:17 [line:102] INFO [    2.165150] ehci_hcd: USB 2.0 'Enhanced' Host Controller (EHCI) Driver

Sat, 22 Jun 2019 18:03:17 [line:102] INFO [    2.171730] ehci-pci: EHCI PCI platform driver

Sat, 22 Jun 2019 18:03:17 [line:102] INFO [    2.176246] ehci-platform: EHCI generic platform driver

Sat, 22 Jun 2019 18:03:17 [line:102] INFO [    2.181618] ohci_hcd: USB 1.1 'Open' Host Controller (OHCI) Driver

Sat, 22 Jun 2019 18:03:17 [line:102] INFO [    2.187860] ohci-pci: OHCI PCI platform driver

Sat, 22 Jun 2019 18:03:17 [line:102] INFO [    2.192366] ohci-platform: OHCI generic platform driver

Sat, 22 Jun 2019 18:03:17 [line:102] INFO [    2.198012] usbcore: registered new interface driver usb-storage

Sat, 22 Jun 2019 18:03:17 [line:102] INFO [    2.204266] i2c /dev entries driver

Sat, 22 Jun 2019 18:03:17 [line:102] INFO [    2.207835] IR NEC protocol handler initialized

Sat, 22 Jun 2019 18:03:17 [line:102] INFO [    2.212400] IR RC5(x/sz) protocol handler initialized

Sat, 22 Jun 2019 18:03:17 [line:102] INFO [    2.217489] IR RC6 protocol handler initialized

Sat, 22 Jun 2019 18:03:17 [line:102] INFO [    2.222051] IR JVC protocol handler initialized

Sat, 22 Jun 2019 18:03:17 [line:102] INFO [    2.226612] IR Sony protocol handler initialized

Sat, 22 Jun 2019 18:03:17 [line:102] INFO [    2.231260] IR SANYO protocol handler initialized

Sat, 22 Jun 2019 18:03:17 [line:102] INFO [    2.235996] IR Sharp protocol handler initialized

Sat, 22 Jun 2019 18:03:17 [line:102] INFO [    2.240732] IR MCE Keyboard/mouse protocol handler initialized

Sat, 22 Jun 2019 18:03:17 [line:102] INFO [    2.246605] IR XMP protocol handler initialized

Sat, 22 Jun 2019 18:03:17 [line:102] INFO [    2.251445] pps pps0: new PPS source 0.pps.-1

Sat, 22 Jun 2019 18:03:17 [line:102] INFO [    2.255875] pps pps0: Registered IRQ 119 as PPS source

Sat, 22 Jun 2019 18:03:17 [line:102] INFO [    2.261640] sac58r-wdt 4000a000.swt: SAC58R/S32V234 Watchdog Timer Registered. timeout=30s (nowayout=0)

Sat, 22 Jun 2019 18:03:17 [line:102] INFO [    2.271283] sac58r-wdt 4000b000.swt: SAC58R/S32V234 Watchdog Timer Registered. timeout=30s (nowayout=0)

Sat, 22 Jun 2019 18:03:17 [line:102] INFO [    2.280939] sac58r-wdt 40084000.swt: SAC58R/S32V234 Watchdog Timer Registered. timeout=30s (nowayout=0)

Sat, 22 Jun 2019 18:03:17 [line:102] INFO [    2.290542] sac58r-wdt 40085000.swt: SAC58R/S32V234 Watchdog Timer Registered. timeout=30s (nowayout=0)

Sat, 22 Jun 2019 18:03:17 [line:102] INFO [    2.300280] sdhci: Secure Digital Host Controller Interface driver

Sat, 22 Jun 2019 18:03:17 [line:102] INFO [    2.306507] sdhci: Copyright(c) Pierre Ossman

Sat, 22 Jun 2019 18:03:17 [line:102] INFO [    2.310894] sdhci-pltfm: SDHCI platform and OF driver helper

Sat, 22 Jun 2019 18:03:17 [line:102] INFO [    2.361764] mmc0: SDHCI controller on 4005d000.usdhc [4005d000.usdhc] using ADMA

Sat, 22 Jun 2019 18:03:17 [line:102] INFO [    2.369566] usbcore: registered new interface driver usbhid

Sat, 22 Jun 2019 18:03:17 [line:102] INFO [    2.375186] usbhid: USB HID core driver

Sat, 22 Jun 2019 18:03:17 [line:102] INFO [    2.391042] NET: Registered protocol family 10

Sat, 22 Jun 2019 18:03:17 [line:102] INFO [    2.396077] Segment Routing with IPv6

Sat, 22 Jun 2019 18:03:17 [line:102] INFO [    2.399815] sit: IPv6, IPv4 and MPLS over IPv4 tunneling driver

Sat, 22 Jun 2019 18:03:17 [line:102] INFO [    2.406180] NET: Registered protocol family 17

Sat, 22 Jun 2019 18:03:17 [line:102] INFO [    2.410668] can: controller area network core (rev 20170425 abi 9)

Sat, 22 Jun 2019 18:03:17 [line:102] INFO [    2.416932] NET: Registered protocol family 29

Sat, 22 Jun 2019 18:03:17 [line:102] INFO [    2.417386] mmc0: new DDR MMC card at address 0001

Sat, 22 Jun 2019 18:03:17 [line:102] INFO [    2.417666] mmcblk0: mmc0:0001 S0J57X 29.6 GiB 

Sat, 22 Jun 2019 18:03:17 [line:102] INFO [    2.417790] mmcblk0boot0: mmc0:0001 S0J57X partition 1 31.5 MiB

Sat, 22 Jun 2019 18:03:17 [line:102] INFO [    2.417894] mmcblk0boot1: mmc0:0001 S0J57X partition 2 31.5 MiB

Sat, 22 Jun 2019 18:03:17 [line:102] INFO [    2.417988] mmcblk0rpmb: mmc0:0001 S0J57X partition 3 4.00 MiB

Sat, 22 Jun 2019 18:03:17 [line:102] INFO [    2.418852]  mmcblk0: p1 p2 p3 p4

Sat, 22 Jun 2019 18:03:17 [line:102] INFO [    2.419104] mmcblk0: p4 size 1755107328 extends beyond EOD, truncated

Sat, 22 Jun 2019 18:03:17 [line:102] INFO [    2.458420] can: raw protocol (rev 20170425)

Sat, 22 Jun 2019 18:03:17 [line:102] INFO [    2.462720] can: broadcast manager protocol (rev 20170425 t)

Sat, 22 Jun 2019 18:03:17 [line:102] INFO [    2.468426] can: netlink gateway (rev 20170425) max_hops=1

Sat, 22 Jun 2019 18:03:17 [line:102] INFO [    2.473989] Key type dns_resolver registered

Sat, 22 Jun 2019 18:03:17 [line:102] INFO [    2.478727] registered taskstats version 1

Sat, 22 Jun 2019 18:03:17 [line:102] INFO [    2.486230] i2c i2c-0: IMX I2C adapter registered

Sat, 22 Jun 2019 18:03:17 [line:102] INFO [    2.491005] i2c i2c-0: using dma0chan2 (tx) and dma0chan3 (rx) for DMA transfers

Sat, 22 Jun 2019 18:03:17 [line:102] INFO [    2.499253] sii902x 1-0039: cound not find device

Sat, 22 Jun 2019 18:03:17 [line:102] INFO [    2.504011] sii902x: probe of 1-0039 failed with error -11

Sat, 22 Jun 2019 18:03:17 [line:102] INFO [    2.509679] i2c i2c-1: IMX I2C adapter registered

Sat, 22 Jun 2019 18:03:17 [line:102] INFO [    2.514447] i2c i2c-1: using dma0chan20 (tx) and dma0chan21 (rx) for DMA transfers

Sat, 22 Jun 2019 18:03:17 [line:102] INFO [    2.522605] i2c i2c-2: IMX I2C adapter registered

Sat, 22 Jun 2019 18:03:17 [line:102] INFO [    2.527377] i2c i2c-2: using dma0chan22 (tx) and dma0chan23 (rx) for DMA transfers

Sat, 22 Jun 2019 18:03:17 [line:102] INFO [    2.535075] hctosys: unable to open rtc device (rtc0)

Sat, 22 Jun 2019 18:03:17 [line:102] INFO [    2.545164] EXT4-fs (mmcblk0p2): couldn't mount as ext3 due to feature incompatibilities

Sat, 22 Jun 2019 18:03:17 [line:102] INFO [    2.565928] EXT4-fs (mmcblk0p2): recovery complete

Sat, 22 Jun 2019 18:03:17 [line:102] INFO [    2.571139] EXT4-fs (mmcblk0p2): mounted filesystem with ordered data mode. Opts: (null)

Sat, 22 Jun 2019 18:03:17 [line:102] INFO [    2.578899] VFS: Mounted root (ext4 filesystem) on device 179:2.

Sat, 22 Jun 2019 18:03:17 [line:102] INFO [    2.584913] devtmpfs: mounted

Sat, 22 Jun 2019 18:03:17 [line:102] INFO [    2.587962] Freeing unused kernel memory: 384K

Sat, 22 Jun 2019 18:03:18 [line:102] INFO INIT: version 2.88 booting

Sat, 22 Jun 2019 18:03:18 [line:102] INFO Starting udev

Sat, 22 Jun 2019 18:03:18 [line:102] INFO [    2.914308] udevd[791]: starting version 3.2.2

Sat, 22 Jun 2019 18:03:18 [line:102] INFO [    2.948454] udevd[792]: starting eudev-3.2.2

Sat, 22 Jun 2019 18:03:18 [line:102] INFO [    3.020937] 

Sat, 22 Jun 2019 18:03:18 [line:102] INFO [    3.020937] [I]6<BS_LOG><smi_gyro_probe><1642>function entrance

Sat, 22 Jun 2019 18:03:18 [line:102] INFO [    3.149573] smi130_gyro 1-0068: I2C xfer error

Sat, 22 Jun 2019 18:03:18 [line:102] INFO [    3.153694] 

Sat, 22 Jun 2019 18:03:18 [line:102] INFO [    3.153694] [I]6<BS_LOG><smi_gyro_check_chip_id><392>read chip id result: 0x0

Sat, 22 Jun 2019 18:03:18 [line:102] INFO [    3.280177] smi130_gyro 1-0068: I2C xfer error

Sat, 22 Jun 2019 18:03:18 [line:102] INFO [    3.284285] 

Sat, 22 Jun 2019 18:03:18 [line:102] INFO [    3.284285] [I]6<BS_LOG><smi_gyro_check_chip_id><392>read chip id result: 0x0

Sat, 22 Jun 2019 18:03:18 [line:102] INFO [    3.410581] smi130_gyro 1-0068: I2C xfer error

Sat, 22 Jun 2019 18:03:18 [line:102] INFO [    3.414672] 

Sat, 22 Jun 2019 18:03:18 [line:102] INFO [    3.414672] [I]6<BS_LOG><smi_gyro_check_chip_id><392>read chip id result: 0x0

Sat, 22 Jun 2019 18:03:18 [line:102] INFO [    3.540989] smi130_gyro 1-0068: I2C xfer error

Sat, 22 Jun 2019 18:03:18 [line:102] INFO [    3.545079] 

Sat, 22 Jun 2019 18:03:18 [line:102] INFO [    3.545079] [I]6<BS_LOG><smi_gyro_check_chip_id><392>read chip id result: 0x0

Sat, 22 Jun 2019 18:03:19 [line:102] INFO [    3.671437] smi130_gyro 1-0068: I2C xfer error

Sat, 22 Jun 2019 18:03:19 [line:102] INFO [    3.675529] 

Sat, 22 Jun 2019 18:03:19 [line:102] INFO [    3.675529] [I]6<BS_LOG><smi_gyro_check_chip_id><392>read chip id result: 0x0

Sat, 22 Jun 2019 18:03:19 [line:102] INFO [    3.685191] 

Sat, 22 Jun 2019 18:03:19 [line:102] INFO [    3.685191] [E]3<BS_LOG><smi_gyro_probe><1663>Bosch Sensortec Device not found, chip id mismatch

Sat, 22 Jun 2019 18:03:19 [line:102] INFO [    3.695183] smi130_gyro: probe of 1-0068 failed with error -1

Sat, 22 Jun 2019 18:03:19 [line:102] INFO [    3.701010] 

Sat, 22 Jun 2019 18:03:19 [line:102] INFO [    3.701010] [I]6<BS_LOG><smi130_acc_probe><7022>smi130_acc_probe start

Sat, 22 Jun 2019 18:03:19 [line:102] INFO [    3.701010] 

Sat, 22 Jun 2019 18:03:19 [line:102] INFO [    3.827090] 

Sat, 22 Jun 2019 18:03:19 [line:102] INFO [    3.827090] [E]3<BS_LOG><smi130_acc_smbus_read_byte><1748>I2C xfer error

Sat, 22 Jun 2019 18:03:19 [line:102] INFO [    3.834995] 

Sat, 22 Jun 2019 18:03:19 [line:102] INFO [    3.834995] [E]3<BS_LOG><smi130_acc_check_chip_id><1907>Bosch Sensortec Device not found

Sat, 22 Jun 2019 18:03:19 [line:102] INFO [    3.834995] 

Sat, 22 Jun 2019 18:03:19 [line:102] INFO [    3.834995] i2c bus read error, read chip_id:0

Sat, 22 Jun 2019 18:03:19 [line:102] INFO [    3.834995] 

Sat, 22 Jun 2019 18:03:19 [line:102] INFO [    3.968623] 

Sat, 22 Jun 2019 18:03:19 [line:102] INFO [    3.968623] [E]3<BS_LOG><smi130_acc_smbus_read_byte><1748>I2C xfer error

Sat, 22 Jun 2019 18:03:19 [line:102] INFO [    3.976524] 

Sat, 22 Jun 2019 18:03:19 [line:102] INFO [    3.976524] [E]3<BS_LOG><smi130_acc_check_chip_id><1907>Bosch Sensortec Device not found

Sat, 22 Jun 2019 18:03:19 [line:102] INFO [    3.976524] 

Sat, 22 Jun 2019 18:03:19 [line:102] INFO [    3.976524] i2c bus read error, read chip_id:0

Sat, 22 Jun 2019 18:03:19 [line:102] INFO [    3.976524] 

Sat, 22 Jun 2019 18:03:19 [line:102] INFO [    4.110146] 

Sat, 22 Jun 2019 18:03:19 [line:102] INFO [    4.110146] [E]3<BS_LOG><smi130_acc_smbus_read_byte><1748>I2C xfer error

Sat, 22 Jun 2019 18:03:19 [line:102] INFO [    4.118051] 

Sat, 22 Jun 2019 18:03:19 [line:102] INFO [    4.118051] [E]3<BS_LOG><smi130_acc_check_chip_id><1907>Bosch Sensortec Device not found

Sat, 22 Jun 2019 18:03:19 [line:102] INFO [    4.118051] 

Sat, 22 Jun 2019 18:03:19 [line:102] INFO [    4.118051] i2c bus read error, read chip_id:0

Sat, 22 Jun 2019 18:03:19 [line:102] INFO [    4.118051] 

Sat, 22 Jun 2019 18:03:19 [line:102] INFO [    4.251678] 

Sat, 22 Jun 2019 18:03:19 [line:102] INFO [    4.251678] [E]3<BS_LOG><smi130_acc_smbus_read_byte><1748>I2C xfer error

Sat, 22 Jun 2019 18:03:19 [line:102] INFO [    4.259578] 

Sat, 22 Jun 2019 18:03:19 [line:102] INFO [    4.259578] [E]3<BS_LOG><smi130_acc_check_chip_id><1907>Bosch Sensortec Device not found

Sat, 22 Jun 2019 18:03:19 [line:102] INFO [    4.259578] 

Sat, 22 Jun 2019 18:03:19 [line:102] INFO [    4.259578] i2c bus read error, read chip_id:0

Sat, 22 Jun 2019 18:03:19 [line:102] INFO [    4.259578] 

Sat, 22 Jun 2019 18:03:19 [line:102] INFO [    4.393198] 

Sat, 22 Jun 2019 18:03:19 [line:102] INFO [    4.393198] [E]3<BS_LOG><smi130_acc_smbus_read_byte><1748>I2C xfer error

Sat, 22 Jun 2019 18:03:19 [line:102] INFO [    4.401100] 

Sat, 22 Jun 2019 18:03:19 [line:102] INFO [    4.401100] [E]3<BS_LOG><smi130_acc_check_chip_id><1907>Bosch Sensortec Device not found

Sat, 22 Jun 2019 18:03:19 [line:102] INFO [    4.401100] 

Sat, 22 Jun 2019 18:03:19 [line:102] INFO [    4.401100] i2c bus read error, read chip_id:0

Sat, 22 Jun 2019 18:03:19 [line:102] INFO [    4.401100] 

Sat, 22 Jun 2019 18:03:19 [line:102] INFO [    4.539747] 

Sat, 22 Jun 2019 18:03:19 [line:102] INFO [    4.539747] [E]3<BS_LOG><smi130_acc_smbus_write_byte><1809>I2C xfer error

Sat, 22 Jun 2019 18:03:19 [line:102] INFO [    4.547734] 

Sat, 22 Jun 2019 18:03:19 [line:102] INFO [    4.547734] [E]3<BS_LOG><smi130_acc_probe><7044>i2c bus write error, pls check HW connection

Sat, 22 Jun 2019 18:03:19 [line:102] INFO [    4.547734] 

Sat, 22 Jun 2019 18:03:19 [line:102] INFO [    4.559174] smi130_acc: probe of 1-0018 failed with error -22

Sat, 22 Jun 2019 18:03:19 [line:102] INFO [    4.603586] loading NXP PHY driver: [autonomous mode]

Sat, 22 Jun 2019 18:03:20 [line:102] INFO [    4.682482] sja1105pqrs: loading out-of-tree module taints kernel.

Sat, 22 Jun 2019 18:03:20 [line:102] INFO [    4.689909] sja1105pqrs spi0.0: Loading SJA1105P SPI driver

Sat, 22 Jun 2019 18:03:20 [line:102] INFO [    4.695137] cs_sck_delay=100

Sat, 22 Jun 2019 18:03:20 [line:102] INFO [    4.697982] pcssck=3, cssck=0

Sat, 22 Jun 2019 18:03:20 [line:102] INFO [    4.700916] pasc=3, asc=0

Sat, 22 Jun 2019 18:03:20 [line:102] INFO [    4.703522] get pcssck=1, cssck=4

Sat, 22 Jun 2019 18:03:20 [line:102] INFO [    4.706845] eoq_write 8

Sat, 22 Jun 2019 18:03:20 [line:102] INFO [    4.706864] owen dspi_eoq_read rx_bytes_count = 8, rx_frames_count = 4

Sat, 22 Jun 2019 18:03:20 [line:102] INFO [    4.706866] 		88

Sat, 22 Jun 2019 18:03:20 [line:102] INFO [    4.706867] 		b8

Sat, 22 Jun 2019 18:03:20 [line:102] INFO [    4.706869] 		d9

Sat, 22 Jun 2019 18:03:20 [line:102] INFO [    4.706870] 		9

Sat, 22 Jun 2019 18:03:20 [line:102] INFO [    4.706871] 		80

Sat, 22 Jun 2019 18:03:20 [line:102] INFO [    4.706872] 		ff

Sat, 22 Jun 2019 18:03:20 [line:102] INFO [    4.706873] 		ff

Sat, 22 Jun 2019 18:03:20 [line:102] INFO [    4.706874] 		ff

Sat, 22 Jun 2019 18:03:20 [line:102] INFO [    4.706875] 

Sat, 22 Jun 2019 18:03:20 [line:102] INFO [    4.731671] sja1105pqrs spi0.0: SJA1105P invalid Device Id, is 00000000

Sat, 22 Jun 2019 18:03:20 [line:102] INFO [    4.738237] sja1105pqrs spi0.0: SJA1105P SPI Failed to read Device Id

Sat, 22 Jun 2019 18:03:20 [line:102] INFO [    4.744696] sja1105pqrs spi0.5: Loading SJA1105P SPI driver

Sat, 22 Jun 2019 18:03:20 [line:102] INFO [    4.750185] cs_sck_delay=100

Sat, 22 Jun 2019 18:03:20 [line:102] INFO [    4.753029] pcssck=3, cssck=0

Sat, 22 Jun 2019 18:03:20 [line:102] INFO [    4.755982] pasc=3, asc=0

Sat, 22 Jun 2019 18:03:20 [line:102] INFO [    4.758578] get pcssck=1, cssck=4

Sat, 22 Jun 2019 18:03:20 [line:102] INFO [    4.761893] eoq_write 8

Sat, 22 Jun 2019 18:03:20 [line:102] INFO [    4.761910] owen dspi_eoq_read rx_bytes_count = 8, rx_frames_count = 4

Sat, 22 Jun 2019 18:03:20 [line:102] INFO [    4.761911] 		88

Sat, 22 Jun 2019 18:03:20 [line:102] INFO [    4.761913] 		b8

Sat, 22 Jun 2019 18:03:20 [line:102] INFO [    4.761914] 		d9

Sat, 22 Jun 2019 18:03:20 [line:102] INFO [    4.761915] 		9

Sat, 22 Jun 2019 18:03:20 [line:102] INFO [    4.761916] 		80

Sat, 22 Jun 2019 18:03:20 [line:102] INFO [    4.761917] 		ff

Sat, 22 Jun 2019 18:03:20 [line:102] INFO [    4.761918] 		ff

Sat, 22 Jun 2019 18:03:20 [line:102] INFO [    4.761919] 		ff

Sat, 22 Jun 2019 18:03:20 [line:102] INFO [    4.761921] 

Sat, 22 Jun 2019 18:03:20 [line:102] INFO [    4.786737] sja1105pqrs spi0.5: SJA1105P invalid Device Id, is 00000000

Sat, 22 Jun 2019 18:03:20 [line:102] INFO [    4.793303] sja1105pqrs spi0.5: SJA1105P SPI Failed to read Device Id

Sat, 22 Jun 2019 18:03:20 [line:102] INFO [    4.819898] EXT4-fs (mmcblk0p2): re-mounted. Opts: (null)

Sat, 22 Jun 2019 18:03:21 [line:102] INFO speed 38400 baud; rows 0; columns 0; line = 0;

Sat, 22 Jun 2019 18:03:21 [line:102] INFO intr = ^C; quit = ^\; erase = ^?; kill = ^U; eof = ^D; eol = <undef>;

Sat, 22 Jun 2019 18:03:21 [line:102] INFO eol2 = <undef>; swtch = <undef>; start = ^Q; stop = ^S; susp = ^Z; rprnt = ^R;

Sat, 22 Jun 2019 18:03:21 [line:102] INFO werase = ^W; lnext = ^V; discard = ^O; min = 1; time = 0;

Sat, 22 Jun 2019 18:03:21 [line:102] INFO -parenb -parodd -cmspar cs8 hupcl -cstopb cread clocal -crtscts

Sat, 22 Jun 2019 18:03:21 [line:102] INFO -ignbrk -brkint -ignpar -parmrk -inpck -istrip -inlcr -igncr icrnl ixon -ixoff

Sat, 22 Jun 2019 18:03:21 [line:102] INFO -iuclc -ixany -imaxbel -iutf8

Sat, 22 Jun 2019 18:03:21 [line:102] INFO opost -olcuc -ocrnl onlcr -onocr -onlret -ofill -ofdel nl0 cr0 tab0 bs0 vt0 ff0

Sat, 22 Jun 2019 18:03:21 [line:102] INFO isig icanon iexten echo echoe echok -echonl -noflsh -xcase -tostop -echoprt

Sat, 22 Jun 2019 18:03:21 [line:102] INFO echoctl echoke -flusho -extproc

Sat, 22 Jun 2019 18:03:22 [line:102] INFO [    7.062506] IPv6: ADDRCONF(NETDEV_CHANGE): can0: link becomes ready

Sat, 22 Jun 2019 18:03:22 [line:102] INFO [    7.071721] IPv6: ADDRCONF(NETDEV_CHANGE): can1: link becomes ready

Sat, 22 Jun 2019 18:03:24 [line:102] INFO 1970-01-01T00:00:09Z chronyd version 2.4 starting (+CMDMON +NTP +REFCLOCK +RTC -PRIVDROP -SCFILTER -SECHASH +ASYNCDNS +IPV6 -DEBUG)

Sat, 22 Jun 2019 18:03:24 [line:102] INFO 1970-01-01T00:00:09Z Setting filter length for PPS0 to 1

Sat, 22 Jun 2019 18:03:24 [line:102] INFO 1970-01-01T00:00:09Z Could not create directory /var/log : File exists

Sat, 22 Jun 2019 18:03:24 [line:102] INFO 1970-01-01T00:00:09Z Couldn't open logfile /var/log/chrony/tracking.log for update

Sat, 22 Jun 2019 18:03:26 [line:102] INFO [   11.097856] pcieport 0000:00:00.0: BAR 8: assigned [mem 0x72200000-0x722fffff]

Sat, 22 Jun 2019 18:03:26 [line:102] INFO [   11.104726] pci 0000:01:00.0: BAR 0: assigned [mem 0x72200000-0x72200fff 64bit]

Sat, 22 Jun 2019 18:03:26 [line:102] INFO [   11.112019] pci 0000:01:00.0: BAR 2: assigned [mem 0x72201000-0x72201fff 64bit]

