Sat, 22 Jun 2019 17:29:27 [line:126] INFO ============start loop 1============
Sat, 22 Jun 2019 17:29:30 [line:48] INFO Turn On
Sat, 22 Jun 2019 17:29:36 [line:102] INFO 

Sat, 22 Jun 2019 17:29:36 [line:102] INFO U-Boot 2016.01 (Jun 13 2019 - 16:48:21 +0800)

Sat, 22 Jun 2019 17:29:36 [line:102] INFO 

Sat, 22 Jun 2019 17:29:36 [line:102] INFO CPU:   NXP S32V234 V2.0 at 1000 MHz

Sat, 22 Jun 2019 17:29:36 [line:102] INFO Reset cause: unknown reset

Sat, 22 Jun 2019 17:29:36 [line:102] INFO Board: s32v234evb29288

Sat, 22 Jun 2019 17:29:36 [line:102] INFO I2C:   ready

Sat, 22 Jun 2019 17:29:36 [line:102] INFO DRAM:  2 GiB

Sat, 22 Jun 2019 17:29:36 [line:102] INFO All (4) cores are up.

Sat, 22 Jun 2019 17:29:36 [line:102] INFO MMC:   Config the emmc hc and disable sdhc

Sat, 22 Jun 2019 17:29:36 [line:102] INFO FSL_SDHC: 0

Sat, 22 Jun 2019 17:29:36 [line:102] INFO 

Sat, 22 Jun 2019 17:29:36 [line:102] INFO Forcing PCIe to Gen1 operation

Sat, 22 Jun 2019 17:29:36 [line:102] INFO phy link never came up

Sat, 22 Jun 2019 17:29:37 [line:102] INFO DEBUG_R0: 0x00d89200, DEBUG_R1: 0x08200000

Sat, 22 Jun 2019 17:29:37 [line:102] INFO In:    serial

Sat, 22 Jun 2019 17:29:37 [line:102] INFO Out:   serial

Sat, 22 Jun 2019 17:29:37 [line:102] INFO Err:   serial

Sat, 22 Jun 2019 17:29:37 [line:102] INFO The security module (CSE3) is disabled.

Sat, 22 Jun 2019 17:29:37 [line:102] INFO Net:   

Sat, 22 Jun 2019 17:29:37 [line:102] INFO Warning: System is using default MAC address. Please set a new value

Sat, 22 Jun 2019 17:29:37 [line:102] INFO FEC

Sat, 22 Jun 2019 17:29:40 [line:102] INFO Hit any key to stop autoboot:  3  2  1  0 

Sat, 22 Jun 2019 17:29:40 [line:102] INFO switch to partitions #0, OK

Sat, 22 Jun 2019 17:29:40 [line:102] INFO mmc0(part 0) is current device

Sat, 22 Jun 2019 17:29:40 [line:102] INFO reading Image

Sat, 22 Jun 2019 17:29:40 [line:102] INFO 10485760 bytes read in 505 ms (19.8 MiB/s)

Sat, 22 Jun 2019 17:29:40 [line:102] INFO Booting from mmc ... s32v234-evb.dias.emmc.dtb

Sat, 22 Jun 2019 17:29:40 [line:102] INFO reading s32v234-evb.dias.emmc.dtb

Sat, 22 Jun 2019 17:29:40 [line:102] INFO 1048576 bytes read in 62 ms (16.1 MiB/s)

Sat, 22 Jun 2019 17:29:40 [line:102] INFO ## Flattened Device Tree blob at 82000000

Sat, 22 Jun 2019 17:29:40 [line:102] INFO    Booting using the fdt blob at 0x82000000

Sat, 22 Jun 2019 17:29:40 [line:102] INFO    reserving fdt memory region: addr=80000000 size=10000

Sat, 22 Jun 2019 17:29:40 [line:102] INFO    Loading Device Tree to 000000009fff5000, end 000000009ffff6c4 ... OK

Sat, 22 Jun 2019 17:29:40 [line:102] INFO 

Sat, 22 Jun 2019 17:29:40 [line:102] INFO Starting kernel ...

Sat, 22 Jun 2019 17:29:40 [line:102] INFO 

Sat, 22 Jun 2019 17:29:42 [line:102] INFO [    0.000000] Booting Linux on physical CPU 0x0

Sat, 22 Jun 2019 17:29:42 [line:102] INFO [    0.000000] Linux version 4.14.34-rt27+g5b7d979 (oe-user@oe-host) (gcc version 7.1.1 20170707 (Linaro GCC 7.1-2017.08)) #1 SMP Tue Jun 18 11:20:55 CST 2019

Sat, 22 Jun 2019 17:29:42 [line:102] INFO [    0.000000] Boot CPU: AArch64 Processor [410fd034]

Sat, 22 Jun 2019 17:29:42 [line:102] INFO [    0.000000] Machine model: Freescale S32V234

Sat, 22 Jun 2019 17:29:42 [line:102] INFO [    0.000000] percpu: Embedded 20 pages/cpu @ffffffc07ff79000 s43416 r8192 d30312 u81920

Sat, 22 Jun 2019 17:29:42 [line:102] INFO [    0.000000] Detected VIPT I-cache on CPU0

Sat, 22 Jun 2019 17:29:42 [line:102] INFO [    0.000000] CPU features: enabling workaround for ARM erratum 845719

Sat, 22 Jun 2019 17:29:42 [line:102] INFO [    0.000000] Built 1 zonelists, mobility grouping on.  Total pages: 512000

Sat, 22 Jun 2019 17:29:42 [line:102] INFO [    0.000000] Kernel command line: console=ttyLF0,115200 root=/dev/mmcblk0p2 rootwait rw

Sat, 22 Jun 2019 17:29:42 [line:102] INFO [    0.000000] PID hash table entries: 4096 (order: 3, 32768 bytes)

Sat, 22 Jun 2019 17:29:42 [line:102] INFO [    0.000000] Dentry cache hash table entries: 262144 (order: 9, 2097152 bytes)

Sat, 22 Jun 2019 17:29:42 [line:102] INFO [    0.000000] Inode-cache hash table entries: 131072 (order: 8, 1048576 bytes)

Sat, 22 Jun 2019 17:29:42 [line:102] INFO [    0.000000] Memory: 2035752K/2076672K available (5822K kernel code, 414K rwdata, 1576K rodata, 384K init, 258K bss, 40920K reserved, 0K cma-reserved)

Sat, 22 Jun 2019 17:29:42 [line:102] INFO [    0.000000] Virtual kernel memory layout:

Sat, 22 Jun 2019 17:29:42 [line:102] INFO [    0.000000]     modules : 0xffffff8000000000 - 0xffffff8008000000   (   128 MB)

Sat, 22 Jun 2019 17:29:42 [line:102] INFO [    0.000000]     vmalloc : 0xffffff8008000000 - 0xffffffbebfff0000   (   250 GB)

Sat, 22 Jun 2019 17:29:42 [line:102] INFO [    0.000000]       .text : 0xffffff8008080000 - 0xffffff8008630000   (  5824 KB)

Sat, 22 Jun 2019 17:29:42 [line:102] INFO [    0.000000]     .rodata : 0xffffff8008630000 - 0xffffff80087c0000   (  1600 KB)

Sat, 22 Jun 2019 17:29:42 [line:102] INFO [    0.000000]       .init : 0xffffff80087c0000 - 0xffffff8008820000   (   384 KB)

Sat, 22 Jun 2019 17:29:42 [line:102] INFO [    0.000000]       .data : 0xffffff8008820000 - 0xffffff8008887808   (   415 KB)

Sat, 22 Jun 2019 17:29:42 [line:102] INFO [    0.000000]        .bss : 0xffffff8008887808 - 0xffffff80088c80c8   (   259 KB)

Sat, 22 Jun 2019 17:29:42 [line:102] INFO [    0.000000]     fixed   : 0xffffffbefe7fb000 - 0xffffffbefec00000   (  4116 KB)

Sat, 22 Jun 2019 17:29:42 [line:102] INFO [    0.000000]     PCI I/O : 0xffffffbefee00000 - 0xffffffbeffe00000   (    16 MB)

Sat, 22 Jun 2019 17:29:42 [line:102] INFO [    0.000000]     vmemmap : 0xffffffbf00000000 - 0xffffffc000000000   (     4 GB maximum)

Sat, 22 Jun 2019 17:29:42 [line:102] INFO [    0.000000]               0xffffffbf00000000 - 0xffffffbf01c00000   (    28 MB actual)

Sat, 22 Jun 2019 17:29:42 [line:102] INFO [    0.000000]     memory  : 0xffffffc000000000 - 0xffffffc080000000   (  2048 MB)

Sat, 22 Jun 2019 17:29:42 [line:102] INFO [    0.000000] Hierarchical RCU implementation.

Sat, 22 Jun 2019 17:29:42 [line:102] INFO [    0.000000] 	RCU event tracing is enabled.

Sat, 22 Jun 2019 17:29:42 [line:102] INFO [    0.000000] NR_IRQS: 64, nr_irqs: 64, preallocated irqs: 0

Sat, 22 Jun 2019 17:29:42 [line:102] INFO [    0.000000] arch_timer: cp15 timer(s) running at 12.00MHz (virt).

Sat, 22 Jun 2019 17:29:42 [line:102] INFO [    0.000000] clocksource: arch_sys_counter: mask: 0xffffffffffffff max_cycles: 0x2c47f4ee7, max_idle_ns: 440795202497 ns

Sat, 22 Jun 2019 17:29:42 [line:102] INFO [    0.000004] sched_clock: 56 bits at 12MHz, resolution 83ns, wraps every 4398046511096ns

Sat, 22 Jun 2019 17:29:42 [line:102] INFO [    0.000473] Console: colour dummy device 80x25

Sat, 22 Jun 2019 17:29:42 [line:102] INFO [    0.000488] Calibrating delay loop (skipped), value calculated using timer frequency.. 24.00 BogoMIPS (lpj=48000)

Sat, 22 Jun 2019 17:29:42 [line:102] INFO [    0.000497] pid_max: default: 32768 minimum: 301

Sat, 22 Jun 2019 17:29:42 [line:102] INFO [    0.000587] Security Framework initialized

Sat, 22 Jun 2019 17:29:42 [line:102] INFO [    0.000639] Mount-cache hash table entries: 4096 (order: 3, 32768 bytes)

Sat, 22 Jun 2019 17:29:42 [line:102] INFO [    0.000657] Mountpoint-cache hash table entries: 4096 (order: 3, 32768 bytes)

Sat, 22 Jun 2019 17:29:42 [line:102] INFO [    0.001353] ASID allocator initialised with 32768 entries

Sat, 22 Jun 2019 17:29:42 [line:102] INFO [    0.001415] Hierarchical SRCU implementation.

Sat, 22 Jun 2019 17:29:42 [line:102] INFO [    0.002052] smp: Bringing up secondary CPUs ...

Sat, 22 Jun 2019 17:29:42 [line:102] INFO [    0.002382] Detected VIPT I-cache on CPU1

Sat, 22 Jun 2019 17:29:42 [line:102] INFO [    0.002425] CPU1: Booted secondary processor [410fd034]

Sat, 22 Jun 2019 17:29:42 [line:102] INFO [    0.002779] Detected VIPT I-cache on CPU2

Sat, 22 Jun 2019 17:29:42 [line:102] INFO [    0.002819] CPU2: Booted secondary processor [410fd034]

Sat, 22 Jun 2019 17:29:42 [line:102] INFO [    0.003180] Detected VIPT I-cache on CPU3

Sat, 22 Jun 2019 17:29:42 [line:102] INFO [    0.003202] CPU3: Booted secondary processor [410fd034]

Sat, 22 Jun 2019 17:29:42 [line:102] INFO [    0.003279] smp: Brought up 1 node, 4 CPUs

Sat, 22 Jun 2019 17:29:42 [line:102] INFO [    0.003298] SMP: Total of 4 processors activated.

Sat, 22 Jun 2019 17:29:42 [line:102] INFO [    0.003304] CPU features: detected feature: 32-bit EL0 Support

Sat, 22 Jun 2019 17:29:42 [line:102] INFO [    0.003309] CPU features: detected feature: Kernel page table isolation (KPTI)

Sat, 22 Jun 2019 17:29:42 [line:102] INFO [    0.006116] CPU: All CPU(s) started at EL1

Sat, 22 Jun 2019 17:29:42 [line:102] INFO [    0.006138] alternatives: patching kernel code

Sat, 22 Jun 2019 17:29:42 [line:102] INFO [    0.006898] devtmpfs: initialized

Sat, 22 Jun 2019 17:29:42 [line:102] INFO [    0.010644] random: get_random_u32 called from bucket_table_alloc+0x10c/0x260 with crng_init=0

Sat, 22 Jun 2019 17:29:42 [line:102] INFO [    0.010963] clocksource: jiffies: mask: 0xffffffff max_cycles: 0xffffffff, max_idle_ns: 7645041785100000 ns

Sat, 22 Jun 2019 17:29:42 [line:102] INFO [    0.010976] futex hash table entries: 1024 (order: 5, 131072 bytes)

Sat, 22 Jun 2019 17:29:42 [line:102] INFO [    0.011179] pinctrl core: initialized pinctrl subsystem

Sat, 22 Jun 2019 17:29:42 [line:102] INFO [    0.011731] NET: Registered protocol family 16

Sat, 22 Jun 2019 17:29:42 [line:102] INFO [    0.012541] NET: Registered protocol family 42

Sat, 22 Jun 2019 17:29:42 [line:102] INFO [    0.013015] vdso: 2 pages (1 code @ ffffff8008636000, 1 data @ ffffff8008824000)

Sat, 22 Jun 2019 17:29:42 [line:102] INFO [    0.013028] hw-breakpoint: found 6 breakpoint and 4 watchpoint registers.

Sat, 22 Jun 2019 17:29:42 [line:102] INFO [    0.013264] DMA: preallocated 256 KiB pool for atomic allocations

Sat, 22 Jun 2019 17:29:42 [line:102] INFO [    0.025743] HugeTLB registered 2.00 MiB page size, pre-allocated 0 pages

Sat, 22 Jun 2019 17:29:42 [line:102] INFO [    0.028133] vgaarb: loaded

Sat, 22 Jun 2019 17:29:42 [line:102] INFO [    0.028329] SCSI subsystem initialized

Sat, 22 Jun 2019 17:29:42 [line:102] INFO [    0.028520] usbcore: registered new interface driver usbfs

Sat, 22 Jun 2019 17:29:42 [line:102] INFO [    0.028561] usbcore: registered new interface driver hub

Sat, 22 Jun 2019 17:29:42 [line:102] INFO [    0.028615] usbcore: registered new device driver usb

Sat, 22 Jun 2019 17:29:42 [line:102] INFO [    0.028801] imx-i2c 40051000.i2c: could not find pctldev for node /soc/aips-bus@40000000/siul2/siul2-pinctrl@4006C000/s32v234-evb/i2c0grp, deferring probe

Sat, 22 Jun 2019 17:29:42 [line:102] INFO [    0.028897] imx-i2c 400b8000.i2c: could not find pctldev for node /soc/aips-bus@40000000/siul2/siul2-pinctrl@4006C000/s32v234-evb/i2c1grp, deferring probe

Sat, 22 Jun 2019 17:29:42 [line:102] INFO [    0.028924] imx-i2c 400ba000.i2c: could not find pctldev for node /soc/aips-bus@40000000/siul2/siul2-pinctrl@4006C000/s32v234-evb/i2c2grp, deferring probe

Sat, 22 Jun 2019 17:29:42 [line:102] INFO [    0.029030] pps_core: LinuxPPS API ver. 1 registered

Sat, 22 Jun 2019 17:29:42 [line:102] INFO [    0.029035] pps_core: Software ver. 5.3.6 - Copyright 2005-2007 Rodolfo Giometti <giometti@linux.it>

Sat, 22 Jun 2019 17:29:42 [line:102] INFO [    0.029057] PTP clock support registered

Sat, 22 Jun 2019 17:29:42 [line:102] INFO [    0.029757] clocksource: Switched to clocksource arch_sys_counter

Sat, 22 Jun 2019 17:29:42 [line:102] INFO [    0.035619] NET: Registered protocol family 2

Sat, 22 Jun 2019 17:29:42 [line:102] INFO [    0.035954] TCP established hash table entries: 16384 (order: 5, 131072 bytes)

Sat, 22 Jun 2019 17:29:42 [line:102] INFO [    0.036082] TCP bind hash table entries: 16384 (order: 6, 262144 bytes)

Sat, 22 Jun 2019 17:29:42 [line:102] INFO [    0.036313] TCP: Hash tables configured (established 16384 bind 16384)

Sat, 22 Jun 2019 17:29:42 [line:102] INFO [    0.036420] UDP hash table entries: 1024 (order: 3, 32768 bytes)

Sat, 22 Jun 2019 17:29:42 [line:102] INFO [    0.036468] UDP-Lite hash table entries: 1024 (order: 3, 32768 bytes)

Sat, 22 Jun 2019 17:29:42 [line:102] INFO [    0.036625] NET: Registered protocol family 1

Sat, 22 Jun 2019 17:29:42 [line:102] INFO [    0.036889] RPC: Registered named UNIX socket transport module.

Sat, 22 Jun 2019 17:29:42 [line:102] INFO [    0.036895] RPC: Registered udp transport module.

Sat, 22 Jun 2019 17:29:42 [line:102] INFO [    0.036899] RPC: Registered tcp transport module.

Sat, 22 Jun 2019 17:29:42 [line:102] INFO [    0.036903] RPC: Registered tcp NFSv4.1 backchannel transport module.

Sat, 22 Jun 2019 17:29:42 [line:102] INFO [    0.037529] hw perfevents: enabled with armv8_pmuv3 PMU driver, 7 counters available

Sat, 22 Jun 2019 17:29:42 [line:102] INFO [    0.038742] workingset: timestamp_bits=62 max_order=19 bucket_order=0

Sat, 22 Jun 2019 17:29:42 [line:102] INFO [    0.039511] fuse init (API version 7.26)

Sat, 22 Jun 2019 17:29:42 [line:102] INFO [    0.040118] Block layer SCSI generic (bsg) driver version 0.4 loaded (major 248)

Sat, 22 Jun 2019 17:29:42 [line:102] INFO [    0.040128] io scheduler noop registered

Sat, 22 Jun 2019 17:29:42 [line:102] INFO [    0.040133] io scheduler deadline registered

Sat, 22 Jun 2019 17:29:42 [line:102] INFO [    0.040161] io scheduler cfq registered (default)

Sat, 22 Jun 2019 17:29:42 [line:102] INFO [    0.040166] io scheduler mq-deadline registered

Sat, 22 Jun 2019 17:29:42 [line:102] INFO [    0.040171] io scheduler kyber registered

Sat, 22 Jun 2019 17:29:42 [line:102] INFO [    0.040681] s32v234-siul2-pinctrl 4006c240.siul2-pinctrl: initialized s32 pinctrl driver

Sat, 22 Jun 2019 17:29:42 [line:102] INFO [    0.043125] s32v234-pcie 72ffc000.pcie: Configuring as RC

Sat, 22 Jun 2019 17:29:42 [line:102] INFO [    0.043211] s32v234-pcie 72ffc000.pcie: Allocated line 0 for interrupt 79

Sat, 22 Jun 2019 17:29:42 [line:102] INFO [    0.043220] OF: PCI: host bridge /pcie@0x72000000 ranges:

Sat, 22 Jun 2019 17:29:42 [line:102] INFO [    0.043235] OF: PCI:    IO 0x72f80000..0x72f8ffff -> 0x00000000

Sat, 22 Jun 2019 17:29:42 [line:102] INFO [    0.043244] OF: PCI:   MEM 0x72000000..0x72efffff -> 0x72000000

Sat, 22 Jun 2019 17:29:42 [line:102] INFO [    0.093872] s32v234-pcie 72ffc000.pcie: SOC revision: 0x10

Sat, 22 Jun 2019 17:29:42 [line:102] INFO [    1.094021] s32v234-pcie 72ffc000.pcie: phy link never came up

Sat, 22 Jun 2019 17:29:42 [line:102] INFO [    1.094031] s32v234-pcie 72ffc000.pcie: phy link never came up

Sat, 22 Jun 2019 17:29:42 [line:102] INFO [    1.094039] s32v234-pcie 72ffc000.pcie: DEBUG_R0: 0x008a9500, DEBUG_R1: 0x08200000

Sat, 22 Jun 2019 17:29:42 [line:102] INFO [    1.094245] s32v234-pcie 72ffc000.pcie: Failed to bring link up!

Sat, 22 Jun 2019 17:29:42 [line:102] INFO [    1.094372] s32v234-pcie 72ffc000.pcie: PCI host bridge to bus 0000:00

Sat, 22 Jun 2019 17:29:42 [line:102] INFO [    1.094383] pci_bus 0000:00: root bus resource [bus 00-ff]

Sat, 22 Jun 2019 17:29:42 [line:102] INFO [    1.094390] pci_bus 0000:00: root bus resource [io  0x0000-0xffff]

Sat, 22 Jun 2019 17:29:42 [line:102] INFO [    1.094397] pci_bus 0000:00: root bus resource [mem 0x72000000-0x72efffff]

Sat, 22 Jun 2019 17:29:42 [line:102] INFO [    1.094728] pci 0000:00:00.0: BAR 0: assigned [mem 0x72000000-0x720fffff 64bit]

Sat, 22 Jun 2019 17:29:42 [line:102] INFO [    1.094739] pci 0000:00:00.0: BAR 6: assigned [mem 0x72100000-0x7210ffff pref]

Sat, 22 Jun 2019 17:29:42 [line:102] INFO [    1.094748] pci 0000:00:00.0: PCI bridge to [bus 01-ff]

Sat, 22 Jun 2019 17:29:42 [line:102] INFO [    1.095010] pcieport 0000:00:00.0: Signaling PME with IRQ 85

Sat, 22 Jun 2019 17:29:42 [line:102] INFO [    1.095109] pcieport 0000:00:00.0: AER enabled with IRQ 85

Sat, 22 Jun 2019 17:29:42 [line:102] INFO [    1.095946] fsl_dcu 40028000.dcu: DCU: memory pool creation error

Sat, 22 Jun 2019 17:29:42 [line:102] INFO [    1.095957] fsl_dcu 40028000.dcu: DCU: using default surface memory space.

Sat, 22 Jun 2019 17:29:42 [line:102] INFO [    1.096589] fsl_dcu 40028000.dcu: Selected video mode on </dev/fb0> : <1920 x 1080>

Sat, 22 Jun 2019 17:29:42 [line:102] INFO [    1.096820] fsl_dcu 40028000.dcu: Selected video mode on </dev/fb1> : <1920 x 1080>

Sat, 22 Jun 2019 17:29:42 [line:102] INFO [    1.097043] fsl_dcu 40028000.dcu: Selected video mode on </dev/fb2> : <1920 x 1080>

Sat, 22 Jun 2019 17:29:42 [line:102] INFO [    1.097255] fsl_dcu 40028000.dcu: Selected video mode on </dev/fb3> : <1920 x 1080>

Sat, 22 Jun 2019 17:29:42 [line:102] INFO [    1.097464] fsl_dcu 40028000.dcu: Selected video mode on </dev/fb4> : <1920 x 1080>

Sat, 22 Jun 2019 17:29:42 [line:102] INFO [    1.097675] fsl_dcu 40028000.dcu: Selected video mode on </dev/fb5> : <1920 x 1080>

Sat, 22 Jun 2019 17:29:42 [line:102] INFO [    1.097928] fsl_dcu 40028000.dcu: Selected video mode on </dev/fb6> : <1920 x 1080>

Sat, 22 Jun 2019 17:29:42 [line:102] INFO [    1.098161] fsl_dcu 40028000.dcu: Selected video mode on </dev/fb7> : <1920 x 1080>

Sat, 22 Jun 2019 17:29:42 [line:102] INFO [    1.099139] 40053000.serial: ttyLF0 at MMIO 0x40053000 (irq = 24, base_baud = 4166666) is a FSL_LINFLEX

Sat, 22 Jun 2019 17:29:42 [line:102] INFO [    1.914875] console [ttyLF0] enabled

Sat, 22 Jun 2019 17:29:42 [line:102] INFO [    1.918885] 400bc000.serial: ttyLF1 at MMIO 0x400bc000 (irq = 42, base_baud = 4166666) is a FSL_LINFLEX

Sat, 22 Jun 2019 17:29:42 [line:102] INFO [    1.928485] fsl-linflexuart 400bc000.serial: DMA tx channel request failed, operating without tx DMA

Sat, 22 Jun 2019 17:29:43 [line:102] INFO [    1.937689] fsl-linflexuart 400bc000.serial: DMA rx channel request failed, operating without rx DMA

Sat, 22 Jun 2019 17:29:43 [line:102] INFO [    1.947377] cacheinfo: Unable to detect cache hierarchy for CPU 0

Sat, 22 Jun 2019 17:29:43 [line:102] INFO [    1.958150] loop: module loaded

Sat, 22 Jun 2019 17:29:43 [line:102] INFO [    1.962312] num_chipselect =8 

Sat, 22 Jun 2019 17:29:43 [line:102] INFO [    1.962317] bus_num =0 

Sat, 22 Jun 2019 17:29:43 [line:102] INFO [    1.965483] fsl-dspi 40057000.spi: owen register platform irq =26

Sat, 22 Jun 2019 17:29:43 [line:102] INFO [    1.974316] cs_sck_delay=0

Sat, 22 Jun 2019 17:29:43 [line:102] INFO [    1.977034] pcssck=0, cssck=0

Sat, 22 Jun 2019 17:29:43 [line:102] INFO [    1.980025] pasc=0, asc=0

Sat, 22 Jun 2019 17:29:43 [line:102] INFO [    1.982663] get pcssck=1, cssck=4

Sat, 22 Jun 2019 17:29:43 [line:102] INFO [    1.986255]   owen iory devm_gpio_request_one try

Sat, 22 Jun 2019 17:29:43 [line:102] INFO [    1.991060] owen iory devm_gpio_request_one ok

Sat, 22 Jun 2019 17:29:43 [line:102] INFO [    1.995535] owen iory try  pSPI_gpio

Sat, 22 Jun 2019 17:29:43 [line:102] INFO [    1.999177] cs_sck_delay=0

Sat, 22 Jun 2019 17:29:43 [line:102] INFO [    2.001903] pcssck=0, cssck=0

Sat, 22 Jun 2019 17:29:43 [line:102] INFO [    2.004882] pasc=0, asc=0

Sat, 22 Jun 2019 17:29:43 [line:102] INFO [    2.007519] get pcssck=1, cssck=4

Sat, 22 Jun 2019 17:29:43 [line:102] INFO [    2.011106] cs_sck_delay=100

Sat, 22 Jun 2019 17:29:43 [line:102] INFO [    2.014013] pcssck=3, cssck=0

Sat, 22 Jun 2019 17:29:43 [line:102] INFO [    2.016992] pasc=3, asc=0

Sat, 22 Jun 2019 17:29:43 [line:102] INFO [    2.019630] get pcssck=1, cssck=4

Sat, 22 Jun 2019 17:29:43 [line:102] INFO [    2.023098] cs_sck_delay=100

Sat, 22 Jun 2019 17:29:43 [line:102] INFO [    2.025999] pcssck=3, cssck=0

Sat, 22 Jun 2019 17:29:43 [line:102] INFO [    2.028979] pasc=3, asc=0

Sat, 22 Jun 2019 17:29:43 [line:102] INFO [    2.031615] get pcssck=1, cssck=4

Sat, 22 Jun 2019 17:29:43 [line:102] INFO [    2.035068] cs_sck_delay=0

Sat, 22 Jun 2019 17:29:43 [line:102] INFO [    2.037794] pcssck=0, cssck=0

Sat, 22 Jun 2019 17:29:43 [line:102] INFO [    2.040773] pasc=0, asc=0

Sat, 22 Jun 2019 17:29:43 [line:102] INFO [    2.043410] get pcssck=1, cssck=4

Sat, 22 Jun 2019 17:29:43 [line:102] INFO [    2.047274] num_chipselect =4 

Sat, 22 Jun 2019 17:29:43 [line:102] INFO [    2.047278] bus_num =1 

Sat, 22 Jun 2019 17:29:43 [line:102] INFO [    2.050463] fsl-dspi 400c0000.spi: owen register platform irq =44

Sat, 22 Jun 2019 17:29:43 [line:102] INFO [    2.059128] owen dspi_request_dma 9

Sat, 22 Jun 2019 17:29:43 [line:102] INFO [    2.062931] cs_sck_delay=0

Sat, 22 Jun 2019 17:29:43 [line:102] INFO [    2.065649] pcssck=0, cssck=0

Sat, 22 Jun 2019 17:29:43 [line:102] INFO [    2.068640] pasc=0, asc=0

Sat, 22 Jun 2019 17:29:43 [line:102] INFO [    2.071278] get pcssck=1, cssck=4

Sat, 22 Jun 2019 17:29:43 [line:102] INFO [    2.075086] num_chipselect =4 

Sat, 22 Jun 2019 17:29:43 [line:102] INFO [    2.075089] bus_num =3 

Sat, 22 Jun 2019 17:29:43 [line:102] INFO [    2.078277] fsl-dspi 400c2000.spi: owen register platform irq =45

Sat, 22 Jun 2019 17:29:43 [line:102] INFO [    2.086943] owen dspi_request_dma 9

Sat, 22 Jun 2019 17:29:43 [line:102] INFO [    2.090650] cs_sck_delay=0

Sat, 22 Jun 2019 17:29:43 [line:102] INFO [    2.093368] pcssck=0, cssck=0

Sat, 22 Jun 2019 17:29:43 [line:102] INFO [    2.096358] pasc=0, asc=0

Sat, 22 Jun 2019 17:29:43 [line:102] INFO [    2.098996] get pcssck=1, cssck=4

Sat, 22 Jun 2019 17:29:43 [line:102] INFO [    2.103524] libphy: Fixed MDIO Bus: probed

Sat, 22 Jun 2019 17:29:43 [line:102] INFO [    2.107974] tun: Universal TUN/TAP device driver, 1.6

Sat, 22 Jun 2019 17:29:43 [line:102] INFO [    2.113196] vcan: Virtual CAN interface driver

Sat, 22 Jun 2019 17:29:43 [line:102] INFO [    2.117678] slcan: serial line CAN interface driver

Sat, 22 Jun 2019 17:29:43 [line:102] INFO [    2.122591] slcan: 10 dynamic interface channels.

Sat, 22 Jun 2019 17:29:43 [line:102] INFO [    2.127328] CAN device driver interface

Sat, 22 Jun 2019 17:29:43 [line:102] INFO [    2.131835] flexcan 40055000.flexcan: device registered (reg_base=ffffff800891d000, irq=25)

Sat, 22 Jun 2019 17:29:43 [line:102] INFO [    2.140877] flexcan 400be000.flexcan: device registered (reg_base=ffffff8008925000, irq=43)

Sat, 22 Jun 2019 17:29:43 [line:102] INFO [    2.151399] libphy: fec_enet_mii_bus: probed

Sat, 22 Jun 2019 17:29:43 [line:102] INFO [    2.157904] fec 40032000.ethernet eth0: registered PHC device 0

Sat, 22 Jun 2019 17:29:43 [line:102] INFO [    2.164360] ehci_hcd: USB 2.0 'Enhanced' Host Controller (EHCI) Driver

Sat, 22 Jun 2019 17:29:43 [line:102] INFO [    2.170939] ehci-pci: EHCI PCI platform driver

Sat, 22 Jun 2019 17:29:43 [line:102] INFO [    2.175456] ehci-platform: EHCI generic platform driver

Sat, 22 Jun 2019 17:29:43 [line:102] INFO [    2.180836] ohci_hcd: USB 1.1 'Open' Host Controller (OHCI) Driver

Sat, 22 Jun 2019 17:29:43 [line:102] INFO [    2.187073] ohci-pci: OHCI PCI platform driver

Sat, 22 Jun 2019 17:29:43 [line:102] INFO [    2.191591] ohci-platform: OHCI generic platform driver

Sat, 22 Jun 2019 17:29:43 [line:102] INFO [    2.197253] usbcore: registered new interface driver usb-storage

Sat, 22 Jun 2019 17:29:43 [line:102] INFO [    2.203510] i2c /dev entries driver

Sat, 22 Jun 2019 17:29:43 [line:102] INFO [    2.207081] IR NEC protocol handler initialized

Sat, 22 Jun 2019 17:29:43 [line:102] INFO [    2.211644] IR RC5(x/sz) protocol handler initialized

Sat, 22 Jun 2019 17:29:43 [line:102] INFO [    2.216731] IR RC6 protocol handler initialized

Sat, 22 Jun 2019 17:29:43 [line:102] INFO [    2.221291] IR JVC protocol handler initialized

Sat, 22 Jun 2019 17:29:43 [line:102] INFO [    2.225851] IR Sony protocol handler initialized

Sat, 22 Jun 2019 17:29:43 [line:102] INFO [    2.230499] IR SANYO protocol handler initialized

Sat, 22 Jun 2019 17:29:43 [line:102] INFO [    2.235233] IR Sharp protocol handler initialized

Sat, 22 Jun 2019 17:29:43 [line:102] INFO [    2.239968] IR MCE Keyboard/mouse protocol handler initialized

Sat, 22 Jun 2019 17:29:43 [line:102] INFO [    2.245840] IR XMP protocol handler initialized

Sat, 22 Jun 2019 17:29:43 [line:102] INFO [    2.250713] pps pps0: new PPS source 0.pps.-1

Sat, 22 Jun 2019 17:29:43 [line:102] INFO [    2.255145] pps pps0: Registered IRQ 119 as PPS source

Sat, 22 Jun 2019 17:29:43 [line:102] INFO [    2.261055] sac58r-wdt 4000a000.swt: SAC58R/S32V234 Watchdog Timer Registered. timeout=30s (nowayout=0)

Sat, 22 Jun 2019 17:29:43 [line:102] INFO [    2.270717] sac58r-wdt 4000b000.swt: SAC58R/S32V234 Watchdog Timer Registered. timeout=30s (nowayout=0)

Sat, 22 Jun 2019 17:29:43 [line:102] INFO [    2.280418] sac58r-wdt 40084000.swt: SAC58R/S32V234 Watchdog Timer Registered. timeout=30s (nowayout=0)

Sat, 22 Jun 2019 17:29:43 [line:102] INFO [    2.290068] sac58r-wdt 40085000.swt: SAC58R/S32V234 Watchdog Timer Registered. timeout=30s (nowayout=0)

Sat, 22 Jun 2019 17:29:43 [line:102] INFO [    2.299849] sdhci: Secure Digital Host Controller Interface driver

Sat, 22 Jun 2019 17:29:43 [line:102] INFO [    2.306080] sdhci: Copyright(c) Pierre Ossman

Sat, 22 Jun 2019 17:29:43 [line:102] INFO [    2.310467] sdhci-pltfm: SDHCI platform and OF driver helper

Sat, 22 Jun 2019 17:29:43 [line:102] INFO [    2.361763] mmc0: SDHCI controller on 4005d000.usdhc [4005d000.usdhc] using ADMA

Sat, 22 Jun 2019 17:29:43 [line:102] INFO [    2.369585] usbcore: registered new interface driver usbhid

Sat, 22 Jun 2019 17:29:43 [line:102] INFO [    2.375209] usbhid: USB HID core driver

Sat, 22 Jun 2019 17:29:43 [line:102] INFO [    2.390974] NET: Registered protocol family 10

Sat, 22 Jun 2019 17:29:43 [line:102] INFO [    2.396023] Segment Routing with IPv6

Sat, 22 Jun 2019 17:29:43 [line:102] INFO [    2.399768] sit: IPv6, IPv4 and MPLS over IPv4 tunneling driver

Sat, 22 Jun 2019 17:29:43 [line:102] INFO [    2.406150] NET: Registered protocol family 17

Sat, 22 Jun 2019 17:29:43 [line:102] INFO [    2.410636] can: controller area network core (rev 20170425 abi 9)

Sat, 22 Jun 2019 17:29:43 [line:102] INFO [    2.416899] NET: Registered protocol family 29

Sat, 22 Jun 2019 17:29:43 [line:102] INFO [    2.421400] can: raw protocol (rev 20170425)

Sat, 22 Jun 2019 17:29:43 [line:102] INFO [    2.425700] can: broadcast manager protocol (rev 20170425 t)

Sat, 22 Jun 2019 17:29:43 [line:102] INFO [    2.431403] can: netlink gateway (rev 20170425) max_hops=1

Sat, 22 Jun 2019 17:29:43 [line:102] INFO [    2.436961] Key type dns_resolver registered

Sat, 22 Jun 2019 17:29:43 [line:102] INFO [    2.441698] registered taskstats version 1

Sat, 22 Jun 2019 17:29:43 [line:102] INFO [    2.449261] i2c i2c-0: IMX I2C adapter registered

Sat, 22 Jun 2019 17:29:43 [line:102] INFO [    2.454043] i2c i2c-0: using dma0chan2 (tx) and dma0chan3 (rx) for DMA transfers

Sat, 22 Jun 2019 17:29:43 [line:102] INFO [    2.462275] sii902x 1-0039: cound not find device

Sat, 22 Jun 2019 17:29:43 [line:102] INFO [    2.467034] sii902x: probe of 1-0039 failed with error -11

Sat, 22 Jun 2019 17:29:43 [line:102] INFO [    2.472696] i2c i2c-1: IMX I2C adapter registered

Sat, 22 Jun 2019 17:29:43 [line:102] INFO [    2.477466] i2c i2c-1: using dma0chan20 (tx) and dma0chan21 (rx) for DMA transfers

Sat, 22 Jun 2019 17:29:43 [line:102] INFO [    2.485562] i2c i2c-2: IMX I2C adapter registered

Sat, 22 Jun 2019 17:29:43 [line:102] INFO [    2.490338] i2c i2c-2: using dma0chan22 (tx) and dma0chan23 (rx) for DMA transfers

Sat, 22 Jun 2019 17:29:43 [line:102] INFO [    2.498040] hctosys: unable to open rtc device (rtc0)

Sat, 22 Jun 2019 17:29:43 [line:102] INFO [    2.503599] Waiting for root device /dev/mmcblk0p2...

Sat, 22 Jun 2019 17:29:43 [line:102] INFO [    2.514519] mmc0: new DDR MMC card at address 0001

Sat, 22 Jun 2019 17:29:43 [line:102] INFO [    2.519213] mmcblk0: mmc0:0001 S0J57X 29.6 GiB 

Sat, 22 Jun 2019 17:29:43 [line:102] INFO [    2.523556] mmcblk0boot0: mmc0:0001 S0J57X partition 1 31.5 MiB

Sat, 22 Jun 2019 17:29:43 [line:102] INFO [    2.529425] mmcblk0boot1: mmc0:0001 S0J57X partition 2 31.5 MiB

Sat, 22 Jun 2019 17:29:43 [line:102] INFO [    2.535350] mmcblk0rpmb: mmc0:0001 S0J57X partition 3 4.00 MiB

Sat, 22 Jun 2019 17:29:43 [line:102] INFO [    2.541886]  mmcblk0: p1 p2 p3 p4

Sat, 22 Jun 2019 17:29:43 [line:102] INFO [    2.545092] mmcblk0: p4 size 1755107328 extends beyond EOD, truncated

Sat, 22 Jun 2019 17:29:43 [line:102] INFO [    2.554307] EXT4-fs (mmcblk0p2): couldn't mount as ext3 due to feature incompatibilities

Sat, 22 Jun 2019 17:29:43 [line:102] INFO [    2.573799] EXT4-fs (mmcblk0p2): recovery complete

Sat, 22 Jun 2019 17:29:43 [line:102] INFO [    2.579014] EXT4-fs (mmcblk0p2): mounted filesystem with ordered data mode. Opts: (null)

Sat, 22 Jun 2019 17:29:43 [line:102] INFO [    2.586766] VFS: Mounted root (ext4 filesystem) on device 179:2.

Sat, 22 Jun 2019 17:29:43 [line:102] INFO [    2.593113] devtmpfs: mounted

Sat, 22 Jun 2019 17:29:43 [line:102] INFO [    2.595935] Freeing unused kernel memory: 384K

Sat, 22 Jun 2019 17:29:43 [line:102] INFO INIT: version 2.88 booting

Sat, 22 Jun 2019 17:29:43 [line:102] INFO Starting udev

Sat, 22 Jun 2019 17:29:43 [line:102] INFO [    2.920969] udevd[792]: starting version 3.2.2

Sat, 22 Jun 2019 17:29:44 [line:102] INFO [    2.955096] udevd[793]: starting eudev-3.2.2

Sat, 22 Jun 2019 17:29:44 [line:102] INFO [    3.032557] 

Sat, 22 Jun 2019 17:29:44 [line:102] INFO [    3.032557] [I]6<BS_LOG><smi130_acc_probe><7022>smi130_acc_probe start

Sat, 22 Jun 2019 17:29:44 [line:102] INFO [    3.032557] 

Sat, 22 Jun 2019 17:29:44 [line:102] INFO [    3.165235] 

Sat, 22 Jun 2019 17:29:44 [line:102] INFO [    3.165235] [E]3<BS_LOG><smi130_acc_smbus_read_byte><1748>I2C xfer error

Sat, 22 Jun 2019 17:29:44 [line:102] INFO [    3.173167] 

Sat, 22 Jun 2019 17:29:44 [line:102] INFO [    3.173167] [E]3<BS_LOG><smi130_acc_check_chip_id><1907>Bosch Sensortec Device not found

Sat, 22 Jun 2019 17:29:44 [line:102] INFO [    3.173167] 

Sat, 22 Jun 2019 17:29:44 [line:102] INFO [    3.173167] i2c bus read error, read chip_id:0

Sat, 22 Jun 2019 17:29:44 [line:102] INFO [    3.173167] 

Sat, 22 Jun 2019 17:29:44 [line:102] INFO [    3.306934] 

Sat, 22 Jun 2019 17:29:44 [line:102] INFO [    3.306934] [E]3<BS_LOG><smi130_acc_smbus_read_byte><1748>I2C xfer error

Sat, 22 Jun 2019 17:29:44 [line:102] INFO [    3.314846] 

Sat, 22 Jun 2019 17:29:44 [line:102] INFO [    3.314846] [E]3<BS_LOG><smi130_acc_check_chip_id><1907>Bosch Sensortec Device not found

Sat, 22 Jun 2019 17:29:44 [line:102] INFO [    3.314846] 

Sat, 22 Jun 2019 17:29:44 [line:102] INFO [    3.314846] i2c bus read error, read chip_id:0

Sat, 22 Jun 2019 17:29:44 [line:102] INFO [    3.314846] 

Sat, 22 Jun 2019 17:29:44 [line:102] INFO [    3.448469] 

Sat, 22 Jun 2019 17:29:44 [line:102] INFO [    3.448469] [E]3<BS_LOG><smi130_acc_smbus_read_byte><1748>I2C xfer error

Sat, 22 Jun 2019 17:29:44 [line:102] INFO [    3.456370] 

Sat, 22 Jun 2019 17:29:44 [line:102] INFO [    3.456370] [E]3<BS_LOG><smi130_acc_check_chip_id><1907>Bosch Sensortec Device not found

Sat, 22 Jun 2019 17:29:44 [line:102] INFO [    3.456370] 

Sat, 22 Jun 2019 17:29:44 [line:102] INFO [    3.456370] i2c bus read error, read chip_id:0

Sat, 22 Jun 2019 17:29:44 [line:102] INFO [    3.456370] 

Sat, 22 Jun 2019 17:29:44 [line:102] INFO [    3.589996] 

Sat, 22 Jun 2019 17:29:44 [line:102] INFO [    3.589996] [E]3<BS_LOG><smi130_acc_smbus_read_byte><1748>I2C xfer error

Sat, 22 Jun 2019 17:29:44 [line:102] INFO [    3.597898] 

Sat, 22 Jun 2019 17:29:44 [line:102] INFO [    3.597898] [E]3<BS_LOG><smi130_acc_check_chip_id><1907>Bosch Sensortec Device not found

Sat, 22 Jun 2019 17:29:44 [line:102] INFO [    3.597898] 

Sat, 22 Jun 2019 17:29:44 [line:102] INFO [    3.597898] i2c bus read error, read chip_id:0

Sat, 22 Jun 2019 17:29:44 [line:102] INFO [    3.597898] 

Sat, 22 Jun 2019 17:29:44 [line:102] INFO [    3.731531] 

Sat, 22 Jun 2019 17:29:44 [line:102] INFO [    3.731531] [E]3<BS_LOG><smi130_acc_smbus_read_byte><1748>I2C xfer error

Sat, 22 Jun 2019 17:29:44 [line:102] INFO [    3.739431] 

Sat, 22 Jun 2019 17:29:44 [line:102] INFO [    3.739431] [E]3<BS_LOG><smi130_acc_check_chip_id><1907>Bosch Sensortec Device not found

Sat, 22 Jun 2019 17:29:44 [line:102] INFO [    3.739431] 

Sat, 22 Jun 2019 17:29:44 [line:102] INFO [    3.739431] i2c bus read error, read chip_id:0

Sat, 22 Jun 2019 17:29:44 [line:102] INFO [    3.739431] 

Sat, 22 Jun 2019 17:29:44 [line:102] INFO [    3.878068] 

Sat, 22 Jun 2019 17:29:44 [line:102] INFO [    3.878068] [E]3<BS_LOG><smi130_acc_smbus_write_byte><1809>I2C xfer error

Sat, 22 Jun 2019 17:29:44 [line:102] INFO [    3.886055] 

Sat, 22 Jun 2019 17:29:44 [line:102] INFO [    3.886055] [E]3<BS_LOG><smi130_acc_probe><7044>i2c bus write error, pls check HW connection

Sat, 22 Jun 2019 17:29:44 [line:102] INFO [    3.886055] 

Sat, 22 Jun 2019 17:29:44 [line:102] INFO [    3.897508] smi130_acc: probe of 1-0018 failed with error -22

Sat, 22 Jun 2019 17:29:44 [line:102] INFO [    3.903337] 

Sat, 22 Jun 2019 17:29:44 [line:102] INFO [    3.903337] [I]6<BS_LOG><smi_gyro_probe><1642>function entrance

Sat, 22 Jun 2019 17:29:45 [line:102] INFO [    4.027333] smi130_gyro 1-0068: I2C xfer error

Sat, 22 Jun 2019 17:29:45 [line:102] INFO [    4.031428] 

Sat, 22 Jun 2019 17:29:45 [line:102] INFO [    4.031428] [I]6<BS_LOG><smi_gyro_check_chip_id><392>read chip id result: 0x0

Sat, 22 Jun 2019 17:29:45 [line:102] INFO [    4.157759] smi130_gyro 1-0068: I2C xfer error

Sat, 22 Jun 2019 17:29:45 [line:102] INFO [    4.161848] 

Sat, 22 Jun 2019 17:29:45 [line:102] INFO [    4.161848] [I]6<BS_LOG><smi_gyro_check_chip_id><392>read chip id result: 0x0

Sat, 22 Jun 2019 17:29:45 [line:102] INFO [    4.288175] smi130_gyro 1-0068: I2C xfer error

Sat, 22 Jun 2019 17:29:45 [line:102] INFO [    4.292265] 

Sat, 22 Jun 2019 17:29:45 [line:102] INFO [    4.292265] [I]6<BS_LOG><smi_gyro_check_chip_id><392>read chip id result: 0x0

Sat, 22 Jun 2019 17:29:45 [line:102] INFO [    4.418585] smi130_gyro 1-0068: I2C xfer error

Sat, 22 Jun 2019 17:29:45 [line:102] INFO [    4.422674] 

Sat, 22 Jun 2019 17:29:45 [line:102] INFO [    4.422674] [I]6<BS_LOG><smi_gyro_check_chip_id><392>read chip id result: 0x0

Sat, 22 Jun 2019 17:29:45 [line:102] INFO [    4.549002] smi130_gyro 1-0068: I2C xfer error

Sat, 22 Jun 2019 17:29:45 [line:102] INFO [    4.553092] 

Sat, 22 Jun 2019 17:29:45 [line:102] INFO [    4.553092] [I]6<BS_LOG><smi_gyro_check_chip_id><392>read chip id result: 0x0

Sat, 22 Jun 2019 17:29:45 [line:102] INFO [    4.562756] 

Sat, 22 Jun 2019 17:29:45 [line:102] INFO [    4.562756] [E]3<BS_LOG><smi_gyro_probe><1663>Bosch Sensortec Device not found, chip id mismatch

Sat, 22 Jun 2019 17:29:45 [line:102] INFO [    4.572744] smi130_gyro: probe of 1-0068 failed with error -1

Sat, 22 Jun 2019 17:29:45 [line:102] INFO [    4.619896] loading NXP PHY driver: [autonomous mode]

Sat, 22 Jun 2019 17:29:45 [line:102] INFO [    4.699049] sja1105pqrs: loading out-of-tree module taints kernel.

Sat, 22 Jun 2019 17:29:45 [line:102] INFO [    4.706449] sja1105pqrs spi0.0: Loading SJA1105P SPI driver

Sat, 22 Jun 2019 17:29:45 [line:102] INFO [    4.711678] cs_sck_delay=100

Sat, 22 Jun 2019 17:29:45 [line:102] INFO [    4.714523] pcssck=3, cssck=0

Sat, 22 Jun 2019 17:29:45 [line:102] INFO [    4.717456] pasc=3, asc=0

Sat, 22 Jun 2019 17:29:45 [line:102] INFO [    4.720060] get pcssck=1, cssck=4

Sat, 22 Jun 2019 17:29:45 [line:102] INFO [    4.723387] eoq_write 8

Sat, 22 Jun 2019 17:29:45 [line:102] INFO [    4.723411] owen dspi_eoq_read rx_bytes_count = 8, rx_frames_count = 4

Sat, 22 Jun 2019 17:29:45 [line:102] INFO [    4.723413] 		88

Sat, 22 Jun 2019 17:29:45 [line:102] INFO [    4.723415] 		38

Sat, 22 Jun 2019 17:29:45 [line:102] INFO [    4.723416] 		d

Sat, 22 Jun 2019 17:29:45 [line:102] INFO [    4.723417] 		b

Sat, 22 Jun 2019 17:29:45 [line:102] INFO [    4.723418] 		80

Sat, 22 Jun 2019 17:29:45 [line:102] INFO [    4.723419] 		ff

Sat, 22 Jun 2019 17:29:45 [line:102] INFO [    4.723420] 		ff

Sat, 22 Jun 2019 17:29:45 [line:102] INFO [    4.723421] 		ff

Sat, 22 Jun 2019 17:29:45 [line:102] INFO [    4.723423] 

Sat, 22 Jun 2019 17:29:45 [line:102] INFO [    4.748128] sja1105pqrs spi0.0: SJA1105P invalid Device Id, is 00000000

Sat, 22 Jun 2019 17:29:45 [line:102] INFO [    4.754695] sja1105pqrs spi0.0: SJA1105P SPI Failed to read Device Id

Sat, 22 Jun 2019 17:29:45 [line:102] INFO [    4.761151] sja1105pqrs spi0.5: Loading SJA1105P SPI driver

Sat, 22 Jun 2019 17:29:45 [line:102] INFO [    4.766643] cs_sck_delay=100

Sat, 22 Jun 2019 17:29:45 [line:102] INFO [    4.769485] pcssck=3, cssck=0

Sat, 22 Jun 2019 17:29:45 [line:102] INFO [    4.772436] pasc=3, asc=0

Sat, 22 Jun 2019 17:29:45 [line:102] INFO [    4.775035] get pcssck=1, cssck=4

Sat, 22 Jun 2019 17:29:45 [line:102] INFO [    4.778348] eoq_write 8

Sat, 22 Jun 2019 17:29:45 [line:102] INFO [    4.778366] owen dspi_eoq_read rx_bytes_count = 8, rx_frames_count = 4

Sat, 22 Jun 2019 17:29:45 [line:102] INFO [    4.778368] 		88

Sat, 22 Jun 2019 17:29:45 [line:102] INFO [    4.778369] 		38

Sat, 22 Jun 2019 17:29:45 [line:102] INFO [    4.778370] 		d

Sat, 22 Jun 2019 17:29:45 [line:102] INFO [    4.778371] 		b

Sat, 22 Jun 2019 17:29:45 [line:102] INFO [    4.778373] 		80

Sat, 22 Jun 2019 17:29:45 [line:102] INFO [    4.778374] 		ff

Sat, 22 Jun 2019 17:29:45 [line:102] INFO [    4.778375] 		ff

Sat, 22 Jun 2019 17:29:45 [line:102] INFO [    4.778376] 		ff

Sat, 22 Jun 2019 17:29:45 [line:102] INFO [    4.778377] 

Sat, 22 Jun 2019 17:29:45 [line:102] INFO [    4.803115] sja1105pqrs spi0.5: SJA1105P invalid Device Id, is 00000000

Sat, 22 Jun 2019 17:29:45 [line:102] INFO [    4.809672] sja1105pqrs spi0.5: SJA1105P SPI Failed to read Device Id

Sat, 22 Jun 2019 17:29:45 [line:102] INFO [    4.836376] EXT4-fs (mmcblk0p2): re-mounted. Opts: (null)

Sat, 22 Jun 2019 17:29:47 [line:102] INFO speed 38400 baud; rows 0; columns 0; line = 0;

Sat, 22 Jun 2019 17:29:47 [line:102] INFO intr = ^C; quit = ^\; erase = ^?; kill = ^U; eof = ^D; eol = <undef>;

Sat, 22 Jun 2019 17:29:47 [line:102] INFO eol2 = <undef>; swtch = <undef>; start = ^Q; stop = ^S; susp = ^Z; rprnt = ^R;

Sat, 22 Jun 2019 17:29:47 [line:102] INFO werase = ^W; lnext = ^V; discard = ^O; min = 1; time = 0;

Sat, 22 Jun 2019 17:29:47 [line:102] INFO -parenb -parodd -cmspar cs8 hupcl -cstopb cread clocal -crtscts

Sat, 22 Jun 2019 17:29:47 [line:102] INFO -ignbrk -brkint -ignpar -parmrk -inpck -istrip -inlcr -igncr icrnl ixon -ixoff

Sat, 22 Jun 2019 17:29:47 [line:102] INFO -iuclc -ixany -imaxbel -iutf8

Sat, 22 Jun 2019 17:29:47 [line:102] INFO opost -olcuc -ocrnl onlcr -onocr -onlret -ofill -ofdel nl0 cr0 tab0 bs0 vt0 ff0

Sat, 22 Jun 2019 17:29:47 [line:102] INFO isig icanon iexten echo echoe echok -echonl -noflsh -xcase -tostop -echoprt

Sat, 22 Jun 2019 17:29:47 [line:102] INFO echoctl echoke -flusho -extproc

Sat, 22 Jun 2019 17:29:48 [line:102] INFO [    7.078436] IPv6: ADDRCONF(NETDEV_CHANGE): can0: link becomes ready

Sat, 22 Jun 2019 17:29:48 [line:102] INFO [    7.087673] IPv6: ADDRCONF(NETDEV_CHANGE): can1: link becomes ready

Sat, 22 Jun 2019 17:29:50 [line:102] INFO 1970-01-01T00:00:09Z chronyd version 2.4 starting (+CMDMON +NTP +REFCLOCK +RTC -PRIVDROP -SCFILTER -SECHASH +ASYNCDNS +IPV6 -DEBUG)

Sat, 22 Jun 2019 17:29:50 [line:102] INFO 1970-01-01T00:00:09Z Setting filter length for PPS0 to 1

Sat, 22 Jun 2019 17:29:50 [line:102] INFO 1970-01-01T00:00:09Z Could not create directory /var/log : File exists

Sat, 22 Jun 2019 17:29:50 [line:102] INFO 1970-01-01T00:00:09Z Couldn't open logfile /var/log/chrony/tracking.log for update

Sat, 22 Jun 2019 17:29:52 [line:102] INFO [   11.113866] pcieport 0000:00:00.0: BAR 8: assigned [mem 0x72200000-0x722fffff]

Sat, 22 Jun 2019 17:29:52 [line:102] INFO [   11.120736] pci 0000:01:00.0: BAR 0: assigned [mem 0x72200000-0x72200fff 64bit]

Sat, 22 Jun 2019 17:29:52 [line:102] INFO [   11.128030] pci 0000:01:00.0: BAR 2: assigned [mem 0x72201000-0x72201fff 64bit]

Sat, 22 Jun 2019 17:29:52 [line:102] INFO [   11.135456] mhi 0000:01:00.0: BAR 0: assigned [mem 0x72200000-0x72200fff 64bit]

Sat, 22 Jun 2019 17:29:52 [line:102] INFO [   11.142576] mhi 0000:01:00.0: enabling device (0000 -> 0002)

Sat, 22 Jun 2019 17:29:52 [line:102] INFO 00:00.0 PCI bridge: Freescale Semiconductor Inc Device 4001 (rev 01)

Sat, 22 Jun 2019 17:29:52 [line:102] INFO 01:00.0 Unassigned class [ff00]: Qualcomm Device 0302

Sat, 22 Jun 2019 17:29:53 [line:102] INFO   Service Version Instance Node  Port

Sat, 22 Jun 2019 17:29:53 [line:102] INFO        10       2        0    3    55 Card Application Toolkit service (v2)

Sat, 22 Jun 2019 17:29:53 [line:102] INFO        41       1        1    3    29 RF radiated performance enhancement service

Sat, 22 Jun 2019 17:29:53 [line:102] INFO        42       1        0    3    58 Data system determination service

Sat, 22 Jun 2019 17:29:53 [line:102] INFO         9       2        0    3    45 Voice service

Sat, 22 Jun 2019 17:29:53 [line:102] INFO        34       1        0    3    32 Coexistence service

Sat, 22 Jun 2019 17:29:53 [line:102] INFO        48       1        0    3    61 <unknown>

Sat, 22 Jun 2019 17:29:53 [line:102] INFO         1       1        0    3    48 Wireless Data Service

Sat, 22 Jun 2019 17:29:53 [line:102] INFO        21       1        0    3     9 Modem embedded file system service

Sat, 22 Jun 2019 17:29:53 [line:102] INFO         7       1        0    3    51 Authentication service

Sat, 22 Jun 2019 17:29:53 [line:102] INFO      4097       3        0    3    25 DIAG service

Sat, 22 Jun 2019 17:29:53 [line:102] INFO        22       1        0    3    12 Time service

Sat, 22 Jun 2019 17:29:53 [line:102] INFO        47       1        0    3    54 <unknown>

Sat, 22 Jun 2019 17:29:53 [line:102] INFO        55       1        2    3    41 <unknown>

Sat, 22 Jun 2019 17:29:53 [line:102] INFO        17       1        0    3    28 Service access proxy service

Sat, 22 Jun 2019 17:29:53 [line:102] INFO        49       1        2    3    15 IPA control service

Sat, 22 Jun 2019 17:29:53 [line:102] INFO        11       1        0    3    57 User Identity Module service

Sat, 22 Jun 2019 17:29:53 [line:102] INFO        25       1        0    3    44 Service access proxy service

Sat, 22 Jun 2019 17:29:53 [line:102] INFO        54       1        0    3    18 <unknown>

Sat, 22 Jun 2019 17:29:53 [line:102] INFO         2       1        0    3    60 Device Management Service

Sat, 22 Jun 2019 17:29:53 [line:102] INFO        12       1        0    3    47 Phonebook Management service

Sat, 22 Jun 2019 17:29:53 [line:102] INFO      4097       1        0    3    21 DIAG service

Sat, 22 Jun 2019 17:29:53 [line:102] INFO       227       1        0    3     8 <unknown>

Sat, 22 Jun 2019 17:29:53 [line:102] INFO        16       2        0    3    63 Location service (~ PDS v2)

Sat, 22 Jun 2019 17:29:53 [line:102] INFO        26       1        0    3    50 Wireless data administrative service

Sat, 22 Jun 2019 17:29:53 [line:102] INFO        23       1        0    3    11 Thermal sensors service

Sat, 22 Jun 2019 17:29:53 [line:102] INFO        71       1        0    3    66 <unknown>

Sat, 22 Jun 2019 17:29:53 [line:102] INFO        29       1        0    3    53 Circuit switched videotelephony service

Sat, 22 Jun 2019 17:29:53 [line:102] INFO        36       1        0    3    14 Persistent device configuration service

Sat, 22 Jun 2019 17:29:53 [line:102] INFO        66       1      165    3     1 Service registry notification service

Sat, 22 Jun 2019 17:29:53 [line:102] INFO        43       2       34    3     4 Subsystem control service

Sat, 22 Jun 2019 17:29:53 [line:102] INFO         5       1        0    3    59 Wireless Messaging Service

Sat, 22 Jun 2019 17:29:53 [line:102] INFO         3       1        0    3    46 Network Access Service

Sat, 22 Jun 2019 17:29:53 [line:102] INFO        15       1        0    3     7 Test service

Sat, 22 Jun 2019 17:29:53 [line:102] INFO        68       1        0    3    62 <unknown>

Sat, 22 Jun 2019 17:29:53 [line:102] INFO         4       1        0    3    49 Quality Of Service service

Sat, 22 Jun 2019 17:29:53 [line:102] INFO        24       1        0    3    10 Thermal mitigation device service

Sat, 22 Jun 2019 17:29:53 [line:102] INFO         8       1        0    3    52 AT service

Sat, 22 Jun 2019 17:29:53 [line:102] INFO      4096       2        0    1    32 <unknown>

Sat, 22 Jun 2019 17:29:53 [line:102] INFO      4097       4        0    1     6 DIAG service

Sat, 22 Jun 2019 17:29:53 [line:102] INFO      4096       5        0    1    35 <unknown>

Sat, 22 Jun 2019 17:29:53 [line:102] INFO      4097      68        0    1     9 DIAG service

Sat, 22 Jun 2019 17:29:53 [line:102] INFO      4096       8        0    1    38 <unknown>

Sat, 22 Jun 2019 17:29:53 [line:102] INFO      4097     132        0    1    12 DIAG service

Sat, 22 Jun 2019 17:29:53 [line:102] INFO      4097     196        0    1    15 DIAG service

Sat, 22 Jun 2019 17:29:53 [line:102] INFO       228       1        0    1    57 <unknown>

Sat, 22 Jun 2019 17:29:53 [line:102] INFO      4096       1        0    1    31 <unknown>

Sat, 22 Jun 2019 17:29:53 [line:102] INFO      4097       2        0    1     5 DIAG service

Sat, 22 Jun 2019 17:29:53 [line:102] INFO      4096       4        0    1    34 <unknown>

Sat, 22 Jun 2019 17:29:53 [line:102] INFO      4097      66        0    1     8 DIAG service

Sat, 22 Jun 2019 17:29:53 [line:102] INFO      4096       7        0    1    37 <unknown>

Sat, 22 Jun 2019 17:29:53 [line:102] INFO      4097     130        0    1    11 DIAG service

Sat, 22 Jun 2019 17:29:53 [line:102] INFO      4097     194        0    1    14 DIAG service

Sat, 22 Jun 2019 17:29:53 [line:102] INFO        28       1        1    1     1 Remote file system access service

Sat, 22 Jun 2019 17:29:53 [line:102] INFO        55       1        1    1    69 <unknown>

Sat, 22 Jun 2019 17:29:53 [line:102] INFO        49       1        1    1    17 IPA control service

Sat, 22 Jun 2019 17:29:53 [line:102] INFO      4097       0        0    1     4 DIAG service

Sat, 22 Jun 2019 17:29:53 [line:102] INFO      4096       3        0    1    33 <unknown>

Sat, 22 Jun 2019 17:29:53 [line:102] INFO      4097      64        0    1     7 DIAG service

Sat, 22 Jun 2019 17:29:53 [line:102] INFO      4096       6        0    1    36 <unknown>

Sat, 22 Jun 2019 17:29:53 [line:102] INFO      4097     128        0    1    10 DIAG service

Sat, 22 Jun 2019 17:29:53 [line:102] INFO      4097     192        0    1    13 DIAG service

Sat, 22 Jun 2019 17:29:55 [line:102] INFO  €   '   rmnet_data0 Link encap:UNSPEC  HWaddr 00-00-00-00-00-00-00-00-00-00-00-00-00-00-00-00  

Sat, 22 Jun 2019 17:29:55 [line:102] INFO           [NO FLAGS]  MTU:1500  Metric:1

Sat, 22 Jun 2019 17:29:55 [line:102] INFO           RX packets:0 errors:0 dropped:0 overruns:0 frame:0

Sat, 22 Jun 2019 17:29:55 [line:102] INFO           TX packets:0 errors:0 dropped:0 overruns:0 carrier:0

Sat, 22 Jun 2019 17:29:55 [line:102] INFO           collisions:0 txqueuelen:1000 

Sat, 22 Jun 2019 17:29:55 [line:102] INFO           RX bytes:0 (0.0 B)  TX bytes:0 (0.0 B)

Sat, 22 Jun 2019 17:29:55 [line:102] INFO 

Sat, 22 Jun 2019 17:29:55 [line:102] INFO rmnet_data1 Link encap:UNSPEC  HWaddr 00-00-00-00-00-00-00-00-00-00-00-00-00-00-00-00  

Sat, 22 Jun 2019 17:29:55 [line:102] INFO           [NO FLAGS]  MTU:1500  Metric:1

Sat, 22 Jun 2019 17:29:55 [line:102] INFO           RX packets:0 errors:0 dropped:0 overruns:0 frame:0

Sat, 22 Jun 2019 17:29:55 [line:102] INFO           TX packets:0 errors:0 dropped:0 overruns:0 carrier:0

Sat, 22 Jun 2019 17:29:55 [line:102] INFO           collisions:0 txqueuelen:1000 

Sat, 22 Jun 2019 17:29:55 [line:102] INFO           RX bytes:0 (0.0 B)  TX bytes:0 (0.0 B)

Sat, 22 Jun 2019 17:29:55 [line:102] INFO 

Sat, 22 Jun 2019 17:29:55 [line:102] INFO  €   '   [I][main:236] Starting the CV2X Daemon

Sat, 22 Jun 2019 17:29:55 [line:102] INFO [I][start_v2x_mode:52] Starting V2X mode

Sat, 22 Jun 2019 17:29:55 [line:102] INFO [I][init_qmi_services:381] Initialized QMI clients

Sat, 22 Jun 2019 17:29:55 [line:102] INFO [D][register_nas_callback:410] Command QMI_NAS_INDICATION_REGISTER_REQ_MSG_V01 successful

Sat, 22 Jun 2019 17:29:55 [line:102] INFO [I][register_nas_callback:411] Registered NAS callback

Sat, 22 Jun 2019 17:29:55 [line:102] INFO [D][register_wds_callback:441] Command QMI_WDS_INDICATION_REGISTER_REQ_V01 successful

Sat, 22 Jun 2019 17:29:55 [line:102] INFO [I][register_wds_callback:442] Registered WDS callback

Sat, 22 Jun 2019 17:29:55 [line:102] INFO [D][get_v2x_radio_status:462] Command QMI_NAS_GET_V2X_STATUS_REQ_MSG_V01 successful

Sat, 22 Jun 2019 17:29:55 [line:102] INFO [I][get_v2x_radio_status:467] Read V2X radio status

Sat, 22 Jun 2019 17:29:55 [line:102] INFO [I][start_v2x_mode:72] Starting V2X radio

Sat, 22 Jun 2019 17:29:55 [line:102] INFO [D][wds_callback:286] Received QMI_WDS_V2X_SRC_L2_INFO_IND_V01

Sat, 22 Jun 2019 17:29:55 [line:102] INFO [I][wds_callback:288] l2_addr=0x681750

Sat, 22 Jun 2019 17:29:55 [line:102] INFO [D][start_v2x_radio:487] Command QMI_NAS_V2   14.400922] cv2x-qmi: V2X mode started

Sat, 22 Jun 2019 17:29:55 [line:102] INFO X_START_REQ_MSG_V01 successful

Sat, 22 Jun 2019 17:29:55 [line:102] INFO [I][start_v2x_radio:488] Started V2X radio

Sat, 22 Jun 2019 17:29:55 [line:102] INFO [I][nas_callback:170] tx_status=2, rx_status=2, tx_cause=0, rx_cause=0

Sat, 22 Jun 2019 17:29:55 [line:102] INFO [D][nas_callback:173] cbr_value=-1

Sat, 22 Jun 2019 17:29:55 [line:102] INFO [D][setup_v2x_profiles:571] Found 3 APN profiles

Sat, 22 Jun 2019 17:29:55 [line:102] INFO [I][setup_v2x_profiles:579] Found V2X_IP profile, idx=2, name=v2x_ip

Sat, 22 Jun 2019 17:29:55 [line:102] INFO [I][setup_v2x_profiles:584] Found V2X_NON_IP profile, idx=3, name=v2x_non_ip

Sat, 22 Jun 2019 17:29:55 [line:102] INFO [I][setup_v2x_profiles:614] APN profiles setup done

Sat, 22 Jun 2019 17:29:55 [line:102] INFO [D][start_dsi_library:700] Call to initialize DSI library succeeded

Sat, 22 Jun 2019 17:29:55 [line:102] INFO [E][start_dsi_service:789] Data services not available yet, wait for 1s and retry

Sat, 22 Jun 2019 17:29:56 [line:102] INFO [D][dsi_netctrl_inited_cb:689] DSI library initialized

Sat, 22 Jun 2019 17:29:56 [line:102] INFO [I][start_dsi_service:786] Started data services successfully, handle=806440240

Sat, 22 Jun 2019 17:29:56 [line:102] INFO [I][start_dsi_service:786] Started data services successfully, handle=806442160

Sat, 22 Jun 2019 17:29:56 [line:102] INFO [I][dsi_netctrl_event_cb:729] Received DSI_EVT_WDS_CONNECTED: network_type=0

Sat, 22 Jun 2019 17:29:57 [line:102] INFO [I][dsi_netctrl_event_cb:732] Received DSI_EVT_   15.915867] cv2x-qmi: V2X IP call is online

Sat, 22 Jun 2019 17:29:57 [line:102] INFO NET_IS_CONN: network_type=0 is online

Sat, 22 Jun 2019 17:29:57 [line:102] INFO [D][register_wds_callback:441] Command QMI_WDS_INDICATION_REGISTER_REQ_V01 successful

Sat, 22 Jun 2019 17:29:57 [line:102] INFO [I][register_wds_callback:442] Registered WDS callback

Sat, 22 Jun 2019 17:29:57 [line:102] INFO [D][set_ip_preference_ipv6:630] Command QMI_WDS_SET_CLIENT_IP_FAMILY_PREF_REQ_V01 successful

Sat, 22 Jun 2019 17:29:57 [line:102] INFO  €   '   [I][dsi_netctrl_event_cb:729] Received DSI_EVT_WDS_CONNECTED: network_type=1

Sat, 22 Jun 2019 17:29:57 [line:102] INFO [I][dsi_netctrl_event_cb:732] Received DSI_EVT_   16.398022] cv2x-qmi: V2X Non-IP call is online

Sat, 22 Jun 2019 17:29:57 [line:102] INFO NET_IS_CONN: network_type=1 is online

Sat, 22 Jun 2019 17:29:57 [line:102] INFO [D][register_wds_callback:441] Command QMI_WDS_INDICATION_REGISTER_REQ_V01 successful

Sat, 22 Jun 2019 17:29:57 [line:102] INFO [I][register_wds_callback:442] Registered WDS callback

Sat, 22 Jun 2019 17:29:57 [line:102] INFO [D][set_ip_preference_ipv6:630] Command QMI_WDS_SET_CLIENT_IP_FAMILY_PREF_REQ_V01 successful

Sat, 22 Jun 2019 17:29:57 [line:102] INFO [I][start_v2x_mode:111] V2X mode started

Sat, 22 Jun 2019 17:30:05 [line:102] INFO  €   '   rmnet_data0 Link encap:UNSPEC  HWaddr 00-00-00-00-00-00-00-00-00-00-00-00-00-00-00-00  

Sat, 22 Jun 2019 17:30:05 [line:102] INFO           inet6 addr: fe80::fb07:ad7c:7e68:1750/64 Scope:Link

Sat, 22 Jun 2019 17:30:05 [line:102] INFO           UP RUNNING  MTU:1500  Metric:1

Sat, 22 Jun 2019 17:30:05 [line:102] INFO           RX packets:0 errors:0 dropped:0 overruns:0 frame:0

Sat, 22 Jun 2019 17:30:05 [line:102] INFO           TX packets:6 errors:0 dropped:0 overruns:0 carrier:0

Sat, 22 Jun 2019 17:30:05 [line:102] INFO           collisions:0 txqueuelen:1000 

Sat, 22 Jun 2019 17:30:05 [line:102] INFO           RX bytes:0 (0.0 B)  TX bytes:400 (400.0 B)

Sat, 22 Jun 2019 17:30:05 [line:102] INFO 

Sat, 22 Jun 2019 17:30:05 [line:102] INFO rmnet_data1 Link encap:UNSPEC  HWaddr 00-00-00-00-00-00-00-00-00-00-00-00-00-00-00-00  

Sat, 22 Jun 2019 17:30:05 [line:102] INFO           inet6 addr: 80f8:f80:f80f:80f8:c8c7:f8fc:e302:e886/64 Scope:Global

Sat, 22 Jun 2019 17:30:05 [line:102] INFO           UP RUNNING  MTU:8188  Metric:1

Sat, 22 Jun 2019 17:30:05 [line:102] INFO           RX packets:0 errors:0 dropped:0 overruns:0 frame:0

Sat, 22 Jun 2019 17:30:05 [line:102] INFO           TX packets:2 errors:0 dropped:0 overruns:0 carrier:0

Sat, 22 Jun 2019 17:30:05 [line:102] INFO           collisions:0 txqueuelen:1000 

Sat, 22 Jun 2019 17:30:05 [line:102] INFO           RX bytes:0 (0.0 B)  TX bytes:152 (152.0 B)

Sat, 22 Jun 2019 17:30:05 [line:102] INFO 

Sat, 22 Jun 2019 17:30:05 [line:102] INFO [I][init_qmi_services:381] Initialized QMI clients

Sat, 22 Jun 2019 17:30:05 [line:102] INFO [I][get_v2x_radio_status:467] Read V2X radio status

Sat, 22 Jun 2019 17:30:05 [line:102] INFO V2X rx_status=2, tx_status=2

Sat, 22 Jun 2019 17:30:05 [line:102] INFO [I][deinit_qmi_services:392] De-initialized QMI clients

Sat, 22 Jun 2019 17:30:06 [line:102] INFO Tue Jun 18 11:39:53 UTC 2019

Sat, 22 Jun 2019 17:30:06 [line:102] INFO INIT: Entering runlevel: 5

Sat, 22 Jun 2019 17:30:06 [line:102] INFO Configuring network interfaces... [   25.656081] Generic PHY fixed-0:00: attached PHY driver [Generic PHY] (mii_bus:phy_addr=fixed-0:00, irq=POLL)

Sat, 22 Jun 2019 17:30:06 [line:102] INFO [   25.665775] IPv6: ADDRCONF(NETDEV_UP): eth0: link is not ready

Sat, 22 Jun 2019 17:30:06 [line:102] INFO done.

Sat, 22 Jun 2019 17:30:06 [line:102] INFO Starting OpenBSD Secure Shell server: sshd

Sat, 22 Jun 2019 17:30:06 [line:102] INFO done.

Sat, 22 Jun 2019 17:30:07 [line:102] INFO Starting rpcbind daemon...done.

Sat, 22 Jun 2019 17:30:07 [line:102] INFO starting statd: done

Sat, 22 Jun 2019 17:30:07 [line:102] INFO Starting domain name service: named2019-06-18T11:39:53Z Forward time jump detected!

Sat, 22 Jun 2019 17:30:07 [line:102] INFO .

Sat, 22 Jun 2019 17:30:07 [line:102] INFO Starting network benchmark server: netserver.

Sat, 22 Jun 2019 17:30:07 [line:102] INFO exportfs: can't open /etc/exports for reading

Sat, 22 Jun 2019 17:30:07 [line:102] INFO NFS daemon support not enabled in kernel

Sat, 22 Jun 2019 17:30:07 [line:102] INFO ln: failed to create hard link '/bin/syslogd': File exists

Sat, 22 Jun 2019 17:30:07 [line:102] INFO Starting syslogd/klogd: done

Sat, 22 Jun 2019 17:30:07 [line:102] INFO Starting internet superserver: xinetd.

Sat, 22 Jun 2019 17:30:07 [line:102] INFO Stopping etc/init.d/diasstart done

Sat, 22 Jun 2019 17:30:07 [line:102] INFO  

Sat, 22 Jun 2019 17:30:07 [line:102] INFO Auto Linux BSP 1.0 iBox /dev/ttyLF0

Sat, 22 Jun 2019 17:30:07 [line:102] INFO 

Sat, 22 Jun 2019 17:30:07 [line:102] INFO iBox login: [   26.686679] fec 40032000.ethernet eth0: Link is Up - 1Gbps/Full - flow control off

Sat, 22 Jun 2019 17:30:07 [line:102] INFO [   26.693904] IPv6: ADDRCONF(NETDEV_CHANGE): eth0: link becomes ready

Sat, 22 Jun 2019 17:30:08 [line:102] INFO gpsd.c[2114]: gpsd start.

Sat, 22 Jun 2019 17:30:09 [line:102] INFO  €   '   gpsd:SHOUT: enable the message of UBX_ESF_RAW and UBX_NAV_HNR

Sat, 22 Jun 2019 17:30:45 [line:102] INFO  €   '   
Sat, 22 Jun 2019 17:31:37 [line:102] INFO 
Sat, 22 Jun 2019 17:31:57 [line:54] INFO root_start
Sat, 22 Jun 2019 17:31:57 [line:61] INFO root_start
Sat, 22 Jun 2019 17:32:02 [line:84] INFO check_ps
Sat, 22 Jun 2019 17:32:22 [line:88] INFO result = ps -A | grep v2x
  906 ?        00:00:00 cv2x-daemon
root@iBox:~# 
Sat, 22 Jun 2019 17:32:22 [line:141] INFO ps ok
Sat, 22 Jun 2019 17:32:25 [line:42] INFO Turn Off
Sat, 22 Jun 2019 17:32:28 [line:150] INFO end loop 1
Sat, 22 Jun 2019 17:32:31 [line:126] INFO ============start loop 2============
Sat, 22 Jun 2019 17:32:34 [line:48] INFO Turn On
Sat, 22 Jun 2019 17:32:47 [line:102] INFO 

Sat, 22 Jun 2019 17:32:47 [line:102] INFO U-Boot 2016.01 (Jun 13 2019 - 16:48:21 +0800)

Sat, 22 Jun 2019 17:32:47 [line:102] INFO 

Sat, 22 Jun 2019 17:32:47 [line:102] INFO CPU:   NXP S32V234 V2.0 at 1000 MHz

Sat, 22 Jun 2019 17:32:47 [line:102] INFO Reset cause: unknown reset

Sat, 22 Jun 2019 17:32:47 [line:102] INFO Board: s32v234evb29288

Sat, 22 Jun 2019 17:32:47 [line:102] INFO I2C:   ready

Sat, 22 Jun 2019 17:32:47 [line:102] INFO DRAM:  2 GiB

Sat, 22 Jun 2019 17:32:47 [line:102] INFO All (4) cores are up.

Sat, 22 Jun 2019 17:32:47 [line:102] INFO MMC:   Config the emmc hc and disable sdhc

Sat, 22 Jun 2019 17:32:47 [line:102] INFO FSL_SDHC: 0

Sat, 22 Jun 2019 17:32:48 [line:102] INFO 

Sat, 22 Jun 2019 17:32:48 [line:102] INFO Forcing PCIe to Gen1 operation

Sat, 22 Jun 2019 17:32:48 [line:102] INFO phy link never came up

Sat, 22 Jun 2019 17:32:48 [line:102] INFO DEBUG_R0: 0x007cf000, DEBUG_R1: 0x08200000

Sat, 22 Jun 2019 17:32:48 [line:102] INFO In:    serial

Sat, 22 Jun 2019 17:32:48 [line:102] INFO Out:   serial

Sat, 22 Jun 2019 17:32:48 [line:102] INFO Err:   serial

Sat, 22 Jun 2019 17:32:48 [line:102] INFO The security module (CSE3) is disabled.

Sat, 22 Jun 2019 17:32:48 [line:102] INFO Net:   

Sat, 22 Jun 2019 17:32:48 [line:102] INFO Warning: System is using default MAC address. Please set a new value

Sat, 22 Jun 2019 17:32:48 [line:102] INFO FEC

Sat, 22 Jun 2019 17:32:51 [line:102] INFO Hit any key to stop autoboot:  3  2  1  0 

Sat, 22 Jun 2019 17:32:51 [line:102] INFO switch to partitions #0, OK

Sat, 22 Jun 2019 17:32:51 [line:102] INFO mmc0(part 0) is current device

Sat, 22 Jun 2019 17:32:51 [line:102] INFO reading Image

Sat, 22 Jun 2019 17:32:51 [line:102] INFO 10485760 bytes read in 505 ms (19.8 MiB/s)

Sat, 22 Jun 2019 17:32:51 [line:102] INFO Booting from mmc ... s32v234-evb.dias.emmc.dtb

Sat, 22 Jun 2019 17:32:51 [line:102] INFO reading s32v234-evb.dias.emmc.dtb

Sat, 22 Jun 2019 17:32:51 [line:102] INFO 1048576 bytes read in 62 ms (16.1 MiB/s)

Sat, 22 Jun 2019 17:32:51 [line:102] INFO ## Flattened Device Tree blob at 82000000

Sat, 22 Jun 2019 17:32:51 [line:102] INFO    Booting using the fdt blob at 0x82000000

Sat, 22 Jun 2019 17:32:51 [line:102] INFO    reserving fdt memory region: addr=80000000 size=10000

Sat, 22 Jun 2019 17:32:51 [line:102] INFO    Loading Device Tree to 000000009fff5000, end 000000009ffff6c4 ... OK

Sat, 22 Jun 2019 17:32:52 [line:102] INFO 

Sat, 22 Jun 2019 17:32:52 [line:102] INFO Starting kernel ...

Sat, 22 Jun 2019 17:32:52 [line:102] INFO 

Sat, 22 Jun 2019 17:32:53 [line:102] INFO [    0.000000] Booting Linux on physical CPU 0x0

Sat, 22 Jun 2019 17:32:53 [line:102] INFO [    0.000000] Linux version 4.14.34-rt27+g5b7d979 (oe-user@oe-host) (gcc version 7.1.1 20170707 (Linaro GCC 7.1-2017.08)) #1 SMP Tue Jun 18 11:20:55 CST 2019

Sat, 22 Jun 2019 17:32:53 [line:102] INFO [    0.000000] Boot CPU: AArch64 Processor [410fd034]

Sat, 22 Jun 2019 17:32:53 [line:102] INFO [    0.000000] Machine model: Freescale S32V234

Sat, 22 Jun 2019 17:32:53 [line:102] INFO [    0.000000] percpu: Embedded 20 pages/cpu @ffffffc07ff79000 s43416 r8192 d30312 u81920

Sat, 22 Jun 2019 17:32:53 [line:102] INFO [    0.000000] Detected VIPT I-cache on CPU0

Sat, 22 Jun 2019 17:32:53 [line:102] INFO [    0.000000] CPU features: enabling workaround for ARM erratum 845719

Sat, 22 Jun 2019 17:32:53 [line:102] INFO [    0.000000] Built 1 zonelists, mobility grouping on.  Total pages: 512000

Sat, 22 Jun 2019 17:32:53 [line:102] INFO [    0.000000] Kernel command line: console=ttyLF0,115200 root=/dev/mmcblk0p2 rootwait rw

Sat, 22 Jun 2019 17:32:53 [line:102] INFO [    0.000000] PID hash table entries: 4096 (order: 3, 32768 bytes)

Sat, 22 Jun 2019 17:32:53 [line:102] INFO [    0.000000] Dentry cache hash table entries: 262144 (order: 9, 2097152 bytes)

Sat, 22 Jun 2019 17:32:53 [line:102] INFO [    0.000000] Inode-cache hash table entries: 131072 (order: 8, 1048576 bytes)

Sat, 22 Jun 2019 17:32:53 [line:102] INFO [    0.000000] Memory: 2035752K/2076672K available (5822K kernel code, 414K rwdata, 1576K rodata, 384K init, 258K bss, 40920K reserved, 0K cma-reserved)

Sat, 22 Jun 2019 17:32:53 [line:102] INFO [    0.000000] Virtual kernel memory layout:

Sat, 22 Jun 2019 17:32:53 [line:102] INFO [    0.000000]     modules : 0xffffff8000000000 - 0xffffff8008000000   (   128 MB)

Sat, 22 Jun 2019 17:32:53 [line:102] INFO [    0.000000]     vmalloc : 0xffffff8008000000 - 0xffffffbebfff0000   (   250 GB)

Sat, 22 Jun 2019 17:32:53 [line:102] INFO [    0.000000]       .text : 0xffffff8008080000 - 0xffffff8008630000   (  5824 KB)

Sat, 22 Jun 2019 17:32:53 [line:102] INFO [    0.000000]     .rodata : 0xffffff8008630000 - 0xffffff80087c0000   (  1600 KB)

Sat, 22 Jun 2019 17:32:53 [line:102] INFO [    0.000000]       .init : 0xffffff80087c0000 - 0xffffff8008820000   (   384 KB)

Sat, 22 Jun 2019 17:32:53 [line:102] INFO [    0.000000]       .data : 0xffffff8008820000 - 0xffffff8008887808   (   415 KB)

Sat, 22 Jun 2019 17:32:53 [line:102] INFO [    0.000000]        .bss : 0xffffff8008887808 - 0xffffff80088c80c8   (   259 KB)

Sat, 22 Jun 2019 17:32:53 [line:102] INFO [    0.000000]     fixed   : 0xffffffbefe7fb000 - 0xffffffbefec00000   (  4116 KB)

Sat, 22 Jun 2019 17:32:53 [line:102] INFO [    0.000000]     PCI I/O : 0xffffffbefee00000 - 0xffffffbeffe00000   (    16 MB)

Sat, 22 Jun 2019 17:32:53 [line:102] INFO [    0.000000]     vmemmap : 0xffffffbf00000000 - 0xffffffc000000000   (     4 GB maximum)

Sat, 22 Jun 2019 17:32:53 [line:102] INFO [    0.000000]               0xffffffbf00000000 - 0xffffffbf01c00000   (    28 MB actual)

Sat, 22 Jun 2019 17:32:53 [line:102] INFO [    0.000000]     memory  : 0xffffffc000000000 - 0xffffffc080000000   (  2048 MB)

Sat, 22 Jun 2019 17:32:53 [line:102] INFO [    0.000000] Hierarchical RCU implementation.

Sat, 22 Jun 2019 17:32:53 [line:102] INFO [    0.000000] 	RCU event tracing is enabled.

Sat, 22 Jun 2019 17:32:53 [line:102] INFO [    0.000000] NR_IRQS: 64, nr_irqs: 64, preallocated irqs: 0

Sat, 22 Jun 2019 17:32:53 [line:102] INFO [    0.000000] arch_timer: cp15 timer(s) running at 12.00MHz (virt).

Sat, 22 Jun 2019 17:32:53 [line:102] INFO [    0.000000] clocksource: arch_sys_counter: mask: 0xffffffffffffff max_cycles: 0x2c47f4ee7, max_idle_ns: 440795202497 ns

Sat, 22 Jun 2019 17:32:53 [line:102] INFO [    0.000004] sched_clock: 56 bits at 12MHz, resolution 83ns, wraps every 4398046511096ns

Sat, 22 Jun 2019 17:32:53 [line:102] INFO [    0.000471] Console: colour dummy device 80x25

Sat, 22 Jun 2019 17:32:53 [line:102] INFO [    0.000485] Calibrating delay loop (skipped), value calculated using timer frequency.. 24.00 BogoMIPS (lpj=48000)

Sat, 22 Jun 2019 17:32:53 [line:102] INFO [    0.000495] pid_max: default: 32768 minimum: 301

Sat, 22 Jun 2019 17:32:53 [line:102] INFO [    0.000585] Security Framework initialized

Sat, 22 Jun 2019 17:32:53 [line:102] INFO [    0.000637] Mount-cache hash table entries: 4096 (order: 3, 32768 bytes)

Sat, 22 Jun 2019 17:32:53 [line:102] INFO [    0.000655] Mountpoint-cache hash table entries: 4096 (order: 3, 32768 bytes)

Sat, 22 Jun 2019 17:32:53 [line:102] INFO [    0.001349] ASID allocator initialised with 32768 entries

Sat, 22 Jun 2019 17:32:53 [line:102] INFO [    0.001412] Hierarchical SRCU implementation.

Sat, 22 Jun 2019 17:32:53 [line:102] INFO [    0.002053] smp: Bringing up secondary CPUs ...

Sat, 22 Jun 2019 17:32:53 [line:102] INFO [    0.002383] Detected VIPT I-cache on CPU1

Sat, 22 Jun 2019 17:32:53 [line:102] INFO [    0.002427] CPU1: Booted secondary processor [410fd034]

Sat, 22 Jun 2019 17:32:53 [line:102] INFO [    0.002780] Detected VIPT I-cache on CPU2

Sat, 22 Jun 2019 17:32:53 [line:102] INFO [    0.002820] CPU2: Booted secondary processor [410fd034]

Sat, 22 Jun 2019 17:32:53 [line:102] INFO [    0.003178] Detected VIPT I-cache on CPU3

Sat, 22 Jun 2019 17:32:53 [line:102] INFO [    0.003201] CPU3: Booted secondary processor [410fd034]

Sat, 22 Jun 2019 17:32:53 [line:102] INFO [    0.003278] smp: Brought up 1 node, 4 CPUs

Sat, 22 Jun 2019 17:32:53 [line:102] INFO [    0.003297] SMP: Total of 4 processors activated.

Sat, 22 Jun 2019 17:32:53 [line:102] INFO [    0.003303] CPU features: detected feature: 32-bit EL0 Support

Sat, 22 Jun 2019 17:32:53 [line:102] INFO [    0.003308] CPU features: detected feature: Kernel page table isolation (KPTI)

Sat, 22 Jun 2019 17:32:53 [line:102] INFO [    0.006111] CPU: All CPU(s) started at EL1

Sat, 22 Jun 2019 17:32:53 [line:102] INFO [    0.006132] alternatives: patching kernel code

Sat, 22 Jun 2019 17:32:53 [line:102] INFO [    0.006891] devtmpfs: initialized

Sat, 22 Jun 2019 17:32:53 [line:102] INFO [    0.010649] random: get_random_u32 called from bucket_table_alloc+0x10c/0x260 with crng_init=0

Sat, 22 Jun 2019 17:32:53 [line:102] INFO [    0.010968] clocksource: jiffies: mask: 0xffffffff max_cycles: 0xffffffff, max_idle_ns: 7645041785100000 ns

Sat, 22 Jun 2019 17:32:53 [line:102] INFO [    0.010982] futex hash table entries: 1024 (order: 5, 131072 bytes)

Sat, 22 Jun 2019 17:32:53 [line:102] INFO [    0.011183] pinctrl core: initialized pinctrl subsystem

Sat, 22 Jun 2019 17:32:53 [line:102] INFO [    0.011738] NET: Registered protocol family 16

Sat, 22 Jun 2019 17:32:53 [line:102] INFO [    0.012542] NET: Registered protocol family 42

Sat, 22 Jun 2019 17:32:53 [line:102] INFO [    0.013000] vdso: 2 pages (1 code @ ffffff8008636000, 1 data @ ffffff8008824000)

Sat, 22 Jun 2019 17:32:53 [line:102] INFO [    0.013014] hw-breakpoint: found 6 breakpoint and 4 watchpoint registers.

Sat, 22 Jun 2019 17:32:53 [line:102] INFO [    0.013246] DMA: preallocated 256 KiB pool for atomic allocations

Sat, 22 Jun 2019 17:32:53 [line:102] INFO [    0.026008] HugeTLB registered 2.00 MiB page size, pre-allocated 0 pages

Sat, 22 Jun 2019 17:32:53 [line:102] INFO [    0.028377] vgaarb: loaded

Sat, 22 Jun 2019 17:32:53 [line:102] INFO [    0.028566] SCSI subsystem initialized

Sat, 22 Jun 2019 17:32:53 [line:102] INFO [    0.028709] usbcore: registered new interface driver usbfs

Sat, 22 Jun 2019 17:32:53 [line:102] INFO [    0.028742] usbcore: registered new interface driver hub

Sat, 22 Jun 2019 17:32:53 [line:102] INFO [    0.028792] usbcore: registered new device driver usb

Sat, 22 Jun 2019 17:32:53 [line:102] INFO [    0.028958] imx-i2c 40051000.i2c: could not find pctldev for node /soc/aips-bus@40000000/siul2/siul2-pinctrl@4006C000/s32v234-evb/i2c0grp, deferring probe

Sat, 22 Jun 2019 17:32:53 [line:102] INFO [    0.029052] imx-i2c 400b8000.i2c: could not find pctldev for node /soc/aips-bus@40000000/siul2/siul2-pinctrl@4006C000/s32v234-evb/i2c1grp, deferring probe

Sat, 22 Jun 2019 17:32:53 [line:102] INFO [    0.029079] imx-i2c 400ba000.i2c: could not find pctldev for node /soc/aips-bus@40000000/siul2/siul2-pinctrl@4006C000/s32v234-evb/i2c2grp, deferring probe

Sat, 22 Jun 2019 17:32:53 [line:102] INFO [    0.029170] pps_core: LinuxPPS API ver. 1 registered

Sat, 22 Jun 2019 17:32:53 [line:102] INFO [    0.029175] pps_core: Software ver. 5.3.6 - Copyright 2005-2007 Rodolfo Giometti <giometti@linux.it>

Sat, 22 Jun 2019 17:32:53 [line:102] INFO [    0.029190] PTP clock support registered

Sat, 22 Jun 2019 17:32:53 [line:102] INFO [    0.030646] clocksource: Switched to clocksource arch_sys_counter

Sat, 22 Jun 2019 17:32:53 [line:102] INFO [    0.036961] NET: Registered protocol family 2

Sat, 22 Jun 2019 17:32:53 [line:102] INFO [    0.037294] TCP established hash table entries: 16384 (order: 5, 131072 bytes)

Sat, 22 Jun 2019 17:32:53 [line:102] INFO [    0.037422] TCP bind hash table entries: 16384 (order: 6, 262144 bytes)

Sat, 22 Jun 2019 17:32:53 [line:102] INFO [    0.037672] TCP: Hash tables configured (established 16384 bind 16384)

Sat, 22 Jun 2019 17:32:53 [line:102] INFO [    0.037782] UDP hash table entries: 1024 (order: 3, 32768 bytes)

Sat, 22 Jun 2019 17:32:53 [line:102] INFO [    0.037830] UDP-Lite hash table entries: 1024 (order: 3, 32768 bytes)

Sat, 22 Jun 2019 17:32:53 [line:102] INFO [    0.037984] NET: Registered protocol family 1

Sat, 22 Jun 2019 17:32:53 [line:102] INFO [    0.038224] RPC: Registered named UNIX socket transport module.

Sat, 22 Jun 2019 17:32:53 [line:102] INFO [    0.038230] RPC: Registered udp transport module.

Sat, 22 Jun 2019 17:32:53 [line:102] INFO [    0.038234] RPC: Registered tcp transport module.

Sat, 22 Jun 2019 17:32:53 [line:102] INFO [    0.038238] RPC: Registered tcp NFSv4.1 backchannel transport module.

Sat, 22 Jun 2019 17:32:53 [line:102] INFO [    0.039017] hw perfevents: enabled with armv8_pmuv3 PMU driver, 7 counters available

Sat, 22 Jun 2019 17:32:53 [line:102] INFO [    0.040110] workingset: timestamp_bits=62 max_order=19 bucket_order=0

Sat, 22 Jun 2019 17:32:53 [line:102] INFO [    0.040876] fuse init (API version 7.26)

Sat, 22 Jun 2019 17:32:53 [line:102] INFO [    0.041472] Block layer SCSI generic (bsg) driver version 0.4 loaded (major 248)

Sat, 22 Jun 2019 17:32:53 [line:102] INFO [    0.041482] io scheduler noop registered

Sat, 22 Jun 2019 17:32:53 [line:102] INFO [    0.041487] io scheduler deadline registered

Sat, 22 Jun 2019 17:32:53 [line:102] INFO [    0.041512] io scheduler cfq registered (default)

Sat, 22 Jun 2019 17:32:53 [line:102] INFO [    0.041517] io scheduler mq-deadline registered

Sat, 22 Jun 2019 17:32:53 [line:102] INFO [    0.041522] io scheduler kyber registered

Sat, 22 Jun 2019 17:32:53 [line:102] INFO [    0.042025] s32v234-siul2-pinctrl 4006c240.siul2-pinctrl: initialized s32 pinctrl driver

Sat, 22 Jun 2019 17:32:53 [line:102] INFO [    0.044505] s32v234-pcie 72ffc000.pcie: Configuring as RC

Sat, 22 Jun 2019 17:32:53 [line:102] INFO [    0.044589] s32v234-pcie 72ffc000.pcie: Allocated line 0 for interrupt 79

Sat, 22 Jun 2019 17:32:53 [line:102] INFO [    0.044598] OF: PCI: host bridge /pcie@0x72000000 ranges:

Sat, 22 Jun 2019 17:32:53 [line:102] INFO [    0.044611] OF: PCI:    IO 0x72f80000..0x72f8ffff -> 0x00000000

Sat, 22 Jun 2019 17:32:53 [line:102] INFO [    0.044620] OF: PCI:   MEM 0x72000000..0x72efffff -> 0x72000000

Sat, 22 Jun 2019 17:32:53 [line:102] INFO [    0.095242] s32v234-pcie 72ffc000.pcie: SOC revision: 0x10

Sat, 22 Jun 2019 17:32:53 [line:102] INFO [    1.095398] s32v234-pcie 72ffc000.pcie: phy link never came up

Sat, 22 Jun 2019 17:32:53 [line:102] INFO [    1.095409] s32v234-pcie 72ffc000.pcie: phy link never came up

Sat, 22 Jun 2019 17:32:53 [line:102] INFO [    1.095418] s32v234-pcie 72ffc000.pcie: DEBUG_R0: 0x00f91400, DEBUG_R1: 0x08200000

Sat, 22 Jun 2019 17:32:53 [line:102] INFO [    1.095624] s32v234-pcie 72ffc000.pcie: Failed to bring link up!

Sat, 22 Jun 2019 17:32:53 [line:102] INFO [    1.095755] s32v234-pcie 72ffc000.pcie: PCI host bridge to bus 0000:00

Sat, 22 Jun 2019 17:32:53 [line:102] INFO [    1.095765] pci_bus 0000:00: root bus resource [bus 00-ff]

Sat, 22 Jun 2019 17:32:53 [line:102] INFO [    1.095772] pci_bus 0000:00: root bus resource [io  0x0000-0xffff]

Sat, 22 Jun 2019 17:32:53 [line:102] INFO [    1.095780] pci_bus 0000:00: root bus resource [mem 0x72000000-0x72efffff]

Sat, 22 Jun 2019 17:32:53 [line:102] INFO [    1.096109] pci 0000:00:00.0: BAR 0: assigned [mem 0x72000000-0x720fffff 64bit]

Sat, 22 Jun 2019 17:32:53 [line:102] INFO [    1.096121] pci 0000:00:00.0: BAR 6: assigned [mem 0x72100000-0x7210ffff pref]

Sat, 22 Jun 2019 17:32:53 [line:102] INFO [    1.096129] pci 0000:00:00.0: PCI bridge to [bus 01-ff]

Sat, 22 Jun 2019 17:32:53 [line:102] INFO [    1.096388] pcieport 0000:00:00.0: Signaling PME with IRQ 85

Sat, 22 Jun 2019 17:32:53 [line:102] INFO [    1.096494] pcieport 0000:00:00.0: AER enabled with IRQ 85

Sat, 22 Jun 2019 17:32:53 [line:102] INFO [    1.097346] fsl_dcu 40028000.dcu: DCU: memory pool creation error

Sat, 22 Jun 2019 17:32:53 [line:102] INFO [    1.097357] fsl_dcu 40028000.dcu: DCU: using default surface memory space.

Sat, 22 Jun 2019 17:32:53 [line:102] INFO [    1.097974] fsl_dcu 40028000.dcu: Selected video mode on </dev/fb0> : <1920 x 1080>

Sat, 22 Jun 2019 17:32:53 [line:102] INFO [    1.098204] fsl_dcu 40028000.dcu: Selected video mode on </dev/fb1> : <1920 x 1080>

Sat, 22 Jun 2019 17:32:54 [line:102] INFO [    1.098427] fsl_dcu 40028000.dcu: Selected video mode on </dev/fb2> : <1920 x 1080>

Sat, 22 Jun 2019 17:32:54 [line:102] INFO [    1.098667] fsl_dcu 40028000.dcu: Selected video mode on </dev/fb3> : <1920 x 1080>

Sat, 22 Jun 2019 17:32:54 [line:102] INFO [    1.098929] fsl_dcu 40028000.dcu: Selected video mode on </dev/fb4> : <1920 x 1080>

Sat, 22 Jun 2019 17:32:54 [line:102] INFO [    1.099152] fsl_dcu 40028000.dcu: Selected video mode on </dev/fb5> : <1920 x 1080>

Sat, 22 Jun 2019 17:32:54 [line:102] INFO [    1.099362] fsl_dcu 40028000.dcu: Selected video mode on </dev/fb6> : <1920 x 1080>

Sat, 22 Jun 2019 17:32:54 [line:102] INFO [    1.099567] fsl_dcu 40028000.dcu: Selected video mode on </dev/fb7> : <1920 x 1080>

Sat, 22 Jun 2019 17:32:54 [line:102] INFO [    1.100449] 40053000.serial: ttyLF0 at MMIO 0x40053000 (irq = 24, base_baud = 4166666) is a FSL_LINFLEX

Sat, 22 Jun 2019 17:32:54 [line:102] INFO [    1.916328] console [ttyLF0] enabled

Sat, 22 Jun 2019 17:32:54 [line:102] INFO [    1.920357] 400bc000.serial: ttyLF1 at MMIO 0x400bc000 (irq = 42, base_baud = 4166666) is a FSL_LINFLEX

Sat, 22 Jun 2019 17:32:54 [line:102] INFO [    1.929974] fsl-linflexuart 400bc000.serial: DMA tx channel request failed, operating without tx DMA

Sat, 22 Jun 2019 17:32:54 [line:102] INFO [    1.939183] fsl-linflexuart 400bc000.serial: DMA rx channel request failed, operating without rx DMA

Sat, 22 Jun 2019 17:32:54 [line:102] INFO [    1.948904] cacheinfo: Unable to detect cache hierarchy for CPU 0

Sat, 22 Jun 2019 17:32:54 [line:102] INFO [    1.959857] loop: module loaded

Sat, 22 Jun 2019 17:32:54 [line:102] INFO [    1.964059] num_chipselect =8 

Sat, 22 Jun 2019 17:32:54 [line:102] INFO [    1.964064] bus_num =0 

Sat, 22 Jun 2019 17:32:54 [line:102] INFO [    1.967256] fsl-dspi 40057000.spi: owen register platform irq =26

Sat, 22 Jun 2019 17:32:54 [line:102] INFO [    1.976141] cs_sck_delay=0

Sat, 22 Jun 2019 17:32:54 [line:102] INFO [    1.978871] pcssck=0, cssck=0

Sat, 22 Jun 2019 17:32:54 [line:102] INFO [    1.981851] pasc=0, asc=0

Sat, 22 Jun 2019 17:32:54 [line:102] INFO [    1.984489] get pcssck=1, cssck=4

Sat, 22 Jun 2019 17:32:54 [line:102] INFO [    1.988073]   owen iory devm_gpio_request_one try

Sat, 22 Jun 2019 17:32:54 [line:102] INFO [    1.992881] owen iory devm_gpio_request_one ok

Sat, 22 Jun 2019 17:32:54 [line:102] INFO [    1.997356] owen iory try  pSPI_gpio

Sat, 22 Jun 2019 17:32:54 [line:102] INFO [    2.001000] cs_sck_delay=0

Sat, 22 Jun 2019 17:32:54 [line:102] INFO [    2.003726] pcssck=0, cssck=0

Sat, 22 Jun 2019 17:32:54 [line:102] INFO [    2.006713] pasc=0, asc=0

Sat, 22 Jun 2019 17:32:54 [line:102] INFO [    2.009343] get pcssck=1, cssck=4

Sat, 22 Jun 2019 17:32:54 [line:102] INFO [    2.012943] cs_sck_delay=100

Sat, 22 Jun 2019 17:32:54 [line:102] INFO [    2.015849] pcssck=3, cssck=0

Sat, 22 Jun 2019 17:32:54 [line:102] INFO [    2.018835] pasc=3, asc=0

Sat, 22 Jun 2019 17:32:54 [line:102] INFO [    2.021465] get pcssck=1, cssck=4

Sat, 22 Jun 2019 17:32:54 [line:102] INFO [    2.024926] cs_sck_delay=100

Sat, 22 Jun 2019 17:32:54 [line:102] INFO [    2.027828] pcssck=3, cssck=0

Sat, 22 Jun 2019 17:32:54 [line:102] INFO [    2.030816] pasc=3, asc=0

Sat, 22 Jun 2019 17:32:54 [line:102] INFO [    2.033446] get pcssck=1, cssck=4

Sat, 22 Jun 2019 17:32:54 [line:102] INFO [    2.036895] cs_sck_delay=0

Sat, 22 Jun 2019 17:32:54 [line:102] INFO [    2.039622] pcssck=0, cssck=0

Sat, 22 Jun 2019 17:32:54 [line:102] INFO [    2.042602] pasc=0, asc=0

Sat, 22 Jun 2019 17:32:54 [line:102] INFO [    2.045238] get pcssck=1, cssck=4

Sat, 22 Jun 2019 17:32:54 [line:102] INFO [    2.049083] num_chipselect =4 

Sat, 22 Jun 2019 17:32:54 [line:102] INFO [    2.049086] bus_num =1 

Sat, 22 Jun 2019 17:32:54 [line:102] INFO [    2.052272] fsl-dspi 400c0000.spi: owen register platform irq =44

Sat, 22 Jun 2019 17:32:54 [line:102] INFO [    2.060946] owen dspi_request_dma 9

Sat, 22 Jun 2019 17:32:54 [line:102] INFO [    2.064758] cs_sck_delay=0

Sat, 22 Jun 2019 17:32:54 [line:102] INFO [    2.067489] pcssck=0, cssck=0

Sat, 22 Jun 2019 17:32:54 [line:102] INFO [    2.070469] pasc=0, asc=0

Sat, 22 Jun 2019 17:32:54 [line:102] INFO [    2.073107] get pcssck=1, cssck=4

Sat, 22 Jun 2019 17:32:54 [line:102] INFO [    2.076911] num_chipselect =4 

Sat, 22 Jun 2019 17:32:54 [line:102] INFO [    2.076914] bus_num =3 

Sat, 22 Jun 2019 17:32:54 [line:102] INFO [    2.080101] fsl-dspi 400c2000.spi: owen register platform irq =45

Sat, 22 Jun 2019 17:32:54 [line:102] INFO [    2.088769] owen dspi_request_dma 9

Sat, 22 Jun 2019 17:32:54 [line:102] INFO [    2.092561] cs_sck_delay=0

Sat, 22 Jun 2019 17:32:54 [line:102] INFO [    2.095291] pcssck=0, cssck=0

Sat, 22 Jun 2019 17:32:54 [line:102] INFO [    2.098271] pasc=0, asc=0

Sat, 22 Jun 2019 17:32:54 [line:102] INFO [    2.100908] get pcssck=1, cssck=4

Sat, 22 Jun 2019 17:32:54 [line:102] INFO [    2.105562] libphy: Fixed MDIO Bus: probed

Sat, 22 Jun 2019 17:32:54 [line:102] INFO [    2.110039] tun: Universal TUN/TAP device driver, 1.6

Sat, 22 Jun 2019 17:32:54 [line:102] INFO [    2.115261] vcan: Virtual CAN interface driver

Sat, 22 Jun 2019 17:32:54 [line:102] INFO [    2.119743] slcan: serial line CAN interface driver

Sat, 22 Jun 2019 17:32:54 [line:102] INFO [    2.124656] slcan: 10 dynamic interface channels.

Sat, 22 Jun 2019 17:32:54 [line:102] INFO [    2.129394] CAN device driver interface

Sat, 22 Jun 2019 17:32:54 [line:102] INFO [    2.133912] flexcan 40055000.flexcan: device registered (reg_base=ffffff800891d000, irq=25)

Sat, 22 Jun 2019 17:32:54 [line:102] INFO [    2.142950] flexcan 400be000.flexcan: device registered (reg_base=ffffff8008925000, irq=43)

Sat, 22 Jun 2019 17:32:54 [line:102] INFO [    2.153455] libphy: fec_enet_mii_bus: probed

Sat, 22 Jun 2019 17:32:54 [line:102] INFO [    2.160058] fec 40032000.ethernet eth0: registered PHC device 0

Sat, 22 Jun 2019 17:32:54 [line:102] INFO [    2.166520] ehci_hcd: USB 2.0 'Enhanced' Host Controller (EHCI) Driver

Sat, 22 Jun 2019 17:32:54 [line:102] INFO [    2.173101] ehci-pci: EHCI PCI platform driver

Sat, 22 Jun 2019 17:32:54 [line:102] INFO [    2.177620] ehci-platform: EHCI generic platform driver

Sat, 22 Jun 2019 17:32:54 [line:102] INFO [    2.183005] ohci_hcd: USB 1.1 'Open' Host Controller (OHCI) Driver

Sat, 22 Jun 2019 17:32:54 [line:102] INFO [    2.189243] ohci-pci: OHCI PCI platform driver

Sat, 22 Jun 2019 17:32:54 [line:102] INFO [    2.193752] ohci-platform: OHCI generic platform driver

Sat, 22 Jun 2019 17:32:54 [line:102] INFO [    2.199414] usbcore: registered new interface driver usb-storage

Sat, 22 Jun 2019 17:32:54 [line:102] INFO [    2.205678] i2c /dev entries driver

Sat, 22 Jun 2019 17:32:54 [line:102] INFO [    2.209256] IR NEC protocol handler initialized

Sat, 22 Jun 2019 17:32:54 [line:102] INFO [    2.213823] IR RC5(x/sz) protocol handler initialized

Sat, 22 Jun 2019 17:32:54 [line:102] INFO [    2.218912] IR RC6 protocol handler initialized

Sat, 22 Jun 2019 17:32:54 [line:102] INFO [    2.223473] IR JVC protocol handler initialized

Sat, 22 Jun 2019 17:32:54 [line:102] INFO [    2.228034] IR Sony protocol handler initialized

Sat, 22 Jun 2019 17:32:54 [line:102] INFO [    2.232682] IR SANYO protocol handler initialized

Sat, 22 Jun 2019 17:32:54 [line:102] INFO [    2.237417] IR Sharp protocol handler initialized

Sat, 22 Jun 2019 17:32:54 [line:102] INFO [    2.242153] IR MCE Keyboard/mouse protocol handler initialized

Sat, 22 Jun 2019 17:32:54 [line:102] INFO [    2.248027] IR XMP protocol handler initialized

Sat, 22 Jun 2019 17:32:54 [line:102] INFO [    2.252905] pps pps0: new PPS source 0.pps.-1

Sat, 22 Jun 2019 17:32:54 [line:102] INFO [    2.257335] pps pps0: Registered IRQ 119 as PPS source

Sat, 22 Jun 2019 17:32:54 [line:102] INFO [    2.263308] sac58r-wdt 4000a000.swt: SAC58R/S32V234 Watchdog Timer Registered. timeout=30s (nowayout=0)

Sat, 22 Jun 2019 17:32:54 [line:102] INFO [    2.272978] sac58r-wdt 4000b000.swt: SAC58R/S32V234 Watchdog Timer Registered. timeout=30s (nowayout=0)

Sat, 22 Jun 2019 17:32:54 [line:102] INFO [    2.282703] sac58r-wdt 40084000.swt: SAC58R/S32V234 Watchdog Timer Registered. timeout=30s (nowayout=0)

Sat, 22 Jun 2019 17:32:54 [line:102] INFO [    2.292352] sac58r-wdt 40085000.swt: SAC58R/S32V234 Watchdog Timer Registered. timeout=30s (nowayout=0)

Sat, 22 Jun 2019 17:32:54 [line:102] INFO [    2.302126] sdhci: Secure Digital Host Controller Interface driver

Sat, 22 Jun 2019 17:32:54 [line:102] INFO [    2.308356] sdhci: Copyright(c) Pierre Ossman

Sat, 22 Jun 2019 17:32:54 [line:102] INFO [    2.312743] sdhci-pltfm: SDHCI platform and OF driver helper

Sat, 22 Jun 2019 17:32:54 [line:102] INFO [    2.362648] mmc0: SDHCI controller on 4005d000.usdhc [4005d000.usdhc] using ADMA

Sat, 22 Jun 2019 17:32:54 [line:102] INFO [    2.370461] usbcore: registered new interface driver usbhid

Sat, 22 Jun 2019 17:32:54 [line:102] INFO [    2.376078] usbhid: USB HID core driver

Sat, 22 Jun 2019 17:32:54 [line:102] INFO [    2.394975] NET: Registered protocol family 10

Sat, 22 Jun 2019 17:32:54 [line:102] INFO [    2.400011] Segment Routing with IPv6

Sat, 22 Jun 2019 17:32:54 [line:102] INFO [    2.403756] sit: IPv6, IPv4 and MPLS over IPv4 tunneling driver

Sat, 22 Jun 2019 17:32:54 [line:102] INFO [    2.410146] NET: Registered protocol family 17

Sat, 22 Jun 2019 17:32:54 [line:102] INFO [    2.414641] can: controller area network core (rev 20170425 abi 9)

Sat, 22 Jun 2019 17:32:54 [line:102] INFO [    2.420904] NET: Registered protocol family 29

Sat, 22 Jun 2019 17:32:54 [line:102] INFO [    2.425406] can: raw protocol (rev 20170425)

Sat, 22 Jun 2019 17:32:54 [line:102] INFO [    2.429706] can: broadcast manager protocol (rev 20170425 t)

Sat, 22 Jun 2019 17:32:54 [line:102] INFO [    2.435407] can: netlink gateway (rev 20170425) max_hops=1

Sat, 22 Jun 2019 17:32:54 [line:102] INFO [    2.440963] Key type dns_resolver registered

Sat, 22 Jun 2019 17:32:54 [line:102] INFO [    2.445715] registered taskstats version 1

Sat, 22 Jun 2019 17:32:54 [line:102] INFO [    2.453295] i2c i2c-0: IMX I2C adapter registered

Sat, 22 Jun 2019 17:32:54 [line:102] INFO [    2.458081] i2c i2c-0: using dma0chan2 (tx) and dma0chan3 (rx) for DMA transfers

Sat, 22 Jun 2019 17:32:54 [line:102] INFO [    2.466412] sii902x 1-0039: cound not find device

Sat, 22 Jun 2019 17:32:54 [line:102] INFO [    2.471174] sii902x: probe of 1-0039 failed with error -11

Sat, 22 Jun 2019 17:32:54 [line:102] INFO [    2.476843] i2c i2c-1: IMX I2C adapter registered

Sat, 22 Jun 2019 17:32:54 [line:102] INFO [    2.481615] i2c i2c-1: using dma0chan20 (tx) and dma0chan21 (rx) for DMA transfers

Sat, 22 Jun 2019 17:32:54 [line:102] INFO [    2.489744] i2c i2c-2: IMX I2C adapter registered

Sat, 22 Jun 2019 17:32:54 [line:102] INFO [    2.494523] i2c i2c-2: using dma0chan22 (tx) and dma0chan23 (rx) for DMA transfers

Sat, 22 Jun 2019 17:32:54 [line:102] INFO [    2.502233] hctosys: unable to open rtc device (rtc0)

Sat, 22 Jun 2019 17:32:54 [line:102] INFO [    2.507808] Waiting for root device /dev/mmcblk0p2...

Sat, 22 Jun 2019 17:32:54 [line:102] INFO [    2.518727] mmc0: new DDR MMC card at address 0001

Sat, 22 Jun 2019 17:32:54 [line:102] INFO [    2.523465] mmcblk0: mmc0:0001 S0J57X 29.6 GiB 

Sat, 22 Jun 2019 17:32:54 [line:102] INFO [    2.527787] mmcblk0boot0: mmc0:0001 S0J57X partition 1 31.5 MiB

Sat, 22 Jun 2019 17:32:54 [line:102] INFO [    2.533655] mmcblk0boot1: mmc0:0001 S0J57X partition 2 31.5 MiB

Sat, 22 Jun 2019 17:32:54 [line:102] INFO [    2.539540] mmcblk0rpmb: mmc0:0001 S0J57X partition 3 4.00 MiB

Sat, 22 Jun 2019 17:32:54 [line:102] INFO [    2.546115]  mmcblk0: p1 p2 p3 p4

Sat, 22 Jun 2019 17:32:54 [line:102] INFO [    2.549339] mmcblk0: p4 size 1755107328 extends beyond EOD, truncated

Sat, 22 Jun 2019 17:32:54 [line:102] INFO [    2.559110] EXT4-fs (mmcblk0p2): couldn't mount as ext3 due to feature incompatibilities

Sat, 22 Jun 2019 17:32:54 [line:102] INFO [    2.579782] EXT4-fs (mmcblk0p2): recovery complete

Sat, 22 Jun 2019 17:32:54 [line:102] INFO [    2.585001] EXT4-fs (mmcblk0p2): mounted filesystem with ordered data mode. Opts: (null)

Sat, 22 Jun 2019 17:32:54 [line:102] INFO [    2.592754] VFS: Mounted root (ext4 filesystem) on device 179:2.

Sat, 22 Jun 2019 17:32:54 [line:102] INFO [    2.598820] devtmpfs: mounted

Sat, 22 Jun 2019 17:32:54 [line:102] INFO [    2.601844] Freeing unused kernel memory: 384K

Sat, 22 Jun 2019 17:32:54 [line:102] INFO INIT: version 2.88 booting

Sat, 22 Jun 2019 17:32:55 [line:102] INFO Starting udev

Sat, 22 Jun 2019 17:32:55 [line:102] INFO [    2.927017] udevd[791]: starting version 3.2.2

Sat, 22 Jun 2019 17:32:55 [line:102] INFO [    2.960861] udevd[792]: starting eudev-3.2.2

Sat, 22 Jun 2019 17:32:55 [line:102] INFO [    3.036197] 

Sat, 22 Jun 2019 17:32:55 [line:102] INFO [    3.036197] [I]6<BS_LOG><smi130_acc_probe><7022>smi130_acc_probe start

Sat, 22 Jun 2019 17:32:55 [line:102] INFO [    3.036197] 

Sat, 22 Jun 2019 17:32:55 [line:102] INFO [    3.172726] 

Sat, 22 Jun 2019 17:32:55 [line:102] INFO [    3.172726] [E]3<BS_LOG><smi130_acc_smbus_read_byte><1748>I2C xfer error

Sat, 22 Jun 2019 17:32:55 [line:102] INFO [    3.180660] 

Sat, 22 Jun 2019 17:32:55 [line:102] INFO [    3.180660] [E]3<BS_LOG><smi130_acc_check_chip_id><1907>Bosch Sensortec Device not found

Sat, 22 Jun 2019 17:32:55 [line:102] INFO [    3.180660] 

Sat, 22 Jun 2019 17:32:55 [line:102] INFO [    3.180660] i2c bus read error, read chip_id:0

Sat, 22 Jun 2019 17:32:55 [line:102] INFO [    3.180660] 

Sat, 22 Jun 2019 17:32:55 [line:102] INFO [    3.314853] 

Sat, 22 Jun 2019 17:32:55 [line:102] INFO [    3.314853] [E]3<BS_LOG><smi130_acc_smbus_read_byte><1748>I2C xfer error

Sat, 22 Jun 2019 17:32:55 [line:102] INFO [    3.322771] 

Sat, 22 Jun 2019 17:32:55 [line:102] INFO [    3.322771] [E]3<BS_LOG><smi130_acc_check_chip_id><1907>Bosch Sensortec Device not found

Sat, 22 Jun 2019 17:32:55 [line:102] INFO [    3.322771] 

Sat, 22 Jun 2019 17:32:55 [line:102] INFO [    3.322771] i2c bus read error, read chip_id:0

Sat, 22 Jun 2019 17:32:55 [line:102] INFO [    3.322771] 

Sat, 22 Jun 2019 17:32:55 [line:102] INFO [    3.456394] 

Sat, 22 Jun 2019 17:32:55 [line:102] INFO [    3.456394] [E]3<BS_LOG><smi130_acc_smbus_read_byte><1748>I2C xfer error

Sat, 22 Jun 2019 17:32:55 [line:102] INFO [    3.464301] 

Sat, 22 Jun 2019 17:32:55 [line:102] INFO [    3.464301] [E]3<BS_LOG><smi130_acc_check_chip_id><1907>Bosch Sensortec Device not found

Sat, 22 Jun 2019 17:32:55 [line:102] INFO [    3.464301] 

Sat, 22 Jun 2019 17:32:55 [line:102] INFO [    3.464301] i2c bus read error, read chip_id:0

Sat, 22 Jun 2019 17:32:55 [line:102] INFO [    3.464301] 

Sat, 22 Jun 2019 17:32:55 [line:102] INFO [    3.597927] 

Sat, 22 Jun 2019 17:32:55 [line:102] INFO [    3.597927] [E]3<BS_LOG><smi130_acc_smbus_read_byte><1748>I2C xfer error

Sat, 22 Jun 2019 17:32:55 [line:102] INFO [    3.605833] 

Sat, 22 Jun 2019 17:32:55 [line:102] INFO [    3.605833] [E]3<BS_LOG><smi130_acc_check_chip_id><1907>Bosch Sensortec Device not found

Sat, 22 Jun 2019 17:32:55 [line:102] INFO [    3.605833] 

Sat, 22 Jun 2019 17:32:55 [line:102] INFO [    3.605833] i2c bus read error, read chip_id:0

Sat, 22 Jun 2019 17:32:55 [line:102] INFO [    3.605833] 

Sat, 22 Jun 2019 17:32:55 [line:102] INFO [    3.739473] 

Sat, 22 Jun 2019 17:32:55 [line:102] INFO [    3.739473] [E]3<BS_LOG><smi130_acc_smbus_read_byte><1748>I2C xfer error

Sat, 22 Jun 2019 17:32:55 [line:102] INFO [    3.747375] 

Sat, 22 Jun 2019 17:32:55 [line:102] INFO [    3.747375] [E]3<BS_LOG><smi130_acc_check_chip_id><1907>Bosch Sensortec Device not found

Sat, 22 Jun 2019 17:32:55 [line:102] INFO [    3.747375] 

Sat, 22 Jun 2019 17:32:55 [line:102] INFO [    3.747375] i2c bus read error, read chip_id:0

Sat, 22 Jun 2019 17:32:55 [line:102] INFO [    3.747375] 

Sat, 22 Jun 2019 17:32:56 [line:102] INFO [    3.885985] 

Sat, 22 Jun 2019 17:32:56 [line:102] INFO [    3.885985] [E]3<BS_LOG><smi130_acc_smbus_write_byte><1809>I2C xfer error

Sat, 22 Jun 2019 17:32:56 [line:102] INFO [    3.893973] 

Sat, 22 Jun 2019 17:32:56 [line:102] INFO [    3.893973] [E]3<BS_LOG><smi130_acc_probe><7044>i2c bus write error, pls check HW connection

Sat, 22 Jun 2019 17:32:56 [line:102] INFO [    3.893973] 

Sat, 22 Jun 2019 17:32:56 [line:102] INFO [    3.905431] smi130_acc: probe of 1-0018 failed with error -22

Sat, 22 Jun 2019 17:32:56 [line:102] INFO [    3.911255] 

Sat, 22 Jun 2019 17:32:56 [line:102] INFO [    3.911255] [I]6<BS_LOG><smi_gyro_probe><1642>function entrance

Sat, 22 Jun 2019 17:32:56 [line:102] INFO [    4.035189] smi130_gyro 1-0068: I2C xfer error

Sat, 22 Jun 2019 17:32:56 [line:102] INFO [    4.039283] 

Sat, 22 Jun 2019 17:32:56 [line:102] INFO [    4.039283] [I]6<BS_LOG><smi_gyro_check_chip_id><392>read chip id result: 0x0

Sat, 22 Jun 2019 17:32:56 [line:102] INFO [    4.165604] smi130_gyro 1-0068: I2C xfer error

Sat, 22 Jun 2019 17:32:56 [line:102] INFO [    4.169695] 

Sat, 22 Jun 2019 17:32:56 [line:102] INFO [    4.169695] [I]6<BS_LOG><smi_gyro_check_chip_id><392>read chip id result: 0x0

Sat, 22 Jun 2019 17:32:56 [line:102] INFO [    4.295998] smi130_gyro 1-0068: I2C xfer error

Sat, 22 Jun 2019 17:32:56 [line:102] INFO [    4.300086] 

Sat, 22 Jun 2019 17:32:56 [line:102] INFO [    4.300086] [I]6<BS_LOG><smi_gyro_check_chip_id><392>read chip id result: 0x0

Sat, 22 Jun 2019 17:32:56 [line:102] INFO [    4.426397] smi130_gyro 1-0068: I2C xfer error

Sat, 22 Jun 2019 17:32:56 [line:102] INFO [    4.430487] 

Sat, 22 Jun 2019 17:32:56 [line:102] INFO [    4.430487] [I]6<BS_LOG><smi_gyro_check_chip_id><392>read chip id result: 0x0

Sat, 22 Jun 2019 17:32:56 [line:102] INFO [    4.556791] smi130_gyro 1-0068: I2C xfer error

Sat, 22 Jun 2019 17:32:56 [line:102] INFO [    4.560879] 

Sat, 22 Jun 2019 17:32:56 [line:102] INFO [    4.560879] [I]6<BS_LOG><smi_gyro_check_chip_id><392>read chip id result: 0x0

Sat, 22 Jun 2019 17:32:56 [line:102] INFO [    4.570545] 

Sat, 22 Jun 2019 17:32:56 [line:102] INFO [    4.570545] [E]3<BS_LOG><smi_gyro_probe><1663>Bosch Sensortec Device not found, chip id mismatch

Sat, 22 Jun 2019 17:32:56 [line:102] INFO [    4.580537] smi130_gyro: probe of 1-0068 failed with error -1

Sat, 22 Jun 2019 17:32:56 [line:102] INFO [    4.628551] loading NXP PHY driver: [autonomous mode]

Sat, 22 Jun 2019 17:32:56 [line:102] INFO [    4.707426] sja1105pqrs: loading out-of-tree module taints kernel.

Sat, 22 Jun 2019 17:32:56 [line:102] INFO [    4.714850] sja1105pqrs spi0.0: Loading SJA1105P SPI driver

Sat, 22 Jun 2019 17:32:56 [line:102] INFO [    4.720089] cs_sck_delay=100

Sat, 22 Jun 2019 17:32:56 [line:102] INFO [    4.722925] pcssck=3, cssck=0

Sat, 22 Jun 2019 17:32:56 [line:102] INFO [    4.725860] pasc=3, asc=0

Sat, 22 Jun 2019 17:32:56 [line:102] INFO [    4.728469] get pcssck=1, cssck=4

Sat, 22 Jun 2019 17:32:56 [line:102] INFO [    4.731799] eoq_write 8

Sat, 22 Jun 2019 17:32:56 [line:102] INFO [    4.731822] owen dspi_eoq_read rx_bytes_count = 8, rx_frames_count = 4

Sat, 22 Jun 2019 17:32:56 [line:102] INFO [    4.731824] 		88

Sat, 22 Jun 2019 17:32:56 [line:102] INFO [    4.731826] 		b8

Sat, 22 Jun 2019 17:32:56 [line:102] INFO [    4.731827] 		9

Sat, 22 Jun 2019 17:32:56 [line:102] INFO [    4.731828] 		b

Sat, 22 Jun 2019 17:32:56 [line:102] INFO [    4.731829] 		80

Sat, 22 Jun 2019 17:32:56 [line:102] INFO [    4.731830] 		ff

Sat, 22 Jun 2019 17:32:56 [line:102] INFO [    4.731831] 		ff

Sat, 22 Jun 2019 17:32:56 [line:102] INFO [    4.731832] 		ff

Sat, 22 Jun 2019 17:32:56 [line:102] INFO [    4.731834] 

Sat, 22 Jun 2019 17:32:56 [line:102] INFO [    4.756552] sja1105pqrs spi0.0: SJA1105P invalid Device Id, is 00000000

Sat, 22 Jun 2019 17:32:56 [line:102] INFO [    4.763118] sja1105pqrs spi0.0: SJA1105P SPI Failed to read Device Id

Sat, 22 Jun 2019 17:32:56 [line:102] INFO [    4.769601] sja1105pqrs spi0.5: Loading SJA1105P SPI driver

Sat, 22 Jun 2019 17:32:56 [line:102] INFO [    4.775061] cs_sck_delay=100

Sat, 22 Jun 2019 17:32:56 [line:102] INFO [    4.777904] pcssck=3, cssck=0

Sat, 22 Jun 2019 17:32:56 [line:102] INFO [    4.780855] pasc=3, asc=0

Sat, 22 Jun 2019 17:32:56 [line:102] INFO [    4.783452] get pcssck=1, cssck=4

Sat, 22 Jun 2019 17:32:56 [line:102] INFO [    4.786771] eoq_write 8

Sat, 22 Jun 2019 17:32:56 [line:102] INFO [    4.789165] owen dspi_eoq_read rx_bytes_count = 8, rx_frames_count = 4

Sat, 22 Jun 2019 17:32:56 [line:102] INFO [    4.789167] 		88

Sat, 22 Jun 2019 17:32:56 [line:102] INFO [    4.789168] 		b8

Sat, 22 Jun 2019 17:32:56 [line:102] INFO [    4.789170] 		9

Sat, 22 Jun 2019 17:32:56 [line:102] INFO [    4.789171] 		b

Sat, 22 Jun 2019 17:32:56 [line:102] INFO [    4.789172] 		80

Sat, 22 Jun 2019 17:32:56 [line:102] INFO [    4.789173] 		ff

Sat, 22 Jun 2019 17:32:56 [line:102] INFO [    4.789174] 		ff

Sat, 22 Jun 2019 17:32:56 [line:102] INFO [    4.789175] 		ff

Sat, 22 Jun 2019 17:32:56 [line:102] INFO [    4.789176] 

Sat, 22 Jun 2019 17:32:56 [line:102] INFO [    4.811532] sja1105pqrs spi0.5: SJA1105P invalid Device Id, is 00000000

Sat, 22 Jun 2019 17:32:56 [line:102] INFO [    4.818095] sja1105pqrs spi0.5: SJA1105P SPI Failed to read Device Id

Sat, 22 Jun 2019 17:32:56 [line:102] INFO [    4.844673] EXT4-fs (mmcblk0p2): re-mounted. Opts: (null)

Sat, 22 Jun 2019 17:32:58 [line:102] INFO speed 38400 baud; rows 0; columns 0; line = 0;

Sat, 22 Jun 2019 17:32:58 [line:102] INFO intr = ^C; quit = ^\; erase = ^?; kill = ^U; eof = ^D; eol = <undef>;

Sat, 22 Jun 2019 17:32:58 [line:102] INFO eol2 = <undef>; swtch = <undef>; start = ^Q; stop = ^S; susp = ^Z; rprnt = ^R;

Sat, 22 Jun 2019 17:32:58 [line:102] INFO werase = ^W; lnext = ^V; discard = ^O; min = 1; time = 0;

Sat, 22 Jun 2019 17:32:58 [line:102] INFO -parenb -parodd -cmspar cs8 hupcl -cstopb cread clocal -crtscts

Sat, 22 Jun 2019 17:32:58 [line:102] INFO -ignbrk -brkint -ignpar -parmrk -inpck -istrip -inlcr -igncr icrnl ixon -ixoff

Sat, 22 Jun 2019 17:32:58 [line:102] INFO -iuclc -ixany -imaxbel -iutf8

Sat, 22 Jun 2019 17:32:58 [line:102] INFO opost -olcuc -ocrnl onlcr -onocr -onlret -ofill -ofdel nl0 cr0 tab0 bs0 vt0 ff0

Sat, 22 Jun 2019 17:32:58 [line:102] INFO isig icanon iexten echo echoe echok -echonl -noflsh -xcase -tostop -echoprt

Sat, 22 Jun 2019 17:32:58 [line:102] INFO echoctl echoke -flusho -extproc

Sat, 22 Jun 2019 17:32:59 [line:102] INFO [    7.083340] IPv6: ADDRCONF(NETDEV_CHANGE): can0: link becomes ready

Sat, 22 Jun 2019 17:32:59 [line:102] INFO [    7.092583] IPv6: ADDRCONF(NETDEV_CHANGE): can1: link becomes ready

Sat, 22 Jun 2019 17:33:01 [line:102] INFO 1970-01-01T00:00:09Z chronyd version 2.4 starting (+CMDMON +NTP +REFCLOCK +RTC -PRIVDROP -SCFILTER -SECHASH +ASYNCDNS +IPV6 -DEBUG)

Sat, 22 Jun 2019 17:33:01 [line:102] INFO 1970-01-01T00:00:09Z Setting filter length for PPS0 to 1

Sat, 22 Jun 2019 17:33:01 [line:102] INFO 1970-01-01T00:00:09Z Could not create directory /var/log : File exists

Sat, 22 Jun 2019 17:33:01 [line:102] INFO 1970-01-01T00:00:09Z Couldn't open logfile /var/log/chrony/tracking.log for update

Sat, 22 Jun 2019 17:33:03 [line:102] INFO [   11.118759] pcieport 0000:00:00.0: BAR 8: assigned [mem 0x72200000-0x722fffff]

