Mon, 24 Jun 2019 08:31:57 [line:126] INFO ============start loop 1============
Mon, 24 Jun 2019 08:32:00 [line:48] INFO Turn On
Mon, 24 Jun 2019 08:32:06 [line:102] INFO 
Mon, 24 Jun 2019 08:32:06 [line:102] INFO U-Boot 2016.01 (Jun 13 2019 - 16:48:21 +0800)
Mon, 24 Jun 2019 08:32:06 [line:102] INFO 
Mon, 24 Jun 2019 08:32:06 [line:102] INFO CPU:   NXP S32V234 V2.0 at 1000 MHz

Mon, 24 Jun 2019 08:32:06 [line:102] INFO Reset cause: unknown reset

Mon, 24 Jun 2019 08:32:06 [line:102] INFO Board: s32v234evb29288

Mon, 24 Jun 2019 08:32:06 [line:102] INFO I2C:   ready

Mon, 24 Jun 2019 08:32:06 [line:102] INFO DRAM:  2 GiB

Mon, 24 Jun 2019 08:32:06 [line:102] INFO All (4) cores are up.

Mon, 24 Jun 2019 08:32:06 [line:102] INFO MMC:   Config the emmc hc and disable sdhc

Mon, 24 Jun 2019 08:32:06 [line:102] INFO FSL_SDHC: 0

Mon, 24 Jun 2019 08:32:07 [line:102] INFO 

Mon, 24 Jun 2019 08:32:07 [line:102] INFO Forcing PCIe to Gen1 operation

Mon, 24 Jun 2019 08:32:07 [line:102] INFO phy link never came up

Mon, 24 Jun 2019 08:32:07 [line:102] INFO DEBUG_R0: 0x00120500, DEBUG_R1: 0x08200000

Mon, 24 Jun 2019 08:32:07 [line:102] INFO In:    serial

Mon, 24 Jun 2019 08:32:07 [line:102] INFO Out:   serial

Mon, 24 Jun 2019 08:32:07 [line:102] INFO Err:   serial

Mon, 24 Jun 2019 08:32:07 [line:102] INFO The security module (CSE3) is disabled.

Mon, 24 Jun 2019 08:32:07 [line:102] INFO Net:   

Mon, 24 Jun 2019 08:32:07 [line:102] INFO Warning: System is using default MAC address. Please set a new value

Mon, 24 Jun 2019 08:32:07 [line:102] INFO FEC

Mon, 24 Jun 2019 08:32:10 [line:102] INFO Hit any key to stop autoboot:  3  2  1  0 

Mon, 24 Jun 2019 08:32:10 [line:102] INFO switch to partitions #0, OK

Mon, 24 Jun 2019 08:32:10 [line:102] INFO mmc0(part 0) is current device

Mon, 24 Jun 2019 08:32:10 [line:102] INFO reading Image

Mon, 24 Jun 2019 08:32:11 [line:102] INFO 10485760 bytes read in 506 ms (19.8 MiB/s)

Mon, 24 Jun 2019 08:32:11 [line:102] INFO Booting from mmc ... s32v234-evb.dias.emmc.dtb

Mon, 24 Jun 2019 08:32:11 [line:102] INFO reading s32v234-evb.dias.emmc.dtb

Mon, 24 Jun 2019 08:32:11 [line:102] INFO 1048576 bytes read in 63 ms (15.9 MiB/s)

Mon, 24 Jun 2019 08:32:11 [line:102] INFO ## Flattened Device Tree blob at 82000000

Mon, 24 Jun 2019 08:32:11 [line:102] INFO    Booting using the fdt blob at 0x82000000

Mon, 24 Jun 2019 08:32:11 [line:102] INFO    reserving fdt memory region: addr=80000000 size=10000

Mon, 24 Jun 2019 08:32:11 [line:102] INFO    Loading Device Tree to 000000009fff5000, end 000000009ffff6c4 ... OK

Mon, 24 Jun 2019 08:32:11 [line:102] INFO 

Mon, 24 Jun 2019 08:32:11 [line:102] INFO Starting kernel ...

Mon, 24 Jun 2019 08:32:11 [line:102] INFO 

Mon, 24 Jun 2019 08:32:12 [line:102] INFO [    0.000000] Booting Linux on physical CPU 0x0

Mon, 24 Jun 2019 08:32:12 [line:102] INFO [    0.000000] Linux version 4.14.34-rt27+g5b7d979 (oe-user@oe-host) (gcc version 7.1.1 20170707 (Linaro GCC 7.1-2017.08)) #1 SMP Tue Jun 18 11:20:55 CST 2019

Mon, 24 Jun 2019 08:32:12 [line:102] INFO [    0.000000] Boot CPU: AArch64 Processor [410fd034]

Mon, 24 Jun 2019 08:32:12 [line:102] INFO [    0.000000] Machine model: Freescale S32V234

Mon, 24 Jun 2019 08:32:12 [line:102] INFO [    0.000000] percpu: Embedded 20 pages/cpu @ffffffc07ff79000 s43416 r8192 d30312 u81920

Mon, 24 Jun 2019 08:32:12 [line:102] INFO [    0.000000] Detected VIPT I-cache on CPU0

Mon, 24 Jun 2019 08:32:12 [line:102] INFO [    0.000000] CPU features: enabling workaround for ARM erratum 845719

Mon, 24 Jun 2019 08:32:12 [line:102] INFO [    0.000000] Built 1 zonelists, mobility grouping on.  Total pages: 512000

Mon, 24 Jun 2019 08:32:12 [line:102] INFO [    0.000000] Kernel command line: console=ttyLF0,115200 root=/dev/mmcblk0p2 rootwait rw

Mon, 24 Jun 2019 08:32:12 [line:102] INFO [    0.000000] PID hash table entries: 4096 (order: 3, 32768 bytes)

Mon, 24 Jun 2019 08:32:12 [line:102] INFO [    0.000000] Dentry cache hash table entries: 262144 (order: 9, 2097152 bytes)

Mon, 24 Jun 2019 08:32:12 [line:102] INFO [    0.000000] Inode-cache hash table entries: 131072 (order: 8, 1048576 bytes)

Mon, 24 Jun 2019 08:32:12 [line:102] INFO [    0.000000] Memory: 2035752K/2076672K available (5822K kernel code, 414K rwdata, 1576K rodata, 384K init, 258K bss, 40920K reserved, 0K cma-reserved)

Mon, 24 Jun 2019 08:32:12 [line:102] INFO [    0.000000] Virtual kernel memory layout:

Mon, 24 Jun 2019 08:32:12 [line:102] INFO [    0.000000]     modules : 0xffffff8000000000 - 0xffffff8008000000   (   128 MB)

Mon, 24 Jun 2019 08:32:12 [line:102] INFO [    0.000000]     vmalloc : 0xffffff8008000000 - 0xffffffbebfff0000   (   250 GB)

Mon, 24 Jun 2019 08:32:12 [line:102] INFO [    0.000000]       .text : 0xffffff8008080000 - 0xffffff8008630000   (  5824 KB)

Mon, 24 Jun 2019 08:32:12 [line:102] INFO [    0.000000]     .rodata : 0xffffff8008630000 - 0xffffff80087c0000   (  1600 KB)

Mon, 24 Jun 2019 08:32:12 [line:102] INFO [    0.000000]       .init : 0xffffff80087c0000 - 0xffffff8008820000   (   384 KB)

Mon, 24 Jun 2019 08:32:12 [line:102] INFO [    0.000000]       .data : 0xffffff8008820000 - 0xffffff8008887808   (   415 KB)

Mon, 24 Jun 2019 08:32:12 [line:102] INFO [    0.000000]        .bss : 0xffffff8008887808 - 0xffffff80088c80c8   (   259 KB)

Mon, 24 Jun 2019 08:32:12 [line:102] INFO [    0.000000]     fixed   : 0xffffffbefe7fb000 - 0xffffffbefec00000   (  4116 KB)

Mon, 24 Jun 2019 08:32:12 [line:102] INFO [    0.000000]     PCI I/O : 0xffffffbefee00000 - 0xffffffbeffe00000   (    16 MB)

Mon, 24 Jun 2019 08:32:12 [line:102] INFO [    0.000000]     vmemmap : 0xffffffbf00000000 - 0xffffffc000000000   (     4 GB maximum)

Mon, 24 Jun 2019 08:32:12 [line:102] INFO [    0.000000]               0xffffffbf00000000 - 0xffffffbf01c00000   (    28 MB actual)

Mon, 24 Jun 2019 08:32:12 [line:102] INFO [    0.000000]     memory  : 0xffffffc000000000 - 0xffffffc080000000   (  2048 MB)

Mon, 24 Jun 2019 08:32:12 [line:102] INFO [    0.000000] Hierarchical RCU implementation.

Mon, 24 Jun 2019 08:32:12 [line:102] INFO [    0.000000] 	RCU event tracing is enabled.

Mon, 24 Jun 2019 08:32:12 [line:102] INFO [    0.000000] NR_IRQS: 64, nr_irqs: 64, preallocated irqs: 0

Mon, 24 Jun 2019 08:32:12 [line:102] INFO [    0.000000] arch_timer: cp15 timer(s) running at 12.00MHz (virt).

Mon, 24 Jun 2019 08:32:12 [line:102] INFO [    0.000000] clocksource: arch_sys_counter: mask: 0xffffffffffffff max_cycles: 0x2c47f4ee7, max_idle_ns: 440795202497 ns

Mon, 24 Jun 2019 08:32:12 [line:102] INFO [    0.000004] sched_clock: 56 bits at 12MHz, resolution 83ns, wraps every 4398046511096ns

Mon, 24 Jun 2019 08:32:12 [line:102] INFO [    0.000473] Console: colour dummy device 80x25

Mon, 24 Jun 2019 08:32:12 [line:102] INFO [    0.000488] Calibrating delay loop (skipped), value calculated using timer frequency.. 24.00 BogoMIPS (lpj=48000)

Mon, 24 Jun 2019 08:32:12 [line:102] INFO [    0.000497] pid_max: default: 32768 minimum: 301

Mon, 24 Jun 2019 08:32:12 [line:102] INFO [    0.000588] Security Framework initialized

Mon, 24 Jun 2019 08:32:12 [line:102] INFO [    0.000641] Mount-cache hash table entries: 4096 (order: 3, 32768 bytes)

Mon, 24 Jun 2019 08:32:12 [line:102] INFO [    0.000659] Mountpoint-cache hash table entries: 4096 (order: 3, 32768 bytes)

Mon, 24 Jun 2019 08:32:12 [line:102] INFO [    0.001354] ASID allocator initialised with 32768 entries

Mon, 24 Jun 2019 08:32:12 [line:102] INFO [    0.001417] Hierarchical SRCU implementation.

Mon, 24 Jun 2019 08:32:12 [line:102] INFO [    0.002057] smp: Bringing up secondary CPUs ...

Mon, 24 Jun 2019 08:32:12 [line:102] INFO [    0.002389] Detected VIPT I-cache on CPU1

Mon, 24 Jun 2019 08:32:12 [line:102] INFO [    0.002433] CPU1: Booted secondary processor [410fd034]

Mon, 24 Jun 2019 08:32:12 [line:102] INFO [    0.002789] Detected VIPT I-cache on CPU2

Mon, 24 Jun 2019 08:32:12 [line:102] INFO [    0.002829] CPU2: Booted secondary processor [410fd034]

Mon, 24 Jun 2019 08:32:12 [line:102] INFO [    0.003193] Detected VIPT I-cache on CPU3

Mon, 24 Jun 2019 08:32:12 [line:102] INFO [    0.003215] CPU3: Booted secondary processor [410fd034]

Mon, 24 Jun 2019 08:32:12 [line:102] INFO [    0.003292] smp: Brought up 1 node, 4 CPUs

Mon, 24 Jun 2019 08:32:12 [line:102] INFO [    0.003310] SMP: Total of 4 processors activated.

Mon, 24 Jun 2019 08:32:12 [line:102] INFO [    0.003317] CPU features: detected feature: 32-bit EL0 Support

Mon, 24 Jun 2019 08:32:12 [line:102] INFO [    0.003322] CPU features: detected feature: Kernel page table isolation (KPTI)

Mon, 24 Jun 2019 08:32:12 [line:102] INFO [    0.006128] CPU: All CPU(s) started at EL1

Mon, 24 Jun 2019 08:32:12 [line:102] INFO [    0.006149] alternatives: patching kernel code

Mon, 24 Jun 2019 08:32:12 [line:102] INFO [    0.006905] devtmpfs: initialized

Mon, 24 Jun 2019 08:32:12 [line:102] INFO [    0.010657] random: get_random_u32 called from bucket_table_alloc+0x10c/0x260 with crng_init=0

Mon, 24 Jun 2019 08:32:12 [line:102] INFO [    0.010976] clocksource: jiffies: mask: 0xffffffff max_cycles: 0xffffffff, max_idle_ns: 7645041785100000 ns

Mon, 24 Jun 2019 08:32:12 [line:102] INFO [    0.010990] futex hash table entries: 1024 (order: 5, 131072 bytes)

Mon, 24 Jun 2019 08:32:12 [line:102] INFO [    0.011194] pinctrl core: initialized pinctrl subsystem

Mon, 24 Jun 2019 08:32:12 [line:102] INFO [    0.011755] NET: Registered protocol family 16

Mon, 24 Jun 2019 08:32:12 [line:102] INFO [    0.012583] NET: Registered protocol family 42

Mon, 24 Jun 2019 08:32:12 [line:102] INFO [    0.013041] vdso: 2 pages (1 code @ ffffff8008636000, 1 data @ ffffff8008824000)

Mon, 24 Jun 2019 08:32:12 [line:102] INFO [    0.013054] hw-breakpoint: found 6 breakpoint and 4 watchpoint registers.

Mon, 24 Jun 2019 08:32:12 [line:102] INFO [    0.013288] DMA: preallocated 256 KiB pool for atomic allocations

Mon, 24 Jun 2019 08:32:12 [line:102] INFO [    0.025835] HugeTLB registered 2.00 MiB page size, pre-allocated 0 pages

Mon, 24 Jun 2019 08:32:12 [line:102] INFO [    0.028203] vgaarb: loaded

Mon, 24 Jun 2019 08:32:12 [line:102] INFO [    0.028403] SCSI subsystem initialized

Mon, 24 Jun 2019 08:32:12 [line:102] INFO [    0.028577] usbcore: registered new interface driver usbfs

Mon, 24 Jun 2019 08:32:12 [line:102] INFO [    0.028617] usbcore: registered new interface driver hub

Mon, 24 Jun 2019 08:32:12 [line:102] INFO [    0.028672] usbcore: registered new device driver usb

Mon, 24 Jun 2019 08:32:12 [line:102] INFO [    0.028853] imx-i2c 40051000.i2c: could not find pctldev for node /soc/aips-bus@40000000/siul2/siul2-pinctrl@4006C000/s32v234-evb/i2c0grp, deferring probe

Mon, 24 Jun 2019 08:32:12 [line:102] INFO [    0.028948] imx-i2c 400b8000.i2c: could not find pctldev for node /soc/aips-bus@40000000/siul2/siul2-pinctrl@4006C000/s32v234-evb/i2c1grp, deferring probe

Mon, 24 Jun 2019 08:32:12 [line:102] INFO [    0.028976] imx-i2c 400ba000.i2c: could not find pctldev for node /soc/aips-bus@40000000/siul2/siul2-pinctrl@4006C000/s32v234-evb/i2c2grp, deferring probe

Mon, 24 Jun 2019 08:32:12 [line:102] INFO [    0.029079] pps_core: LinuxPPS API ver. 1 registered

Mon, 24 Jun 2019 08:32:12 [line:102] INFO [    0.029084] pps_core: Software ver. 5.3.6 - Copyright 2005-2007 Rodolfo Giometti <giometti@linux.it>

Mon, 24 Jun 2019 08:32:12 [line:102] INFO [    0.029107] PTP clock support registered

Mon, 24 Jun 2019 08:32:12 [line:102] INFO [    0.029830] clocksource: Switched to clocksource arch_sys_counter

Mon, 24 Jun 2019 08:32:12 [line:102] INFO [    0.035661] NET: Registered protocol family 2

Mon, 24 Jun 2019 08:32:12 [line:102] INFO [    0.036001] TCP established hash table entries: 16384 (order: 5, 131072 bytes)

Mon, 24 Jun 2019 08:32:12 [line:102] INFO [    0.036128] TCP bind hash table entries: 16384 (order: 6, 262144 bytes)

Mon, 24 Jun 2019 08:32:12 [line:102] INFO [    0.036357] TCP: Hash tables configured (established 16384 bind 16384)

Mon, 24 Jun 2019 08:32:12 [line:102] INFO [    0.036469] UDP hash table entries: 1024 (order: 3, 32768 bytes)

Mon, 24 Jun 2019 08:32:12 [line:102] INFO [    0.036516] UDP-Lite hash table entries: 1024 (order: 3, 32768 bytes)

Mon, 24 Jun 2019 08:32:12 [line:102] INFO [    0.036665] NET: Registered protocol family 1

Mon, 24 Jun 2019 08:32:12 [line:102] INFO [    0.036915] RPC: Registered named UNIX socket transport module.

Mon, 24 Jun 2019 08:32:12 [line:102] INFO [    0.036921] RPC: Registered udp transport module.

Mon, 24 Jun 2019 08:32:12 [line:102] INFO [    0.036925] RPC: Registered tcp transport module.

Mon, 24 Jun 2019 08:32:12 [line:102] INFO [    0.036929] RPC: Registered tcp NFSv4.1 backchannel transport module.

Mon, 24 Jun 2019 08:32:12 [line:102] INFO [    0.037555] hw perfevents: enabled with armv8_pmuv3 PMU driver, 7 counters available

Mon, 24 Jun 2019 08:32:12 [line:102] INFO [    0.038708] workingset: timestamp_bits=62 max_order=19 bucket_order=0

Mon, 24 Jun 2019 08:32:13 [line:102] INFO [    0.039478] fuse init (API version 7.26)

Mon, 24 Jun 2019 08:32:13 [line:102] INFO [    0.040070] Block layer SCSI generic (bsg) driver version 0.4 loaded (major 248)

Mon, 24 Jun 2019 08:32:13 [line:102] INFO [    0.040079] io scheduler noop registered

Mon, 24 Jun 2019 08:32:13 [line:102] INFO [    0.040084] io scheduler deadline registered

Mon, 24 Jun 2019 08:32:13 [line:102] INFO [    0.040112] io scheduler cfq registered (default)

Mon, 24 Jun 2019 08:32:13 [line:102] INFO [    0.040117] io scheduler mq-deadline registered

Mon, 24 Jun 2019 08:32:13 [line:102] INFO [    0.040122] io scheduler kyber registered

Mon, 24 Jun 2019 08:32:13 [line:102] INFO [    0.040634] s32v234-siul2-pinctrl 4006c240.siul2-pinctrl: initialized s32 pinctrl driver

Mon, 24 Jun 2019 08:32:13 [line:102] INFO [    0.043027] s32v234-pcie 72ffc000.pcie: Configuring as RC

Mon, 24 Jun 2019 08:32:13 [line:102] INFO [    0.043108] s32v234-pcie 72ffc000.pcie: Allocated line 0 for interrupt 79

Mon, 24 Jun 2019 08:32:13 [line:102] INFO [    0.043119] OF: PCI: host bridge /pcie@0x72000000 ranges:

Mon, 24 Jun 2019 08:32:13 [line:102] INFO [    0.043132] OF: PCI:    IO 0x72f80000..0x72f8ffff -> 0x00000000

Mon, 24 Jun 2019 08:32:13 [line:102] INFO [    0.043140] OF: PCI:   MEM 0x72000000..0x72efffff -> 0x72000000

Mon, 24 Jun 2019 08:32:13 [line:102] INFO [    0.093762] s32v234-pcie 72ffc000.pcie: SOC revision: 0x10

Mon, 24 Jun 2019 08:32:13 [line:102] INFO [    1.093927] s32v234-pcie 72ffc000.pcie: phy link never came up

Mon, 24 Jun 2019 08:32:13 [line:102] INFO [    1.093939] s32v234-pcie 72ffc000.pcie: phy link never came up

Mon, 24 Jun 2019 08:32:13 [line:102] INFO [    1.093947] s32v234-pcie 72ffc000.pcie: DEBUG_R0: 0x00cea300, DEBUG_R1: 0x08200000

Mon, 24 Jun 2019 08:32:13 [line:102] INFO [    1.094154] s32v234-pcie 72ffc000.pcie: Failed to bring link up!

Mon, 24 Jun 2019 08:32:13 [line:102] INFO [    1.094282] s32v234-pcie 72ffc000.pcie: PCI host bridge to bus 0000:00

Mon, 24 Jun 2019 08:32:13 [line:102] INFO [    1.094292] pci_bus 0000:00: root bus resource [bus 00-ff]

Mon, 24 Jun 2019 08:32:13 [line:102] INFO [    1.094300] pci_bus 0000:00: root bus resource [io  0x0000-0xffff]

Mon, 24 Jun 2019 08:32:13 [line:102] INFO [    1.094307] pci_bus 0000:00: root bus resource [mem 0x72000000-0x72efffff]

Mon, 24 Jun 2019 08:32:13 [line:102] INFO [    1.094620] pci 0000:00:00.0: BAR 0: assigned [mem 0x72000000-0x720fffff 64bit]

Mon, 24 Jun 2019 08:32:13 [line:102] INFO [    1.094632] pci 0000:00:00.0: BAR 6: assigned [mem 0x72100000-0x7210ffff pref]

Mon, 24 Jun 2019 08:32:13 [line:102] INFO [    1.094641] pci 0000:00:00.0: PCI bridge to [bus 01-ff]

Mon, 24 Jun 2019 08:32:13 [line:102] INFO [    1.094883] pcieport 0000:00:00.0: Signaling PME with IRQ 85

Mon, 24 Jun 2019 08:32:13 [line:102] INFO [    1.094975] pcieport 0000:00:00.0: AER enabled with IRQ 85

Mon, 24 Jun 2019 08:32:13 [line:102] INFO [    1.095765] fsl_dcu 40028000.dcu: DCU: memory pool creation error

Mon, 24 Jun 2019 08:32:13 [line:102] INFO [    1.095775] fsl_dcu 40028000.dcu: DCU: using default surface memory space.

Mon, 24 Jun 2019 08:32:13 [line:102] INFO [    1.096343] fsl_dcu 40028000.dcu: Selected video mode on </dev/fb0> : <1920 x 1080>

Mon, 24 Jun 2019 08:32:13 [line:102] INFO [    1.096560] fsl_dcu 40028000.dcu: Selected video mode on </dev/fb1> : <1920 x 1080>

Mon, 24 Jun 2019 08:32:13 [line:102] INFO [    1.096766] fsl_dcu 40028000.dcu: Selected video mode on </dev/fb2> : <1920 x 1080>

Mon, 24 Jun 2019 08:32:13 [line:102] INFO [    1.096968] fsl_dcu 40028000.dcu: Selected video mode on </dev/fb3> : <1920 x 1080>

Mon, 24 Jun 2019 08:32:13 [line:102] INFO [    1.097169] fsl_dcu 40028000.dcu: Selected video mode on </dev/fb4> : <1920 x 1080>

Mon, 24 Jun 2019 08:32:13 [line:102] INFO [    1.097371] fsl_dcu 40028000.dcu: Selected video mode on </dev/fb5> : <1920 x 1080>

Mon, 24 Jun 2019 08:32:13 [line:102] INFO [    1.097578] fsl_dcu 40028000.dcu: Selected video mode on </dev/fb6> : <1920 x 1080>

Mon, 24 Jun 2019 08:32:13 [line:102] INFO [    1.097778] fsl_dcu 40028000.dcu: Selected video mode on </dev/fb7> : <1920 x 1080>

Mon, 24 Jun 2019 08:32:13 [line:102] INFO [    1.098721] 40053000.serial: ttyLF0 at MMIO 0x40053000 (irq = 24, base_baud = 4166666) is a FSL_LINFLEX

Mon, 24 Jun 2019 08:32:13 [line:102] INFO [    1.915889] console [ttyLF0] enabled

Mon, 24 Jun 2019 08:32:13 [line:102] INFO [    1.919908] 400bc000.serial: ttyLF1 at MMIO 0x400bc000 (irq = 42, base_baud = 4166666) is a FSL_LINFLEX

Mon, 24 Jun 2019 08:32:13 [line:102] INFO [    1.929525] fsl-linflexuart 400bc000.serial: DMA tx channel request failed, operating without tx DMA

Mon, 24 Jun 2019 08:32:13 [line:102] INFO [    1.938749] fsl-linflexuart 400bc000.serial: DMA rx channel request failed, operating without rx DMA

Mon, 24 Jun 2019 08:32:13 [line:102] INFO [    1.948474] cacheinfo: Unable to detect cache hierarchy for CPU 0

Mon, 24 Jun 2019 08:32:13 [line:102] INFO [    1.959237] loop: module loaded

Mon, 24 Jun 2019 08:32:13 [line:102] INFO [    1.963411] num_chipselect =8 

Mon, 24 Jun 2019 08:32:13 [line:102] INFO [    1.963416] bus_num =0 

Mon, 24 Jun 2019 08:32:13 [line:102] INFO [    1.966610] fsl-dspi 40057000.spi: owen register platform irq =26

Mon, 24 Jun 2019 08:32:13 [line:102] INFO [    1.975464] cs_sck_delay=0

Mon, 24 Jun 2019 08:32:13 [line:102] INFO [    1.978200] pcssck=0, cssck=0

Mon, 24 Jun 2019 08:32:13 [line:102] INFO [    1.981186] pasc=0, asc=0

Mon, 24 Jun 2019 08:32:13 [line:102] INFO [    1.983828] get pcssck=1, cssck=4

Mon, 24 Jun 2019 08:32:13 [line:102] INFO [    1.987424]   owen iory devm_gpio_request_one try

Mon, 24 Jun 2019 08:32:13 [line:102] INFO [    1.992237] owen iory devm_gpio_request_one ok

Mon, 24 Jun 2019 08:32:13 [line:102] INFO [    1.996721] owen iory try  pSPI_gpio

Mon, 24 Jun 2019 08:32:13 [line:102] INFO [    2.000372] cs_sck_delay=0

Mon, 24 Jun 2019 08:32:13 [line:102] INFO [    2.003106] pcssck=0, cssck=0

Mon, 24 Jun 2019 08:32:13 [line:102] INFO [    2.006098] pasc=0, asc=0

Mon, 24 Jun 2019 08:32:13 [line:102] INFO [    2.008733] get pcssck=1, cssck=4

Mon, 24 Jun 2019 08:32:13 [line:102] INFO [    2.012348] cs_sck_delay=100

Mon, 24 Jun 2019 08:32:13 [line:102] INFO [    2.015260] pcssck=3, cssck=0

Mon, 24 Jun 2019 08:32:13 [line:102] INFO [    2.018253] pasc=3, asc=0

Mon, 24 Jun 2019 08:32:13 [line:102] INFO [    2.020887] get pcssck=1, cssck=4

Mon, 24 Jun 2019 08:32:13 [line:102] INFO [    2.024355] cs_sck_delay=100

Mon, 24 Jun 2019 08:32:13 [line:102] INFO [    2.027261] pcssck=3, cssck=0

Mon, 24 Jun 2019 08:32:13 [line:102] INFO [    2.030253] pasc=3, asc=0

Mon, 24 Jun 2019 08:32:13 [line:102] INFO [    2.032888] get pcssck=1, cssck=4

Mon, 24 Jun 2019 08:32:13 [line:102] INFO [    2.036345] cs_sck_delay=0

Mon, 24 Jun 2019 08:32:13 [line:102] INFO [    2.039076] pcssck=0, cssck=0

Mon, 24 Jun 2019 08:32:13 [line:102] INFO [    2.042068] pasc=0, asc=0

Mon, 24 Jun 2019 08:32:13 [line:102] INFO [    2.044702] get pcssck=1, cssck=4

Mon, 24 Jun 2019 08:32:13 [line:102] INFO [    2.048535] num_chipselect =4 

Mon, 24 Jun 2019 08:32:13 [line:102] INFO [    2.048538] bus_num =1 

Mon, 24 Jun 2019 08:32:13 [line:102] INFO [    2.051718] fsl-dspi 400c0000.spi: owen register platform irq =44

Mon, 24 Jun 2019 08:32:13 [line:102] INFO [    2.060404] owen dspi_request_dma 9

Mon, 24 Jun 2019 08:32:13 [line:102] INFO [    2.064121] cs_sck_delay=0

Mon, 24 Jun 2019 08:32:13 [line:102] INFO [    2.066855] pcssck=0, cssck=0

Mon, 24 Jun 2019 08:32:13 [line:102] INFO [    2.069848] pasc=0, asc=0

Mon, 24 Jun 2019 08:32:13 [line:102] INFO [    2.072482] get pcssck=1, cssck=4

Mon, 24 Jun 2019 08:32:13 [line:102] INFO [    2.076262] num_chipselect =4 

Mon, 24 Jun 2019 08:32:13 [line:102] INFO [    2.076265] bus_num =3 

Mon, 24 Jun 2019 08:32:13 [line:102] INFO [    2.079450] fsl-dspi 400c2000.spi: owen register platform irq =45

Mon, 24 Jun 2019 08:32:13 [line:102] INFO [    2.088135] owen dspi_request_dma 9

Mon, 24 Jun 2019 08:32:13 [line:102] INFO [    2.091854] cs_sck_delay=0

Mon, 24 Jun 2019 08:32:13 [line:102] INFO [    2.094588] pcssck=0, cssck=0

Mon, 24 Jun 2019 08:32:13 [line:102] INFO [    2.097573] pasc=0, asc=0

Mon, 24 Jun 2019 08:32:13 [line:102] INFO [    2.100215] get pcssck=1, cssck=4

Mon, 24 Jun 2019 08:32:13 [line:102] INFO [    2.104737] libphy: Fixed MDIO Bus: probed

Mon, 24 Jun 2019 08:32:13 [line:102] INFO [    2.109182] tun: Universal TUN/TAP device driver, 1.6

Mon, 24 Jun 2019 08:32:13 [line:102] INFO [    2.114406] vcan: Virtual CAN interface driver

Mon, 24 Jun 2019 08:32:13 [line:102] INFO [    2.118897] slcan: serial line CAN interface driver

Mon, 24 Jun 2019 08:32:13 [line:102] INFO [    2.123818] slcan: 10 dynamic interface channels.

Mon, 24 Jun 2019 08:32:13 [line:102] INFO [    2.128563] CAN device driver interface

Mon, 24 Jun 2019 08:32:13 [line:102] INFO [    2.133094] flexcan 40055000.flexcan: device registered (reg_base=ffffff800891d000, irq=25)

Mon, 24 Jun 2019 08:32:13 [line:102] INFO [    2.142198] flexcan 400be000.flexcan: device registered (reg_base=ffffff8008925000, irq=43)

Mon, 24 Jun 2019 08:32:13 [line:102] INFO [    2.152807] libphy: fec_enet_mii_bus: probed

Mon, 24 Jun 2019 08:32:13 [line:102] INFO [    2.159355] fec 40032000.ethernet eth0: registered PHC device 0

Mon, 24 Jun 2019 08:32:13 [line:102] INFO [    2.165859] ehci_hcd: USB 2.0 'Enhanced' Host Controller (EHCI) Driver

Mon, 24 Jun 2019 08:32:13 [line:102] INFO [    2.172450] ehci-pci: EHCI PCI platform driver

Mon, 24 Jun 2019 08:32:13 [line:102] INFO [    2.176977] ehci-platform: EHCI generic platform driver

Mon, 24 Jun 2019 08:32:13 [line:102] INFO [    2.182370] ohci_hcd: USB 1.1 'Open' Host Controller (OHCI) Driver

Mon, 24 Jun 2019 08:32:13 [line:102] INFO [    2.188620] ohci-pci: OHCI PCI platform driver

Mon, 24 Jun 2019 08:32:13 [line:102] INFO [    2.193140] ohci-platform: OHCI generic platform driver

Mon, 24 Jun 2019 08:32:13 [line:102] INFO [    2.198816] usbcore: registered new interface driver usb-storage

Mon, 24 Jun 2019 08:32:13 [line:102] INFO [    2.205093] i2c /dev entries driver

Mon, 24 Jun 2019 08:32:13 [line:102] INFO [    2.208673] IR NEC protocol handler initialized

Mon, 24 Jun 2019 08:32:13 [line:102] INFO [    2.213245] IR RC5(x/sz) protocol handler initialized

Mon, 24 Jun 2019 08:32:13 [line:102] INFO [    2.218341] IR RC6 protocol handler initialized

Mon, 24 Jun 2019 08:32:13 [line:102] INFO [    2.222909] IR JVC protocol handler initialized

Mon, 24 Jun 2019 08:32:13 [line:102] INFO [    2.227478] IR Sony protocol handler initialized

Mon, 24 Jun 2019 08:32:13 [line:102] INFO [    2.232135] IR SANYO protocol handler initialized

Mon, 24 Jun 2019 08:32:13 [line:102] INFO [    2.236878] IR Sharp protocol handler initialized

Mon, 24 Jun 2019 08:32:13 [line:102] INFO [    2.241622] IR MCE Keyboard/mouse protocol handler initialized

Mon, 24 Jun 2019 08:32:13 [line:102] INFO [    2.247505] IR XMP protocol handler initialized

Mon, 24 Jun 2019 08:32:13 [line:102] INFO [    2.252395] pps pps0: new PPS source 0.pps.-1

Mon, 24 Jun 2019 08:32:13 [line:102] INFO [    2.256835] pps pps0: Registered IRQ 119 as PPS source

Mon, 24 Jun 2019 08:32:13 [line:102] INFO [    2.262775] sac58r-wdt 4000a000.swt: SAC58R/S32V234 Watchdog Timer Registered. timeout=30s (nowayout=0)

Mon, 24 Jun 2019 08:32:13 [line:102] INFO [    2.272468] sac58r-wdt 4000b000.swt: SAC58R/S32V234 Watchdog Timer Registered. timeout=30s (nowayout=0)

Mon, 24 Jun 2019 08:32:13 [line:102] INFO [    2.282193] sac58r-wdt 40084000.swt: SAC58R/S32V234 Watchdog Timer Registered. timeout=30s (nowayout=0)

Mon, 24 Jun 2019 08:32:13 [line:102] INFO [    2.291868] sac58r-wdt 40085000.swt: SAC58R/S32V234 Watchdog Timer Registered. timeout=30s (nowayout=0)

Mon, 24 Jun 2019 08:32:13 [line:102] INFO [    2.301673] sdhci: Secure Digital Host Controller Interface driver

Mon, 24 Jun 2019 08:32:13 [line:102] INFO [    2.307914] sdhci: Copyright(c) Pierre Ossman

Mon, 24 Jun 2019 08:32:13 [line:102] INFO [    2.312310] sdhci-pltfm: SDHCI platform and OF driver helper

Mon, 24 Jun 2019 08:32:13 [line:102] INFO [    2.361838] mmc0: SDHCI controller on 4005d000.usdhc [4005d000.usdhc] using ADMA

Mon, 24 Jun 2019 08:32:13 [line:102] INFO [    2.369668] usbcore: registered new interface driver usbhid

Mon, 24 Jun 2019 08:32:13 [line:102] INFO [    2.375297] usbhid: USB HID core driver

Mon, 24 Jun 2019 08:32:13 [line:102] INFO [    2.403144] NET: Registered protocol family 10

Mon, 24 Jun 2019 08:32:13 [line:102] INFO [    2.408214] Segment Routing with IPv6

Mon, 24 Jun 2019 08:32:13 [line:102] INFO [    2.411962] sit: IPv6, IPv4 and MPLS over IPv4 tunneling driver

Mon, 24 Jun 2019 08:32:13 [line:102] INFO [    2.417552] mmc0: new DDR MMC card at address 0001

Mon, 24 Jun 2019 08:32:13 [line:102] INFO [    2.417826] mmcblk0: mmc0:0001 S0J57X 29.6 GiB 

Mon, 24 Jun 2019 08:32:13 [line:102] INFO [    2.417925] mmcblk0boot0: mmc0:0001 S0J57X partition 1 31.5 MiB

Mon, 24 Jun 2019 08:32:13 [line:102] INFO [    2.418021] mmcblk0boot1: mmc0:0001 S0J57X partition 2 31.5 MiB

Mon, 24 Jun 2019 08:32:13 [line:102] INFO [    2.418109] mmcblk0rpmb: mmc0:0001 S0J57X partition 3 4.00 MiB

Mon, 24 Jun 2019 08:32:13 [line:102] INFO [    2.418962]  mmcblk0: p1 p2 p3 p4

Mon, 24 Jun 2019 08:32:13 [line:102] INFO [    2.419203] mmcblk0: p4 size 1755107328 extends beyond EOD, truncated

Mon, 24 Jun 2019 08:32:13 [line:102] INFO [    2.455399] NET: Registered protocol family 17

Mon, 24 Jun 2019 08:32:13 [line:102] INFO [    2.459898] can: controller area network core (rev 20170425 abi 9)

Mon, 24 Jun 2019 08:32:13 [line:102] INFO [    2.466182] NET: Registered protocol family 29

Mon, 24 Jun 2019 08:32:13 [line:102] INFO [    2.470696] can: raw protocol (rev 20170425)

Mon, 24 Jun 2019 08:32:13 [line:102] INFO [    2.475005] can: broadcast manager protocol (rev 20170425 t)

Mon, 24 Jun 2019 08:32:13 [line:102] INFO [    2.480721] can: netlink gateway (rev 20170425) max_hops=1

Mon, 24 Jun 2019 08:32:13 [line:102] INFO [    2.486290] Key type dns_resolver registered

Mon, 24 Jun 2019 08:32:13 [line:102] INFO [    2.491033] registered taskstats version 1

Mon, 24 Jun 2019 08:32:13 [line:102] INFO [    2.498539] i2c i2c-0: IMX I2C adapter registered

Mon, 24 Jun 2019 08:32:13 [line:102] INFO [    2.503324] i2c i2c-0: using dma0chan2 (tx) and dma0chan3 (rx) for DMA transfers

Mon, 24 Jun 2019 08:32:13 [line:102] INFO [    2.511577] sii902x 1-0039: cound not find device

Mon, 24 Jun 2019 08:32:13 [line:102] INFO [    2.516343] sii902x: probe of 1-0039 failed with error -11

Mon, 24 Jun 2019 08:32:13 [line:102] INFO [    2.522006] i2c i2c-1: IMX I2C adapter registered

Mon, 24 Jun 2019 08:32:13 [line:102] INFO [    2.526778] i2c i2c-1: using dma0chan20 (tx) and dma0chan21 (rx) for DMA transfers

Mon, 24 Jun 2019 08:32:13 [line:102] INFO [    2.534970] i2c i2c-2: IMX I2C adapter registered

Mon, 24 Jun 2019 08:32:13 [line:102] INFO [    2.539751] i2c i2c-2: using dma0chan22 (tx) and dma0chan23 (rx) for DMA transfers

Mon, 24 Jun 2019 08:32:13 [line:102] INFO [    2.547467] hctosys: unable to open rtc device (rtc0)

Mon, 24 Jun 2019 08:32:13 [line:102] INFO [    2.557604] EXT4-fs (mmcblk0p2): couldn't mount as ext3 due to feature incompatibilities

Mon, 24 Jun 2019 08:32:13 [line:102] INFO [    2.578457] EXT4-fs (mmcblk0p2): recovery complete

Mon, 24 Jun 2019 08:32:13 [line:102] INFO [    2.583695] EXT4-fs (mmcblk0p2): mounted filesystem with ordered data mode. Opts: (null)

Mon, 24 Jun 2019 08:32:13 [line:102] INFO [    2.591465] VFS: Mounted root (ext4 filesystem) on device 179:2.

Mon, 24 Jun 2019 08:32:13 [line:102] INFO [    2.597505] devtmpfs: mounted

Mon, 24 Jun 2019 08:32:13 [line:102] INFO [    2.600577] Freeing unused kernel memory: 384K

Mon, 24 Jun 2019 08:32:14 [line:102] INFO INIT: version 2.88 booting

Mon, 24 Jun 2019 08:32:14 [line:102] INFO Starting udev

Mon, 24 Jun 2019 08:32:14 [line:102] INFO [    2.927310] udevd[791]: starting version 3.2.2

Mon, 24 Jun 2019 08:32:14 [line:102] INFO [    2.961783] udevd[792]: starting eudev-3.2.2

Mon, 24 Jun 2019 08:32:14 [line:102] INFO [    3.036047] 

Mon, 24 Jun 2019 08:32:14 [line:102] INFO [    3.036047] [I]6<BS_LOG><smi130_acc_probe><7022>smi130_acc_probe start

Mon, 24 Jun 2019 08:32:14 [line:102] INFO [    3.036047] 

Mon, 24 Jun 2019 08:32:14 [line:102] INFO [    3.164831] 

Mon, 24 Jun 2019 08:32:14 [line:102] INFO [    3.164831] [E]3<BS_LOG><smi130_acc_smbus_read_byte><1748>I2C xfer error

Mon, 24 Jun 2019 08:32:14 [line:102] INFO [    3.172772] 

Mon, 24 Jun 2019 08:32:14 [line:102] INFO [    3.172772] [E]3<BS_LOG><smi130_acc_check_chip_id><1907>Bosch Sensortec Device not found

Mon, 24 Jun 2019 08:32:14 [line:102] INFO [    3.172772] 

Mon, 24 Jun 2019 08:32:14 [line:102] INFO [    3.172772] i2c bus read error, read chip_id:0

Mon, 24 Jun 2019 08:32:14 [line:102] INFO [    3.172772] 

Mon, 24 Jun 2019 08:32:14 [line:102] INFO [    3.306511] 

Mon, 24 Jun 2019 08:32:14 [line:102] INFO [    3.306511] [E]3<BS_LOG><smi130_acc_smbus_read_byte><1748>I2C xfer error

Mon, 24 Jun 2019 08:32:14 [line:102] INFO [    3.314435] 

Mon, 24 Jun 2019 08:32:14 [line:102] INFO [    3.314435] [E]3<BS_LOG><smi130_acc_check_chip_id><1907>Bosch Sensortec Device not found

Mon, 24 Jun 2019 08:32:14 [line:102] INFO [    3.314435] 

Mon, 24 Jun 2019 08:32:14 [line:102] INFO [    3.314435] i2c bus read error, read chip_id:0

Mon, 24 Jun 2019 08:32:14 [line:102] INFO [    3.314435] 

Mon, 24 Jun 2019 08:32:14 [line:102] INFO [    3.447964] 

Mon, 24 Jun 2019 08:32:14 [line:102] INFO [    3.447964] [E]3<BS_LOG><smi130_acc_smbus_read_byte><1748>I2C xfer error

Mon, 24 Jun 2019 08:32:14 [line:102] INFO [    3.455880] 

Mon, 24 Jun 2019 08:32:14 [line:102] INFO [    3.455880] [E]3<BS_LOG><smi130_acc_check_chip_id><1907>Bosch Sensortec Device not found

Mon, 24 Jun 2019 08:32:14 [line:102] INFO [    3.455880] 

Mon, 24 Jun 2019 08:32:14 [line:102] INFO [    3.455880] i2c bus read error, read chip_id:0

Mon, 24 Jun 2019 08:32:14 [line:102] INFO [    3.455880] 

Mon, 24 Jun 2019 08:32:14 [line:102] INFO [    3.589558] 

Mon, 24 Jun 2019 08:32:14 [line:102] INFO [    3.589558] [E]3<BS_LOG><smi130_acc_smbus_read_byte><1748>I2C xfer error

Mon, 24 Jun 2019 08:32:14 [line:102] INFO [    3.597474] 

Mon, 24 Jun 2019 08:32:14 [line:102] INFO [    3.597474] [E]3<BS_LOG><smi130_acc_check_chip_id><1907>Bosch Sensortec Device not found

Mon, 24 Jun 2019 08:32:14 [line:102] INFO [    3.597474] 

Mon, 24 Jun 2019 08:32:14 [line:102] INFO [    3.597474] i2c bus read error, read chip_id:0

Mon, 24 Jun 2019 08:32:14 [line:102] INFO [    3.597474] 

Mon, 24 Jun 2019 08:32:15 [line:102] INFO [    3.731137] 

Mon, 24 Jun 2019 08:32:15 [line:102] INFO [    3.731137] [E]3<BS_LOG><smi130_acc_smbus_read_byte><1748>I2C xfer error

Mon, 24 Jun 2019 08:32:15 [line:102] INFO [    3.739053] 

Mon, 24 Jun 2019 08:32:15 [line:102] INFO [    3.739053] [E]3<BS_LOG><smi130_acc_check_chip_id><1907>Bosch Sensortec Device not found

Mon, 24 Jun 2019 08:32:15 [line:102] INFO [    3.739053] 

Mon, 24 Jun 2019 08:32:15 [line:102] INFO [    3.739053] i2c bus read error, read chip_id:0

Mon, 24 Jun 2019 08:32:15 [line:102] INFO [    3.739053] 

Mon, 24 Jun 2019 08:32:15 [line:102] INFO [    3.877734] 

Mon, 24 Jun 2019 08:32:15 [line:102] INFO [    3.877734] [E]3<BS_LOG><smi130_acc_smbus_write_byte><1809>I2C xfer error

Mon, 24 Jun 2019 08:32:15 [line:102] INFO [    3.885735] 

Mon, 24 Jun 2019 08:32:15 [line:102] INFO [    3.885735] [E]3<BS_LOG><smi130_acc_probe><7044>i2c bus write error, pls check HW connection

Mon, 24 Jun 2019 08:32:15 [line:102] INFO [    3.885735] 

Mon, 24 Jun 2019 08:32:15 [line:102] INFO [    3.897198] smi130_acc: probe of 1-0018 failed with error -22

Mon, 24 Jun 2019 08:32:15 [line:102] INFO [    3.903040] 

Mon, 24 Jun 2019 08:32:15 [line:102] INFO [    3.903040] [I]6<BS_LOG><smi_gyro_probe><1642>function entrance

Mon, 24 Jun 2019 08:32:15 [line:102] INFO [    4.027030] smi130_gyro 1-0068: I2C xfer error

Mon, 24 Jun 2019 08:32:15 [line:102] INFO [    4.031134] 

Mon, 24 Jun 2019 08:32:15 [line:102] INFO [    4.031134] [I]6<BS_LOG><smi_gyro_check_chip_id><392>read chip id result: 0x0

Mon, 24 Jun 2019 08:32:15 [line:102] INFO [    4.157447] smi130_gyro 1-0068: I2C xfer error

Mon, 24 Jun 2019 08:32:15 [line:102] INFO [    4.161546] 

Mon, 24 Jun 2019 08:32:15 [line:102] INFO [    4.161546] [I]6<BS_LOG><smi_gyro_check_chip_id><392>read chip id result: 0x0

Mon, 24 Jun 2019 08:32:15 [line:102] INFO [    4.287860] smi130_gyro 1-0068: I2C xfer error

Mon, 24 Jun 2019 08:32:15 [line:102] INFO [    4.291956] 

Mon, 24 Jun 2019 08:32:15 [line:102] INFO [    4.291956] [I]6<BS_LOG><smi_gyro_check_chip_id><392>read chip id result: 0x0

Mon, 24 Jun 2019 08:32:15 [line:102] INFO [    4.418268] smi130_gyro 1-0068: I2C xfer error

Mon, 24 Jun 2019 08:32:15 [line:102] INFO [    4.422365] 

Mon, 24 Jun 2019 08:32:15 [line:102] INFO [    4.422365] [I]6<BS_LOG><smi_gyro_check_chip_id><392>read chip id result: 0x0

Mon, 24 Jun 2019 08:32:15 [line:102] INFO [    4.548679] smi130_gyro 1-0068: I2C xfer error

Mon, 24 Jun 2019 08:32:15 [line:102] INFO [    4.552775] 

Mon, 24 Jun 2019 08:32:15 [line:102] INFO [    4.552775] [I]6<BS_LOG><smi_gyro_check_chip_id><392>read chip id result: 0x0

Mon, 24 Jun 2019 08:32:15 [line:102] INFO [    4.562455] 

Mon, 24 Jun 2019 08:32:15 [line:102] INFO [    4.562455] [E]3<BS_LOG><smi_gyro_probe><1663>Bosch Sensortec Device not found, chip id mismatch

Mon, 24 Jun 2019 08:32:15 [line:102] INFO [    4.572462] smi130_gyro: probe of 1-0068 failed with error -1

Mon, 24 Jun 2019 08:32:15 [line:102] INFO [    4.620123] loading NXP PHY driver: [autonomous mode]

Mon, 24 Jun 2019 08:32:16 [line:102] INFO [    4.699080] sja1105pqrs: loading out-of-tree module taints kernel.

Mon, 24 Jun 2019 08:32:16 [line:102] INFO [    4.706498] sja1105pqrs spi0.0: Loading SJA1105P SPI driver

Mon, 24 Jun 2019 08:32:16 [line:102] INFO [    4.711737] cs_sck_delay=100

Mon, 24 Jun 2019 08:32:16 [line:102] INFO [    4.714589] pcssck=3, cssck=0

Mon, 24 Jun 2019 08:32:16 [line:102] INFO [    4.717525] pasc=3, asc=0

Mon, 24 Jun 2019 08:32:16 [line:102] INFO [    4.720134] get pcssck=1, cssck=4

Mon, 24 Jun 2019 08:32:16 [line:102] INFO [    4.723471] eoq_write 8

Mon, 24 Jun 2019 08:32:16 [line:102] INFO [    4.723495] owen dspi_eoq_read rx_bytes_count = 8, rx_frames_count = 4

Mon, 24 Jun 2019 08:32:16 [line:102] INFO [    4.723497] 		88

Mon, 24 Jun 2019 08:32:16 [line:102] INFO [    4.723499] 		b8

Mon, 24 Jun 2019 08:32:16 [line:102] INFO [    4.723500] 		10

Mon, 24 Jun 2019 08:32:16 [line:102] INFO [    4.723501] 		b

Mon, 24 Jun 2019 08:32:16 [line:102] INFO [    4.723502] 		80

Mon, 24 Jun 2019 08:32:16 [line:102] INFO [    4.723503] 		ff

Mon, 24 Jun 2019 08:32:16 [line:102] INFO [    4.723504] 		ff

Mon, 24 Jun 2019 08:32:16 [line:102] INFO [    4.723506] 		ff

Mon, 24 Jun 2019 08:32:16 [line:102] INFO [    4.723507] 

Mon, 24 Jun 2019 08:32:16 [line:102] INFO [    4.748340] sja1105pqrs spi0.0: SJA1105P invalid Device Id, is 00000000

Mon, 24 Jun 2019 08:32:16 [line:102] INFO [    4.754922] sja1105pqrs spi0.0: SJA1105P SPI Failed to read Device Id

Mon, 24 Jun 2019 08:32:16 [line:102] INFO [    4.761393] sja1105pqrs spi0.5: Loading SJA1105P SPI driver

Mon, 24 Jun 2019 08:32:16 [line:102] INFO [    4.766895] cs_sck_delay=100

Mon, 24 Jun 2019 08:32:16 [line:102] INFO [    4.769742] pcssck=3, cssck=0

Mon, 24 Jun 2019 08:32:16 [line:102] INFO [    4.772701] pasc=3, asc=0

Mon, 24 Jun 2019 08:32:16 [line:102] INFO [    4.775302] get pcssck=1, cssck=4

Mon, 24 Jun 2019 08:32:16 [line:102] INFO [    4.778621] eoq_write 8

Mon, 24 Jun 2019 08:32:16 [line:102] INFO [    4.778638] owen dspi_eoq_read rx_bytes_count = 8, rx_frames_count = 4

Mon, 24 Jun 2019 08:32:16 [line:102] INFO [    4.778640] 		88

Mon, 24 Jun 2019 08:32:16 [line:102] INFO [    4.778641] 		b8

Mon, 24 Jun 2019 08:32:16 [line:102] INFO [    4.778642] 		10

Mon, 24 Jun 2019 08:32:16 [line:102] INFO [    4.778643] 		b

Mon, 24 Jun 2019 08:32:16 [line:102] INFO [    4.778644] 		80

Mon, 24 Jun 2019 08:32:16 [line:102] INFO [    4.778646] 		ff

Mon, 24 Jun 2019 08:32:16 [line:102] INFO [    4.778647] 		ff

Mon, 24 Jun 2019 08:32:16 [line:102] INFO [    4.778648] 		ff

Mon, 24 Jun 2019 08:32:16 [line:102] INFO [    4.778649] 

Mon, 24 Jun 2019 08:32:16 [line:102] INFO [    4.803515] sja1105pqrs spi0.5: SJA1105P invalid Device Id, is 00000000

Mon, 24 Jun 2019 08:32:16 [line:102] INFO [    4.810091] sja1105pqrs spi0.5: SJA1105P SPI Failed to read Device Id

Mon, 24 Jun 2019 08:32:16 [line:102] INFO [    4.836873] EXT4-fs (mmcblk0p2): re-mounted. Opts: (null)

Mon, 24 Jun 2019 08:32:17 [line:102] INFO speed 38400 baud; rows 0; columns 0; line = 0;

Mon, 24 Jun 2019 08:32:17 [line:102] INFO intr = ^C; quit = ^\; erase = ^?; kill = ^U; eof = ^D; eol = <undef>;

Mon, 24 Jun 2019 08:32:17 [line:102] INFO eol2 = <undef>; swtch = <undef>; start = ^Q; stop = ^S; susp = ^Z; rprnt = ^R;

Mon, 24 Jun 2019 08:32:17 [line:102] INFO werase = ^W; lnext = ^V; discard = ^O; min = 1; time = 0;

Mon, 24 Jun 2019 08:32:17 [line:102] INFO -parenb -parodd -cmspar cs8 hupcl -cstopb cread clocal -crtscts

Mon, 24 Jun 2019 08:32:17 [line:102] INFO -ignbrk -brkint -ignpar -parmrk -inpck -istrip -inlcr -igncr icrnl ixon -ixoff

Mon, 24 Jun 2019 08:32:17 [line:102] INFO -iuclc -ixany -imaxbel -iutf8

Mon, 24 Jun 2019 08:32:17 [line:102] INFO opost -olcuc -ocrnl onlcr -onocr -onlret -ofill -ofdel nl0 cr0 tab0 bs0 vt0 ff0

Mon, 24 Jun 2019 08:32:17 [line:102] INFO isig icanon iexten echo echoe echok -echonl -noflsh -xcase -tostop -echoprt

Mon, 24 Jun 2019 08:32:17 [line:102] INFO echoctl echoke -flusho -extproc

Mon, 24 Jun 2019 08:32:18 [line:102] INFO [    7.078558] IPv6: ADDRCONF(NETDEV_CHANGE): can0: link becomes ready

Mon, 24 Jun 2019 08:32:18 [line:102] INFO [    7.087808] IPv6: ADDRCONF(NETDEV_CHANGE): can1: link becomes ready

Mon, 24 Jun 2019 08:32:20 [line:102] INFO 1970-01-01T00:00:09Z chronyd version 2.4 starting (+CMDMON +NTP +REFCLOCK +RTC -PRIVDROP -SCFILTER -SECHASH +ASYNCDNS +IPV6 -DEBUG)

Mon, 24 Jun 2019 08:32:20 [line:102] INFO 1970-01-01T00:00:09Z Setting filter length for PPS0 to 1

Mon, 24 Jun 2019 08:32:20 [line:102] INFO 1970-01-01T00:00:09Z Could not create directory /var/log : File exists

Mon, 24 Jun 2019 08:32:20 [line:102] INFO 1970-01-01T00:00:09Z Couldn't open logfile /var/log/chrony/tracking.log for update

Mon, 24 Jun 2019 08:32:22 [line:102] INFO [   11.113914] pcieport 0000:00:00.0: BAR 8: assigned [mem 0x72200000-0x722fffff]

Mon, 24 Jun 2019 08:32:22 [line:102] INFO [   11.120795] pci 0000:01:00.0: BAR 0: assigned [mem 0x72200000-0x72200fff 64bit]

Mon, 24 Jun 2019 08:32:22 [line:102] INFO [   11.128106] pci 0000:01:00.0: BAR 2: assigned [mem 0x72201000-0x72201fff 64bit]

Mon, 24 Jun 2019 08:32:22 [line:102] INFO [   11.135525] mhi 0000:01:00.0: BAR 0: assigned [mem 0x72200000-0x72200fff 64bit]

Mon, 24 Jun 2019 08:32:22 [line:102] INFO [   11.142681] mhi 0000:01:00.0: enabling device (0000 -> 0002)

Mon, 24 Jun 2019 08:32:22 [line:102] INFO 00:00.0 PCI bridge: Freescale Semiconductor Inc Device 4001 (rev 01)

Mon, 24 Jun 2019 08:32:22 [line:102] INFO 01:00.0 Unassigned class [ff00]: Qualcomm Device 0302

Mon, 24 Jun 2019 08:32:23 [line:102] INFO   Service Version Instance Node  Port

Mon, 24 Jun 2019 08:32:23 [line:102] INFO        10       2        0    3    55 Card Application Toolkit service (v2)

Mon, 24 Jun 2019 08:32:23 [line:102] INFO        41       1        1    3    29 RF radiated performance enhancement service

Mon, 24 Jun 2019 08:32:23 [line:102] INFO         5       1        0    3    58 Wireless Messaging Service

Mon, 24 Jun 2019 08:32:23 [line:102] INFO         9       2        0    3    45 Voice service

Mon, 24 Jun 2019 08:32:23 [line:102] INFO        34       1        0    3    32 Coexistence service

Mon, 24 Jun 2019 08:32:23 [line:102] INFO        48       1        0    3    61 <unknown>

Mon, 24 Jun 2019 08:32:23 [line:102] INFO         1       1        0    3    48 Wireless Data Service

Mon, 24 Jun 2019 08:32:23 [line:102] INFO        21       1        0    3     9 Modem embedded file system service

Mon, 24 Jun 2019 08:32:23 [line:102] INFO         7       1        0    3    51 Authentication service

Mon, 24 Jun 2019 08:32:23 [line:102] INFO      4097       3        0    3    25 DIAG service

Mon, 24 Jun 2019 08:32:23 [line:102] INFO        22       1        0    3    12 Time service

Mon, 24 Jun 2019 08:32:23 [line:102] INFO        47       1        0    3    54 <unknown>

Mon, 24 Jun 2019 08:32:23 [line:102] INFO        55       1        2    3    41 <unknown>

Mon, 24 Jun 2019 08:32:23 [line:102] INFO        17       1        0    3    28 Service access proxy service

Mon, 24 Jun 2019 08:32:23 [line:102] INFO        49       1        2    3    15 IPA control service

Mon, 24 Jun 2019 08:32:23 [line:102] INFO        11       1        0    3    57 User Identity Module service

Mon, 24 Jun 2019 08:32:23 [line:102] INFO        25       1        0    3    44 Service access proxy service

Mon, 24 Jun 2019 08:32:23 [line:102] INFO        54       1        0    3    18 <unknown>

Mon, 24 Jun 2019 08:32:23 [line:102] INFO         2       1        0    3    60 Device Management Service

Mon, 24 Jun 2019 08:32:23 [line:102] INFO        12       1        0    3    47 Phonebook Management service

Mon, 24 Jun 2019 08:32:23 [line:102] INFO      4097       1        0    3    21 DIAG service

Mon, 24 Jun 2019 08:32:23 [line:102] INFO       227       1        0    3     8 <unknown>

Mon, 24 Jun 2019 08:32:23 [line:102] INFO        16       2        0    3    63 Location service (~ PDS v2)

Mon, 24 Jun 2019 08:32:23 [line:102] INFO        26       1        0    3    50 Wireless data administrative service

Mon, 24 Jun 2019 08:32:23 [line:102] INFO        23       1        0    3    11 Thermal sensors service

Mon, 24 Jun 2019 08:32:23 [line:102] INFO        71       1        0    3    66 <unknown>

Mon, 24 Jun 2019 08:32:23 [line:102] INFO        29       1        0    3    53 Circuit switched videotelephony service

Mon, 24 Jun 2019 08:32:23 [line:102] INFO        36       1        0    3    14 Persistent device configuration service

Mon, 24 Jun 2019 08:32:23 [line:102] INFO        66       1      165    3     1 Service registry notification service

Mon, 24 Jun 2019 08:32:23 [line:102] INFO        43       2       34    3     4 Subsystem control service

Mon, 24 Jun 2019 08:32:23 [line:102] INFO        42       1        0    3    59 Data system determination service

Mon, 24 Jun 2019 08:32:23 [line:102] INFO         3       1        0    3    46 Network Access Service

Mon, 24 Jun 2019 08:32:23 [line:102] INFO        15       1        0    3     7 Test service

Mon, 24 Jun 2019 08:32:23 [line:102] INFO        68       1        0    3    62 <unknown>

Mon, 24 Jun 2019 08:32:23 [line:102] INFO         4       1        0    3    49 Quality Of Service service

Mon, 24 Jun 2019 08:32:23 [line:102] INFO        24       1        0    3    10 Thermal mitigation device service

Mon, 24 Jun 2019 08:32:23 [line:102] INFO         8       1        0    3    52 AT service

Mon, 24 Jun 2019 08:32:23 [line:102] INFO      4096       2        0    1    32 <unknown>

Mon, 24 Jun 2019 08:32:23 [line:102] INFO      4097       4        0    1     6 DIAG service

Mon, 24 Jun 2019 08:32:23 [line:102] INFO      4096       5        0    1    35 <unknown>

Mon, 24 Jun 2019 08:32:23 [line:102] INFO      4097      68        0    1     9 DIAG service

Mon, 24 Jun 2019 08:32:23 [line:102] INFO      4096       8        0    1    38 <unknown>

Mon, 24 Jun 2019 08:32:23 [line:102] INFO      4097     132        0    1    12 DIAG service

Mon, 24 Jun 2019 08:32:23 [line:102] INFO      4097     196        0    1    15 DIAG service

Mon, 24 Jun 2019 08:32:23 [line:102] INFO      4096       1        0    1    31 <unknown>

Mon, 24 Jun 2019 08:32:23 [line:102] INFO      4097       2        0    1     5 DIAG service

Mon, 24 Jun 2019 08:32:23 [line:102] INFO      4096       4        0    1    34 <unknown>

Mon, 24 Jun 2019 08:32:23 [line:102] INFO      4097      66        0    1     8 DIAG service

Mon, 24 Jun 2019 08:32:23 [line:102] INFO        55       1        1    1    76 <unknown>

Mon, 24 Jun 2019 08:32:23 [line:102] INFO      4096       7        0    1    37 <unknown>

Mon, 24 Jun 2019 08:32:23 [line:102] INFO      4097     130        0    1    11 DIAG service

Mon, 24 Jun 2019 08:32:23 [line:102] INFO      4097     194        0    1    14 DIAG service

Mon, 24 Jun 2019 08:32:23 [line:102] INFO        28       1        1    1     1 Remote file system access service

Mon, 24 Jun 2019 08:32:23 [line:102] INFO       228       1        0    1    56 <unknown>

Mon, 24 Jun 2019 08:32:23 [line:102] INFO        49       1        1    1    17 IPA control service

Mon, 24 Jun 2019 08:32:23 [line:102] INFO      4097       0        0    1     4 DIAG service

Mon, 24 Jun 2019 08:32:23 [line:102] INFO      4096       3        0    1    33 <unknown>

Mon, 24 Jun 2019 08:32:23 [line:102] INFO      4097      64        0    1     7 DIAG service

Mon, 24 Jun 2019 08:32:23 [line:102] INFO      4096       6        0    1    36 <unknown>

Mon, 24 Jun 2019 08:32:23 [line:102] INFO      4097     128        0    1    10 DIAG service

Mon, 24 Jun 2019 08:32:23 [line:102] INFO      4097     192        0    1    13 DIAG service

Mon, 24 Jun 2019 08:32:25 [line:102] INFO  €   '   rmnet_data0 Link encap:UNSPEC  HWaddr 00-00-00-00-00-00-00-00-00-00-00-00-00-00-00-00  

Mon, 24 Jun 2019 08:32:25 [line:102] INFO           [NO FLAGS]  MTU:1500  Metric:1

Mon, 24 Jun 2019 08:32:25 [line:102] INFO           RX packets:0 errors:0 dropped:0 overruns:0 frame:0

Mon, 24 Jun 2019 08:32:25 [line:102] INFO           TX packets:0 errors:0 dropped:0 overruns:0 carrier:0

Mon, 24 Jun 2019 08:32:25 [line:102] INFO           collisions:0 txqueuelen:1000 

Mon, 24 Jun 2019 08:32:25 [line:102] INFO           RX bytes:0 (0.0 B)  TX bytes:0 (0.0 B)

Mon, 24 Jun 2019 08:32:25 [line:102] INFO 

Mon, 24 Jun 2019 08:32:25 [line:102] INFO rmnet_data1 Link encap:UNSPEC  HWaddr 00-00-00-00-00-00-00-00-00-00-00-00-00-00-00-00  

Mon, 24 Jun 2019 08:32:25 [line:102] INFO           [NO FLAGS]  MTU:1500  Metric:1

Mon, 24 Jun 2019 08:32:25 [line:102] INFO           RX packets:0 errors:0 dropped:0 overruns:0 frame:0

Mon, 24 Jun 2019 08:32:25 [line:102] INFO           TX packets:0 errors:0 dropped:0 overruns:0 carrier:0

Mon, 24 Jun 2019 08:32:25 [line:102] INFO           collisions:0 txqueuelen:1000 

Mon, 24 Jun 2019 08:32:25 [line:102] INFO           RX bytes:0 (0.0 B)  TX bytes:0 (0.0 B)

Mon, 24 Jun 2019 08:32:25 [line:102] INFO 

Mon, 24 Jun 2019 08:32:25 [line:102] INFO  €   '   [I][main:236] Starting the CV2X Daemon

Mon, 24 Jun 2019 08:32:25 [line:102] INFO [I][start_v2x_mode:52] Starting V2X mode

Mon, 24 Jun 2019 08:32:25 [line:102] INFO [I][init_qmi_services:381] Initialized QMI clients

Mon, 24 Jun 2019 08:32:25 [line:102] INFO [D][register_nas_callback:410] Command QMI_NAS_INDICATION_REGISTER_REQ_MSG_V01 successful

Mon, 24 Jun 2019 08:32:25 [line:102] INFO [I][register_nas_callback:411] Registered NAS callback

Mon, 24 Jun 2019 08:32:25 [line:102] INFO [D][register_wds_callback:441] Command QMI_WDS_INDICATION_REGISTER_REQ_V01 successful

Mon, 24 Jun 2019 08:32:25 [line:102] INFO [I][register_wds_callback:442] Registered WDS callback

Mon, 24 Jun 2019 08:32:25 [line:102] INFO [D][get_v2x_radio_status:462] Command QMI_NAS_GET_V2X_STATUS_REQ_MSG_V01 successful

Mon, 24 Jun 2019 08:32:25 [line:102] INFO [I][get_v2x_radio_status:467] Read V2X radio status

Mon, 24 Jun 2019 08:32:25 [line:102] INFO [I][start_v2x_mode:72] Starting V2X radio

Mon, 24 Jun 2019 08:32:25 [line:102] INFO [D][wds_callback:286] Received QMI_WDS_V2X_SRC_L2_INFO_IND_V01

Mon, 24 Jun 2019 08:32:25 [line:102] INFO [I][wds_callback:288] l2_addr=0xe93a36

Mon, 24 Jun 2019 08:32:25 [line:102] INFO [D][start_v2x_radio:487] Command QMI_NAS_V2X   14.403497] cv2x-qmi: V2X mode started

Mon, 24 Jun 2019 08:32:25 [line:102] INFO _START_REQ_MSG_V01 successful

Mon, 24 Jun 2019 08:32:25 [line:102] INFO [I][start_v2x_radio:488] Started V2X radio

Mon, 24 Jun 2019 08:32:25 [line:102] INFO [I][nas_callback:170] tx_status=2, rx_status=2, tx_cause=0, rx_cause=0

Mon, 24 Jun 2019 08:32:25 [line:102] INFO [D][nas_callback:173] cbr_value=-1

Mon, 24 Jun 2019 08:32:25 [line:102] INFO [D][setup_v2x_profiles:571] Found 3 APN profiles

Mon, 24 Jun 2019 08:32:25 [line:102] INFO [I][setup_v2x_profiles:579] Found V2X_IP profile, idx=2, name=v2x_ip

Mon, 24 Jun 2019 08:32:25 [line:102] INFO [I][setup_v2x_profiles:584] Found V2X_NON_IP profile, idx=3, name=v2x_non_ip

Mon, 24 Jun 2019 08:32:25 [line:102] INFO [I][setup_v2x_profiles:614] APN profiles setup done

Mon, 24 Jun 2019 08:32:25 [line:102] INFO [D][start_dsi_library:700] Call to initialize DSI library succeeded

Mon, 24 Jun 2019 08:32:25 [line:102] INFO [E][start_dsi_service:789] Data services not available yet, wait for 1s and retry

Mon, 24 Jun 2019 08:32:26 [line:102] INFO [D][dsi_netctrl_inited_cb:689] DSI library initialized

Mon, 24 Jun 2019 08:32:26 [line:102] INFO [I][start_dsi_service:786] Started data services successfully, handle=794705200

Mon, 24 Jun 2019 08:32:26 [line:102] INFO [I][start_dsi_service:786] Started data services successfully, handle=794707120

Mon, 24 Jun 2019 08:32:27 [line:102] INFO [I][dsi_netctrl_event_cb:729] Received DSI_EVT_WDS_CONNECTED: network_type=0

Mon, 24 Jun 2019 08:32:27 [line:102] INFO [I][dsi_netctrl_event_cb:732] Received DSI_EV   15.917307] cv2x-qmi: V2X IP call is online

Mon, 24 Jun 2019 08:32:27 [line:102] INFO T_NET_IS_CONN: network_type=0 is online

Mon, 24 Jun 2019 08:32:27 [line:102] INFO [D][register_wds_callback:441] Command QMI_WDS_INDICATION_REGISTER_REQ_V01 successful

Mon, 24 Jun 2019 08:32:27 [line:102] INFO [I][register_wds_callback:442] Registered WDS callback

Mon, 24 Jun 2019 08:32:27 [line:102] INFO [D][set_ip_preference_ipv6:630] Command QMI_WDS_SET_CLIENT_IP_FAMILY_PREF_REQ_V01 successful

Mon, 24 Jun 2019 08:32:27 [line:102] INFO  €   '   [I][dsi_netctrl_event_cb:729] Received DSI_EVT_WDS_CONNECTED: network_type=1

Mon, 24 Jun 2019 08:32:27 [line:102] INFO [I][dsi_netctrl_event_cb:732] Received DSI_EVT_   16.402256] cv2x-qmi: V2X Non-IP call is online

Mon, 24 Jun 2019 08:32:27 [line:102] INFO NET_IS_CONN: network_type=1 is online

Mon, 24 Jun 2019 08:32:27 [line:102] INFO [D][register_wds_callback:441] Command QMI_WDS_INDICATION_REGISTER_REQ_V01 successful

Mon, 24 Jun 2019 08:32:27 [line:102] INFO [I][register_wds_callback:442] Registered WDS callback

Mon, 24 Jun 2019 08:32:27 [line:102] INFO [D][set_ip_preference_ipv6:630] Command QMI_WDS_SET_CLIENT_IP_FAMILY_PREF_REQ_V01 successful

Mon, 24 Jun 2019 08:32:27 [line:102] INFO [I][start_v2x_mode:111] V2X mode started

Mon, 24 Jun 2019 08:32:35 [line:102] INFO  €   '   rmnet_data0 Link encap:UNSPEC  HWaddr 00-00-00-00-00-00-00-00-00-00-00-00-00-00-00-00  

Mon, 24 Jun 2019 08:32:35 [line:102] INFO           inet6 addr: fe80::4589:f8d1:b9e9:3a36/64 Scope:Link

Mon, 24 Jun 2019 08:32:35 [line:102] INFO           UP RUNNING  MTU:1500  Metric:1

Mon, 24 Jun 2019 08:32:35 [line:102] INFO           RX packets:0 errors:0 dropped:0 overruns:0 frame:0

Mon, 24 Jun 2019 08:32:35 [line:102] INFO           TX packets:6 errors:0 dropped:0 overruns:0 carrier:0

Mon, 24 Jun 2019 08:32:35 [line:102] INFO           collisions:0 txqueuelen:1000 

Mon, 24 Jun 2019 08:32:35 [line:102] INFO           RX bytes:0 (0.0 B)  TX bytes:400 (400.0 B)

Mon, 24 Jun 2019 08:32:35 [line:102] INFO 

Mon, 24 Jun 2019 08:32:35 [line:102] INFO rmnet_data1 Link encap:UNSPEC  HWaddr 00-00-00-00-00-00-00-00-00-00-00-00-00-00-00-00  

Mon, 24 Jun 2019 08:32:35 [line:102] INFO           inet6 addr: 80f8:f80:f80f:80f8:193c:cf4c:4f25:9702/64 Scope:Global

Mon, 24 Jun 2019 08:32:35 [line:102] INFO           UP RUNNING  MTU:8188  Metric:1

Mon, 24 Jun 2019 08:32:35 [line:102] INFO           RX packets:0 errors:0 dropped:0 overruns:0 frame:0

Mon, 24 Jun 2019 08:32:35 [line:102] INFO           TX packets:2 errors:0 dropped:0 overruns:0 carrier:0

Mon, 24 Jun 2019 08:32:35 [line:102] INFO           collisions:0 txqueuelen:1000 

Mon, 24 Jun 2019 08:32:35 [line:102] INFO           RX bytes:0 (0.0 B)  TX bytes:152 (152.0 B)

Mon, 24 Jun 2019 08:32:35 [line:102] INFO 

Mon, 24 Jun 2019 08:32:35 [line:102] INFO [I][init_qmi_services:381] Initialized QMI clients

Mon, 24 Jun 2019 08:32:35 [line:102] INFO [I][get_v2x_radio_status:467] Read V2X radio status

Mon, 24 Jun 2019 08:32:35 [line:102] INFO V2X rx_status=2, tx_status=2

Mon, 24 Jun 2019 08:32:35 [line:102] INFO [I][deinit_qmi_services:392] De-initialized QMI clients

Mon, 24 Jun 2019 08:32:36 [line:102] INFO Tue Jun 18 11:39:53 UTC 2019

Mon, 24 Jun 2019 08:32:36 [line:102] INFO INIT: Entering runlevel: 5

Mon, 24 Jun 2019 08:32:36 [line:102] INFO Configuring network interfaces... [   25.654758] Generic PHY fixed-0:00: attached PHY driver [Generic PHY] (mii_bus:phy_addr=fixed-0:00, irq=POLL)

Mon, 24 Jun 2019 08:32:36 [line:102] INFO [   25.664461] IPv6: ADDRCONF(NETDEV_UP): eth0: link is not ready

Mon, 24 Jun 2019 08:32:37 [line:102] INFO done.

Mon, 24 Jun 2019 08:32:37 [line:102] INFO Starting OpenBSD Secure Shell server: sshd

Mon, 24 Jun 2019 08:32:37 [line:102] INFO done.

Mon, 24 Jun 2019 08:32:37 [line:102] INFO Starting rpcbind daemon...done.

Mon, 24 Jun 2019 08:32:37 [line:102] INFO starting statd: done

Mon, 24 Jun 2019 08:32:37 [line:102] INFO Starting domain name service: named2019-06-18T11:39:53Z Forward time jump detected!

Mon, 24 Jun 2019 08:32:37 [line:102] INFO .

Mon, 24 Jun 2019 08:32:37 [line:102] INFO Starting network benchmark server: netserver.

Mon, 24 Jun 2019 08:32:37 [line:102] INFO exportfs: can't open /etc/exports for reading

Mon, 24 Jun 2019 08:32:37 [line:102] INFO NFS daemon support not enabled in kernel

Mon, 24 Jun 2019 08:32:37 [line:102] INFO ln: failed to create hard link '/bin/syslogd': File exists

Mon, 24 Jun 2019 08:32:37 [line:102] INFO Starting syslogd/klogd: done

Mon, 24 Jun 2019 08:32:37 [line:102] INFO Starting internet superserver: xinetd.

Mon, 24 Jun 2019 08:32:37 [line:102] INFO Stopping etc/init.d/diasstart done

Mon, 24 Jun 2019 08:32:37 [line:102] INFO  

Mon, 24 Jun 2019 08:32:37 [line:102] INFO Auto Linux BSP 1.0 iBox /dev/ttyLF0

Mon, 24 Jun 2019 08:32:37 [line:102] INFO 

Mon, 24 Jun 2019 08:32:38 [line:102] INFO iBox login: [   26.686718] fec 40032000.ethernet eth0: Link is Up - 1Gbps/Full - flow control off

Mon, 24 Jun 2019 08:32:38 [line:102] INFO [   26.693956] IPv6: ADDRCONF(NETDEV_CHANGE): eth0: link becomes ready

Mon, 24 Jun 2019 08:32:38 [line:102] INFO gpsd.c[2114]: gpsd start.

Mon, 24 Jun 2019 08:32:39 [line:102] INFO  €   '   gpsd:SHOUT: enable the message of UBX_ESF_RAW and UBX_NAV_HNR

Mon, 24 Jun 2019 08:33:15 [line:102] INFO  €   '   
Mon, 24 Jun 2019 08:34:07 [line:102] INFO 
Mon, 24 Jun 2019 08:34:27 [line:54] INFO root_start
Mon, 24 Jun 2019 08:34:27 [line:61] INFO root_start
Mon, 24 Jun 2019 08:34:33 [line:84] INFO check_ps
Mon, 24 Jun 2019 08:34:53 [line:88] INFO result = ps -A | grep v2x
  901 ?        00:00:00 cv2x-daemon
root@iBox:~# 
Mon, 24 Jun 2019 08:34:53 [line:141] INFO ps ok
Mon, 24 Jun 2019 08:34:56 [line:42] INFO Turn Off
Mon, 24 Jun 2019 08:34:59 [line:150] INFO end loop 1
Mon, 24 Jun 2019 08:35:02 [line:126] INFO ============start loop 2============
Mon, 24 Jun 2019 08:35:05 [line:48] INFO Turn On
Mon, 24 Jun 2019 08:35:18 [line:102] INFO 

Mon, 24 Jun 2019 08:35:18 [line:102] INFO U-Boot 2016.01 (Jun 13 2019 - 16:48:21 +0800)

Mon, 24 Jun 2019 08:35:18 [line:102] INFO 

Mon, 24 Jun 2019 08:35:18 [line:102] INFO CPU:   NXP S32V234 V2.0 at 1000 MHz

Mon, 24 Jun 2019 08:35:18 [line:102] INFO Reset cause: unknown reset

Mon, 24 Jun 2019 08:35:18 [line:102] INFO Board: s32v234evb29288

Mon, 24 Jun 2019 08:35:18 [line:102] INFO I2C:   ready

Mon, 24 Jun 2019 08:35:18 [line:102] INFO DRAM:  2 GiB

Mon, 24 Jun 2019 08:35:18 [line:102] INFO All (4) cores are up.

Mon, 24 Jun 2019 08:35:18 [line:102] INFO MMC:   Config the emmc hc and disable sdhc

Mon, 24 Jun 2019 08:35:18 [line:102] INFO FSL_SDHC: 0

Mon, 24 Jun 2019 08:35:18 [line:102] INFO 

Mon, 24 Jun 2019 08:35:18 [line:102] INFO Forcing PCIe to Gen1 operation

Mon, 24 Jun 2019 08:35:18 [line:102] INFO phy link never came up

Mon, 24 Jun 2019 08:35:18 [line:102] INFO DEBUG_R0: 0x00a4bf00, DEBUG_R1: 0x08200000

Mon, 24 Jun 2019 08:35:18 [line:102] INFO In:    serial

Mon, 24 Jun 2019 08:35:18 [line:102] INFO Out:   serial

Mon, 24 Jun 2019 08:35:18 [line:102] INFO Err:   serial

Mon, 24 Jun 2019 08:35:18 [line:102] INFO The security module (CSE3) is disabled.

Mon, 24 Jun 2019 08:35:18 [line:102] INFO Net:   

Mon, 24 Jun 2019 08:35:18 [line:102] INFO Warning: System is using default MAC address. Please set a new value

Mon, 24 Jun 2019 08:35:18 [line:102] INFO FEC

Mon, 24 Jun 2019 08:35:21 [line:102] INFO Hit any key to stop autoboot:  3  2  1  0 

Mon, 24 Jun 2019 08:35:21 [line:102] INFO switch to partitions #0, OK

Mon, 24 Jun 2019 08:35:21 [line:102] INFO mmc0(part 0) is current device

Mon, 24 Jun 2019 08:35:21 [line:102] INFO reading Image

Mon, 24 Jun 2019 08:35:22 [line:102] INFO 10485760 bytes read in 506 ms (19.8 MiB/s)

Mon, 24 Jun 2019 08:35:22 [line:102] INFO Booting from mmc ... s32v234-evb.dias.emmc.dtb

Mon, 24 Jun 2019 08:35:22 [line:102] INFO reading s32v234-evb.dias.emmc.dtb

Mon, 24 Jun 2019 08:35:22 [line:102] INFO 1048576 bytes read in 63 ms (15.9 MiB/s)

Mon, 24 Jun 2019 08:35:22 [line:102] INFO ## Flattened Device Tree blob at 82000000

Mon, 24 Jun 2019 08:35:22 [line:102] INFO    Booting using the fdt blob at 0x82000000

Mon, 24 Jun 2019 08:35:22 [line:102] INFO    reserving fdt memory region: addr=80000000 size=10000

Mon, 24 Jun 2019 08:35:22 [line:102] INFO    Loading Device Tree to 000000009fff5000, end 000000009ffff6c4 ... OK

Mon, 24 Jun 2019 08:35:22 [line:102] INFO 

Mon, 24 Jun 2019 08:35:22 [line:102] INFO Starting kernel ...

Mon, 24 Jun 2019 08:35:22 [line:102] INFO 

Mon, 24 Jun 2019 08:35:23 [line:102] INFO [    0.000000] Booting Linux on physical CPU 0x0

Mon, 24 Jun 2019 08:35:23 [line:102] INFO [    0.000000] Linux version 4.14.34-rt27+g5b7d979 (oe-user@oe-host) (gcc version 7.1.1 20170707 (Linaro GCC 7.1-2017.08)) #1 SMP Tue Jun 18 11:20:55 CST 2019

Mon, 24 Jun 2019 08:35:23 [line:102] INFO [    0.000000] Boot CPU: AArch64 Processor [410fd034]

Mon, 24 Jun 2019 08:35:23 [line:102] INFO [    0.000000] Machine model: Freescale S32V234

Mon, 24 Jun 2019 08:35:23 [line:102] INFO [    0.000000] percpu: Embedded 20 pages/cpu @ffffffc07ff79000 s43416 r8192 d30312 u81920

Mon, 24 Jun 2019 08:35:23 [line:102] INFO [    0.000000] Detected VIPT I-cache on CPU0

Mon, 24 Jun 2019 08:35:23 [line:102] INFO [    0.000000] CPU features: enabling workaround for ARM erratum 845719

Mon, 24 Jun 2019 08:35:23 [line:102] INFO [    0.000000] Built 1 zonelists, mobility grouping on.  Total pages: 512000

Mon, 24 Jun 2019 08:35:23 [line:102] INFO [    0.000000] Kernel command line: console=ttyLF0,115200 root=/dev/mmcblk0p2 rootwait rw

Mon, 24 Jun 2019 08:35:23 [line:102] INFO [    0.000000] PID hash table entries: 4096 (order: 3, 32768 bytes)

Mon, 24 Jun 2019 08:35:23 [line:102] INFO [    0.000000] Dentry cache hash table entries: 262144 (order: 9, 2097152 bytes)

Mon, 24 Jun 2019 08:35:23 [line:102] INFO [    0.000000] Inode-cache hash table entries: 131072 (order: 8, 1048576 bytes)

Mon, 24 Jun 2019 08:35:23 [line:102] INFO [    0.000000] Memory: 2035752K/2076672K available (5822K kernel code, 414K rwdata, 1576K rodata, 384K init, 258K bss, 40920K reserved, 0K cma-reserved)

Mon, 24 Jun 2019 08:35:23 [line:102] INFO [    0.000000] Virtual kernel memory layout:

Mon, 24 Jun 2019 08:35:23 [line:102] INFO [    0.000000]     modules : 0xffffff8000000000 - 0xffffff8008000000   (   128 MB)

Mon, 24 Jun 2019 08:35:23 [line:102] INFO [    0.000000]     vmalloc : 0xffffff8008000000 - 0xffffffbebfff0000   (   250 GB)

Mon, 24 Jun 2019 08:35:23 [line:102] INFO [    0.000000]       .text : 0xffffff8008080000 - 0xffffff8008630000   (  5824 KB)

Mon, 24 Jun 2019 08:35:23 [line:102] INFO [    0.000000]     .rodata : 0xffffff8008630000 - 0xffffff80087c0000   (  1600 KB)

Mon, 24 Jun 2019 08:35:23 [line:102] INFO [    0.000000]       .init : 0xffffff80087c0000 - 0xffffff8008820000   (   384 KB)

Mon, 24 Jun 2019 08:35:23 [line:102] INFO [    0.000000]       .data : 0xffffff8008820000 - 0xffffff8008887808   (   415 KB)

Mon, 24 Jun 2019 08:35:23 [line:102] INFO [    0.000000]        .bss : 0xffffff8008887808 - 0xffffff80088c80c8   (   259 KB)

Mon, 24 Jun 2019 08:35:23 [line:102] INFO [    0.000000]     fixed   : 0xffffffbefe7fb000 - 0xffffffbefec00000   (  4116 KB)

Mon, 24 Jun 2019 08:35:23 [line:102] INFO [    0.000000]     PCI I/O : 0xffffffbefee00000 - 0xffffffbeffe00000   (    16 MB)

Mon, 24 Jun 2019 08:35:23 [line:102] INFO [    0.000000]     vmemmap : 0xffffffbf00000000 - 0xffffffc000000000   (     4 GB maximum)

Mon, 24 Jun 2019 08:35:23 [line:102] INFO [    0.000000]               0xffffffbf00000000 - 0xffffffbf01c00000   (    28 MB actual)

Mon, 24 Jun 2019 08:35:23 [line:102] INFO [    0.000000]     memory  : 0xffffffc000000000 - 0xffffffc080000000   (  2048 MB)

Mon, 24 Jun 2019 08:35:23 [line:102] INFO [    0.000000] Hierarchical RCU implementation.

Mon, 24 Jun 2019 08:35:23 [line:102] INFO [    0.000000] 	RCU event tracing is enabled.

Mon, 24 Jun 2019 08:35:23 [line:102] INFO [    0.000000] NR_IRQS: 64, nr_irqs: 64, preallocated irqs: 0

Mon, 24 Jun 2019 08:35:23 [line:102] INFO [    0.000000] arch_timer: cp15 timer(s) running at 12.00MHz (virt).

Mon, 24 Jun 2019 08:35:23 [line:102] INFO [    0.000000] clocksource: arch_sys_counter: mask: 0xffffffffffffff max_cycles: 0x2c47f4ee7, max_idle_ns: 440795202497 ns

Mon, 24 Jun 2019 08:35:23 [line:102] INFO [    0.000004] sched_clock: 56 bits at 12MHz, resolution 83ns, wraps every 4398046511096ns

Mon, 24 Jun 2019 08:35:23 [line:102] INFO [    0.000474] Console: colour dummy device 80x25

Mon, 24 Jun 2019 08:35:23 [line:102] INFO [    0.000489] Calibrating delay loop (skipped), value calculated using timer frequency.. 24.00 BogoMIPS (lpj=48000)

Mon, 24 Jun 2019 08:35:23 [line:102] INFO [    0.000499] pid_max: default: 32768 minimum: 301

Mon, 24 Jun 2019 08:35:23 [line:102] INFO [    0.000590] Security Framework initialized

Mon, 24 Jun 2019 08:35:23 [line:102] INFO [    0.000642] Mount-cache hash table entries: 4096 (order: 3, 32768 bytes)

Mon, 24 Jun 2019 08:35:23 [line:102] INFO [    0.000659] Mountpoint-cache hash table entries: 4096 (order: 3, 32768 bytes)

Mon, 24 Jun 2019 08:35:23 [line:102] INFO [    0.001355] ASID allocator initialised with 32768 entries

Mon, 24 Jun 2019 08:35:23 [line:102] INFO [    0.001419] Hierarchical SRCU implementation.

Mon, 24 Jun 2019 08:35:23 [line:102] INFO [    0.002064] smp: Bringing up secondary CPUs ...

Mon, 24 Jun 2019 08:35:23 [line:102] INFO [    0.002395] Detected VIPT I-cache on CPU1

Mon, 24 Jun 2019 08:35:23 [line:102] INFO [    0.002439] CPU1: Booted secondary processor [410fd034]

Mon, 24 Jun 2019 08:35:23 [line:102] INFO [    0.002794] Detected VIPT I-cache on CPU2

Mon, 24 Jun 2019 08:35:23 [line:102] INFO [    0.002834] CPU2: Booted secondary processor [410fd034]

Mon, 24 Jun 2019 08:35:23 [line:102] INFO [    0.003196] Detected VIPT I-cache on CPU3

Mon, 24 Jun 2019 08:35:23 [line:102] INFO [    0.003218] CPU3: Booted secondary processor [410fd034]

Mon, 24 Jun 2019 08:35:23 [line:102] INFO [    0.003295] smp: Brought up 1 node, 4 CPUs

Mon, 24 Jun 2019 08:35:23 [line:102] INFO [    0.003314] SMP: Total of 4 processors activated.

Mon, 24 Jun 2019 08:35:23 [line:102] INFO [    0.003321] CPU features: detected feature: 32-bit EL0 Support

Mon, 24 Jun 2019 08:35:23 [line:102] INFO [    0.003325] CPU features: detected feature: Kernel page table isolation (KPTI)

Mon, 24 Jun 2019 08:35:23 [line:102] INFO [    0.006131] CPU: All CPU(s) started at EL1

Mon, 24 Jun 2019 08:35:23 [line:102] INFO [    0.006151] alternatives: patching kernel code

Mon, 24 Jun 2019 08:35:23 [line:102] INFO [    0.006894] devtmpfs: initialized

Mon, 24 Jun 2019 08:35:23 [line:102] INFO [    0.010654] random: get_random_u32 called from bucket_table_alloc+0x10c/0x260 with crng_init=0

Mon, 24 Jun 2019 08:35:23 [line:102] INFO [    0.010972] clocksource: jiffies: mask: 0xffffffff max_cycles: 0xffffffff, max_idle_ns: 7645041785100000 ns

Mon, 24 Jun 2019 08:35:23 [line:102] INFO [    0.010986] futex hash table entries: 1024 (order: 5, 131072 bytes)

Mon, 24 Jun 2019 08:35:23 [line:102] INFO [    0.011184] pinctrl core: initialized pinctrl subsystem

Mon, 24 Jun 2019 08:35:23 [line:102] INFO [    0.011727] NET: Registered protocol family 16

Mon, 24 Jun 2019 08:35:23 [line:102] INFO [    0.012536] NET: Registered protocol family 42

Mon, 24 Jun 2019 08:35:23 [line:102] INFO [    0.013001] vdso: 2 pages (1 code @ ffffff8008636000, 1 data @ ffffff8008824000)

Mon, 24 Jun 2019 08:35:23 [line:102] INFO [    0.013014] hw-breakpoint: found 6 breakpoint and 4 watchpoint registers.

Mon, 24 Jun 2019 08:35:23 [line:102] INFO [    0.013260] DMA: preallocated 256 KiB pool for atomic allocations

Mon, 24 Jun 2019 08:35:23 [line:102] INFO [    0.025926] HugeTLB registered 2.00 MiB page size, pre-allocated 0 pages

Mon, 24 Jun 2019 08:35:23 [line:102] INFO [    0.028288] vgaarb: loaded

Mon, 24 Jun 2019 08:35:23 [line:102] INFO [    0.028492] SCSI subsystem initialized

Mon, 24 Jun 2019 08:35:23 [line:102] INFO [    0.028672] usbcore: registered new interface driver usbfs

Mon, 24 Jun 2019 08:35:23 [line:102] INFO [    0.028717] usbcore: registered new interface driver hub

Mon, 24 Jun 2019 08:35:23 [line:102] INFO [    0.028780] usbcore: registered new device driver usb

Mon, 24 Jun 2019 08:35:23 [line:102] INFO [    0.028962] imx-i2c 40051000.i2c: could not find pctldev for node /soc/aips-bus@40000000/siul2/siul2-pinctrl@4006C000/s32v234-evb/i2c0grp, deferring probe

Mon, 24 Jun 2019 08:35:23 [line:102] INFO [    0.029057] imx-i2c 400b8000.i2c: could not find pctldev for node /soc/aips-bus@40000000/siul2/siul2-pinctrl@4006C000/s32v234-evb/i2c1grp, deferring probe

Mon, 24 Jun 2019 08:35:24 [line:102] INFO [    0.029084] imx-i2c 400ba000.i2c: could not find pctldev for node /soc/aips-bus@40000000/siul2/siul2-pinctrl@4006C000/s32v234-evb/i2c2grp, deferring probe

Mon, 24 Jun 2019 08:35:24 [line:102] INFO [    0.029190] pps_core: LinuxPPS API ver. 1 registered

Mon, 24 Jun 2019 08:35:24 [line:102] INFO [    0.029195] pps_core: Software ver. 5.3.6 - Copyright 2005-2007 Rodolfo Giometti <giometti@linux.it>

Mon, 24 Jun 2019 08:35:24 [line:102] INFO [    0.029217] PTP clock support registered

Mon, 24 Jun 2019 08:35:24 [line:102] INFO [    0.029916] clocksource: Switched to clocksource arch_sys_counter

Mon, 24 Jun 2019 08:35:24 [line:102] INFO [    0.035822] NET: Registered protocol family 2

Mon, 24 Jun 2019 08:35:24 [line:102] INFO [    0.036165] TCP established hash table entries: 16384 (order: 5, 131072 bytes)

Mon, 24 Jun 2019 08:35:24 [line:102] INFO [    0.036294] TCP bind hash table entries: 16384 (order: 6, 262144 bytes)

Mon, 24 Jun 2019 08:35:24 [line:102] INFO [    0.036525] TCP: Hash tables configured (established 16384 bind 16384)

Mon, 24 Jun 2019 08:35:24 [line:102] INFO [    0.036636] UDP hash table entries: 1024 (order: 3, 32768 bytes)

Mon, 24 Jun 2019 08:35:24 [line:102] INFO [    0.036683] UDP-Lite hash table entries: 1024 (order: 3, 32768 bytes)

Mon, 24 Jun 2019 08:35:24 [line:102] INFO [    0.036832] NET: Registered protocol family 1

Mon, 24 Jun 2019 08:35:24 [line:102] INFO [    0.037089] RPC: Registered named UNIX socket transport module.

Mon, 24 Jun 2019 08:35:24 [line:102] INFO [    0.037095] RPC: Registered udp transport module.

Mon, 24 Jun 2019 08:35:24 [line:102] INFO [    0.037099] RPC: Registered tcp transport module.

Mon, 24 Jun 2019 08:35:24 [line:102] INFO [    0.037103] RPC: Registered tcp NFSv4.1 backchannel transport module.

Mon, 24 Jun 2019 08:35:24 [line:102] INFO [    0.037733] hw perfevents: enabled with armv8_pmuv3 PMU driver, 7 counters available

Mon, 24 Jun 2019 08:35:24 [line:102] INFO [    0.038880] workingset: timestamp_bits=62 max_order=19 bucket_order=0

Mon, 24 Jun 2019 08:35:24 [line:102] INFO [    0.039615] fuse init (API version 7.26)

Mon, 24 Jun 2019 08:35:24 [line:102] INFO [    0.040257] Block layer SCSI generic (bsg) driver version 0.4 loaded (major 248)

Mon, 24 Jun 2019 08:35:24 [line:102] INFO [    0.040265] io scheduler noop registered

Mon, 24 Jun 2019 08:35:24 [line:102] INFO [    0.040270] io scheduler deadline registered

Mon, 24 Jun 2019 08:35:24 [line:102] INFO [    0.040294] io scheduler cfq registered (default)

Mon, 24 Jun 2019 08:35:24 [line:102] INFO [    0.040299] io scheduler mq-deadline registered

Mon, 24 Jun 2019 08:35:24 [line:102] INFO [    0.040304] io scheduler kyber registered

Mon, 24 Jun 2019 08:35:24 [line:102] INFO [    0.040818] s32v234-siul2-pinctrl 4006c240.siul2-pinctrl: initialized s32 pinctrl driver

Mon, 24 Jun 2019 08:35:24 [line:102] INFO [    0.043263] s32v234-pcie 72ffc000.pcie: Configuring as RC

Mon, 24 Jun 2019 08:35:24 [line:102] INFO [    0.043347] s32v234-pcie 72ffc000.pcie: Allocated line 0 for interrupt 79

Mon, 24 Jun 2019 08:35:24 [line:102] INFO [    0.043357] OF: PCI: host bridge /pcie@0x72000000 ranges:

Mon, 24 Jun 2019 08:35:24 [line:102] INFO [    0.043370] OF: PCI:    IO 0x72f80000..0x72f8ffff -> 0x00000000

Mon, 24 Jun 2019 08:35:24 [line:102] INFO [    0.043378] OF: PCI:   MEM 0x72000000..0x72efffff -> 0x72000000

Mon, 24 Jun 2019 08:35:24 [line:102] INFO [    0.094001] s32v234-pcie 72ffc000.pcie: SOC revision: 0x10

Mon, 24 Jun 2019 08:35:24 [line:102] INFO [    1.094159] s32v234-pcie 72ffc000.pcie: phy link never came up

Mon, 24 Jun 2019 08:35:24 [line:102] INFO [    1.094171] s32v234-pcie 72ffc000.pcie: phy link never came up

Mon, 24 Jun 2019 08:35:24 [line:102] INFO [    1.094179] s32v234-pcie 72ffc000.pcie: DEBUG_R0: 0x004fb000, DEBUG_R1: 0x08200000

Mon, 24 Jun 2019 08:35:24 [line:102] INFO [    1.094386] s32v234-pcie 72ffc000.pcie: Failed to bring link up!

Mon, 24 Jun 2019 08:35:24 [line:102] INFO [    1.094518] s32v234-pcie 72ffc000.pcie: PCI host bridge to bus 0000:00

Mon, 24 Jun 2019 08:35:24 [line:102] INFO [    1.094529] pci_bus 0000:00: root bus resource [bus 00-ff]

Mon, 24 Jun 2019 08:35:24 [line:102] INFO [    1.094536] pci_bus 0000:00: root bus resource [io  0x0000-0xffff]

Mon, 24 Jun 2019 08:35:24 [line:102] INFO [    1.094543] pci_bus 0000:00: root bus resource [mem 0x72000000-0x72efffff]

Mon, 24 Jun 2019 08:35:24 [line:102] INFO [    1.094856] pci 0000:00:00.0: BAR 0: assigned [mem 0x72000000-0x720fffff 64bit]

Mon, 24 Jun 2019 08:35:24 [line:102] INFO [    1.094868] pci 0000:00:00.0: BAR 6: assigned [mem 0x72100000-0x7210ffff pref]

Mon, 24 Jun 2019 08:35:24 [line:102] INFO [    1.094877] pci 0000:00:00.0: PCI bridge to [bus 01-ff]

Mon, 24 Jun 2019 08:35:24 [line:102] INFO [    1.095122] pcieport 0000:00:00.0: Signaling PME with IRQ 85

Mon, 24 Jun 2019 08:35:24 [line:102] INFO [    1.095213] pcieport 0000:00:00.0: AER enabled with IRQ 85

Mon, 24 Jun 2019 08:35:24 [line:102] INFO [    1.096000] fsl_dcu 40028000.dcu: DCU: memory pool creation error

Mon, 24 Jun 2019 08:35:24 [line:102] INFO [    1.096009] fsl_dcu 40028000.dcu: DCU: using default surface memory space.

Mon, 24 Jun 2019 08:35:24 [line:102] INFO [    1.096593] fsl_dcu 40028000.dcu: Selected video mode on </dev/fb0> : <1920 x 1080>

Mon, 24 Jun 2019 08:35:24 [line:102] INFO [    1.096804] fsl_dcu 40028000.dcu: Selected video mode on </dev/fb1> : <1920 x 1080>

Mon, 24 Jun 2019 08:35:24 [line:102] INFO [    1.097008] fsl_dcu 40028000.dcu: Selected video mode on </dev/fb2> : <1920 x 1080>

Mon, 24 Jun 2019 08:35:24 [line:102] INFO [    1.097210] fsl_dcu 40028000.dcu: Selected video mode on </dev/fb3> : <1920 x 1080>

Mon, 24 Jun 2019 08:35:24 [line:102] INFO [    1.097412] fsl_dcu 40028000.dcu: Selected video mode on </dev/fb4> : <1920 x 1080>

Mon, 24 Jun 2019 08:35:24 [line:102] INFO [    1.097619] fsl_dcu 40028000.dcu: Selected video mode on </dev/fb5> : <1920 x 1080>

Mon, 24 Jun 2019 08:35:24 [line:102] INFO [    1.097818] fsl_dcu 40028000.dcu: Selected video mode on </dev/fb6> : <1920 x 1080>

Mon, 24 Jun 2019 08:35:24 [line:102] INFO [    1.098066] fsl_dcu 40028000.dcu: Selected video mode on </dev/fb7> : <1920 x 1080>

Mon, 24 Jun 2019 08:35:24 [line:102] INFO [    1.098937] 40053000.serial: ttyLF0 at MMIO 0x40053000 (irq = 24, base_baud = 4166666) is a FSL_LINFLEX

Mon, 24 Jun 2019 08:35:24 [line:102] INFO [    1.915896] console [ttyLF0] enabled

Mon, 24 Jun 2019 08:35:24 [line:102] INFO [    1.919911] 400bc000.serial: ttyLF1 at MMIO 0x400bc000 (irq = 42, base_baud = 4166666) is a FSL_LINFLEX

Mon, 24 Jun 2019 08:35:24 [line:102] INFO [    1.929527] fsl-linflexuart 400bc000.serial: DMA tx channel request failed, operating without tx DMA

Mon, 24 Jun 2019 08:35:24 [line:102] INFO [    1.938746] fsl-linflexuart 400bc000.serial: DMA rx channel request failed, operating without rx DMA

Mon, 24 Jun 2019 08:35:24 [line:102] INFO [    1.948464] cacheinfo: Unable to detect cache hierarchy for CPU 0

Mon, 24 Jun 2019 08:35:24 [line:102] INFO [    1.959285] loop: module loaded

Mon, 24 Jun 2019 08:35:24 [line:102] INFO [    1.963424] num_chipselect =8 

Mon, 24 Jun 2019 08:35:24 [line:102] INFO [    1.963429] bus_num =0 

Mon, 24 Jun 2019 08:35:24 [line:102] INFO [    1.966632] fsl-dspi 40057000.spi: owen register platform irq =26

Mon, 24 Jun 2019 08:35:24 [line:102] INFO [    1.975469] cs_sck_delay=0

Mon, 24 Jun 2019 08:35:24 [line:102] INFO [    1.978202] pcssck=0, cssck=0

Mon, 24 Jun 2019 08:35:24 [line:102] INFO [    1.981186] pasc=0, asc=0

Mon, 24 Jun 2019 08:35:24 [line:102] INFO [    1.983828] get pcssck=1, cssck=4

Mon, 24 Jun 2019 08:35:24 [line:102] INFO [    1.987418]   owen iory devm_gpio_request_one try

Mon, 24 Jun 2019 08:35:24 [line:102] INFO [    1.992239] owen iory devm_gpio_request_one ok

Mon, 24 Jun 2019 08:35:24 [line:102] INFO [    1.996722] owen iory try  pSPI_gpio

Mon, 24 Jun 2019 08:35:24 [line:102] INFO [    2.000373] cs_sck_delay=0

Mon, 24 Jun 2019 08:35:24 [line:102] INFO [    2.003104] pcssck=0, cssck=0

Mon, 24 Jun 2019 08:35:24 [line:102] INFO [    2.006094] pasc=0, asc=0

Mon, 24 Jun 2019 08:35:24 [line:102] INFO [    2.008728] get pcssck=1, cssck=4

Mon, 24 Jun 2019 08:35:24 [line:102] INFO [    2.012332] cs_sck_delay=100

Mon, 24 Jun 2019 08:35:24 [line:102] INFO [    2.015241] pcssck=3, cssck=0

Mon, 24 Jun 2019 08:35:24 [line:102] INFO [    2.018233] pasc=3, asc=0

Mon, 24 Jun 2019 08:35:24 [line:102] INFO [    2.020867] get pcssck=1, cssck=4

Mon, 24 Jun 2019 08:35:24 [line:102] INFO [    2.024327] cs_sck_delay=100

Mon, 24 Jun 2019 08:35:24 [line:102] INFO [    2.027233] pcssck=3, cssck=0

Mon, 24 Jun 2019 08:35:24 [line:102] INFO [    2.030224] pasc=3, asc=0

Mon, 24 Jun 2019 08:35:24 [line:102] INFO [    2.032857] get pcssck=1, cssck=4

Mon, 24 Jun 2019 08:35:24 [line:102] INFO [    2.036310] cs_sck_delay=0

Mon, 24 Jun 2019 08:35:24 [line:102] INFO [    2.039041] pcssck=0, cssck=0

Mon, 24 Jun 2019 08:35:24 [line:102] INFO [    2.042032] pasc=0, asc=0

Mon, 24 Jun 2019 08:35:24 [line:102] INFO [    2.044665] get pcssck=1, cssck=4

Mon, 24 Jun 2019 08:35:24 [line:102] INFO [    2.048479] num_chipselect =4 

Mon, 24 Jun 2019 08:35:24 [line:102] INFO [    2.048482] bus_num =1 

Mon, 24 Jun 2019 08:35:24 [line:102] INFO [    2.051670] fsl-dspi 400c0000.spi: owen register platform irq =44

Mon, 24 Jun 2019 08:35:24 [line:102] INFO [    2.060354] owen dspi_request_dma 9

Mon, 24 Jun 2019 08:35:24 [line:102] INFO [    2.064069] cs_sck_delay=0

Mon, 24 Jun 2019 08:35:24 [line:102] INFO [    2.066804] pcssck=0, cssck=0

Mon, 24 Jun 2019 08:35:24 [line:102] INFO [    2.069788] pasc=0, asc=0

Mon, 24 Jun 2019 08:35:24 [line:102] INFO [    2.072429] get pcssck=1, cssck=4

Mon, 24 Jun 2019 08:35:24 [line:102] INFO [    2.076199] num_chipselect =4 

Mon, 24 Jun 2019 08:35:24 [line:102] INFO [    2.076202] bus_num =3 

Mon, 24 Jun 2019 08:35:24 [line:102] INFO [    2.079379] fsl-dspi 400c2000.spi: owen register platform irq =45

Mon, 24 Jun 2019 08:35:24 [line:102] INFO [    2.088056] owen dspi_request_dma 9

Mon, 24 Jun 2019 08:35:24 [line:102] INFO [    2.091761] cs_sck_delay=0

Mon, 24 Jun 2019 08:35:24 [line:102] INFO [    2.094494] pcssck=0, cssck=0

Mon, 24 Jun 2019 08:35:24 [line:102] INFO [    2.097478] pasc=0, asc=0

Mon, 24 Jun 2019 08:35:24 [line:102] INFO [    2.100119] get pcssck=1, cssck=4

Mon, 24 Jun 2019 08:35:24 [line:102] INFO [    2.104697] libphy: Fixed MDIO Bus: probed

Mon, 24 Jun 2019 08:35:24 [line:102] INFO [    2.109168] tun: Universal TUN/TAP device driver, 1.6

Mon, 24 Jun 2019 08:35:24 [line:102] INFO [    2.114392] vcan: Virtual CAN interface driver

Mon, 24 Jun 2019 08:35:24 [line:102] INFO [    2.118880] slcan: serial line CAN interface driver

Mon, 24 Jun 2019 08:35:24 [line:102] INFO [    2.123800] slcan: 10 dynamic interface channels.

Mon, 24 Jun 2019 08:35:24 [line:102] INFO [    2.128545] CAN device driver interface

Mon, 24 Jun 2019 08:35:24 [line:102] INFO [    2.133069] flexcan 40055000.flexcan: device registered (reg_base=ffffff800891d000, irq=25)

Mon, 24 Jun 2019 08:35:24 [line:102] INFO [    2.142160] flexcan 400be000.flexcan: device registered (reg_base=ffffff8008925000, irq=43)

Mon, 24 Jun 2019 08:35:24 [line:102] INFO [    2.152713] libphy: fec_enet_mii_bus: probed

Mon, 24 Jun 2019 08:35:24 [line:102] INFO [    2.159414] fec 40032000.ethernet eth0: registered PHC device 0

Mon, 24 Jun 2019 08:35:24 [line:102] INFO [    2.165895] ehci_hcd: USB 2.0 'Enhanced' Host Controller (EHCI) Driver

Mon, 24 Jun 2019 08:35:24 [line:102] INFO [    2.172489] ehci-pci: EHCI PCI platform driver

Mon, 24 Jun 2019 08:35:24 [line:102] INFO [    2.177020] ehci-platform: EHCI generic platform driver

Mon, 24 Jun 2019 08:35:24 [line:102] INFO [    2.182412] ohci_hcd: USB 1.1 'Open' Host Controller (OHCI) Driver

Mon, 24 Jun 2019 08:35:24 [line:102] INFO [    2.188675] ohci-pci: OHCI PCI platform driver

Mon, 24 Jun 2019 08:35:24 [line:102] INFO [    2.193197] ohci-platform: OHCI generic platform driver

Mon, 24 Jun 2019 08:35:24 [line:102] INFO [    2.198878] usbcore: registered new interface driver usb-storage

Mon, 24 Jun 2019 08:35:24 [line:102] INFO [    2.205164] i2c /dev entries driver

Mon, 24 Jun 2019 08:35:24 [line:102] INFO [    2.208746] IR NEC protocol handler initialized

Mon, 24 Jun 2019 08:35:24 [line:102] INFO [    2.213317] IR RC5(x/sz) protocol handler initialized

Mon, 24 Jun 2019 08:35:24 [line:102] INFO [    2.218415] IR RC6 protocol handler initialized

Mon, 24 Jun 2019 08:35:24 [line:102] INFO [    2.222983] IR JVC protocol handler initialized

Mon, 24 Jun 2019 08:35:24 [line:102] INFO [    2.227551] IR Sony protocol handler initialized

Mon, 24 Jun 2019 08:35:24 [line:102] INFO [    2.232206] IR SANYO protocol handler initialized

Mon, 24 Jun 2019 08:35:24 [line:102] INFO [    2.236949] IR Sharp protocol handler initialized

Mon, 24 Jun 2019 08:35:24 [line:102] INFO [    2.241691] IR MCE Keyboard/mouse protocol handler initialized

Mon, 24 Jun 2019 08:35:24 [line:102] INFO [    2.247572] IR XMP protocol handler initialized

Mon, 24 Jun 2019 08:35:24 [line:102] INFO [    2.252458] pps pps0: new PPS source 0.pps.-1

Mon, 24 Jun 2019 08:35:24 [line:102] INFO [    2.256893] pps pps0: Registered IRQ 119 as PPS source

Mon, 24 Jun 2019 08:35:24 [line:102] INFO [    2.262730] sac58r-wdt 4000a000.swt: SAC58R/S32V234 Watchdog Timer Registered. timeout=30s (nowayout=0)

Mon, 24 Jun 2019 08:35:24 [line:102] INFO [    2.272367] sac58r-wdt 4000b000.swt: SAC58R/S32V234 Watchdog Timer Registered. timeout=30s (nowayout=0)

Mon, 24 Jun 2019 08:35:24 [line:102] INFO [    2.282054] sac58r-wdt 40084000.swt: SAC58R/S32V234 Watchdog Timer Registered. timeout=30s (nowayout=0)

Mon, 24 Jun 2019 08:35:24 [line:102] INFO [    2.291671] sac58r-wdt 40085000.swt: SAC58R/S32V234 Watchdog Timer Registered. timeout=30s (nowayout=0)

Mon, 24 Jun 2019 08:35:24 [line:102] INFO [    2.301418] sdhci: Secure Digital Host Controller Interface driver

Mon, 24 Jun 2019 08:35:24 [line:102] INFO [    2.307654] sdhci: Copyright(c) Pierre Ossman

Mon, 24 Jun 2019 08:35:24 [line:102] INFO [    2.312047] sdhci-pltfm: SDHCI platform and OF driver helper

Mon, 24 Jun 2019 08:35:24 [line:102] INFO [    2.361930] mmc0: SDHCI controller on 4005d000.usdhc [4005d000.usdhc] using ADMA

Mon, 24 Jun 2019 08:35:24 [line:102] INFO [    2.369750] usbcore: registered new interface driver usbhid

Mon, 24 Jun 2019 08:35:24 [line:102] INFO [    2.375378] usbhid: USB HID core driver

Mon, 24 Jun 2019 08:35:24 [line:102] INFO [    2.391143] NET: Registered protocol family 10

Mon, 24 Jun 2019 08:35:24 [line:102] INFO [    2.396207] Segment Routing with IPv6

Mon, 24 Jun 2019 08:35:24 [line:102] INFO [    2.399948] sit: IPv6, IPv4 and MPLS over IPv4 tunneling driver

Mon, 24 Jun 2019 08:35:24 [line:102] INFO [    2.406310] NET: Registered protocol family 17

Mon, 24 Jun 2019 08:35:24 [line:102] INFO [    2.410801] can: controller area network core (rev 20170425 abi 9)

Mon, 24 Jun 2019 08:35:24 [line:102] INFO [    2.417073] NET: Registered protocol family 29

Mon, 24 Jun 2019 08:35:24 [line:102] INFO [    2.417690] mmc0: new DDR MMC card at address 0001

Mon, 24 Jun 2019 08:35:24 [line:102] INFO [    2.417984] mmcblk0: mmc0:0001 S0J57X 29.6 GiB 

Mon, 24 Jun 2019 08:35:24 [line:102] INFO [    2.418090] mmcblk0boot0: mmc0:0001 S0J57X partition 1 31.5 MiB

Mon, 24 Jun 2019 08:35:24 [line:102] INFO [    2.418195] mmcblk0boot1: mmc0:0001 S0J57X partition 2 31.5 MiB

Mon, 24 Jun 2019 08:35:24 [line:102] INFO [    2.418296] mmcblk0rpmb: mmc0:0001 S0J57X partition 3 4.00 MiB

Mon, 24 Jun 2019 08:35:24 [line:102] INFO [    2.419164]  mmcblk0: p1 p2 p3 p4

Mon, 24 Jun 2019 08:35:24 [line:102] INFO [    2.419411] mmcblk0: p4 size 1755107328 extends beyond EOD, truncated

Mon, 24 Jun 2019 08:35:24 [line:102] INFO [    2.458634] can: raw protocol (rev 20170425)

Mon, 24 Jun 2019 08:35:24 [line:102] INFO [    2.462942] can: broadcast manager protocol (rev 20170425 t)

Mon, 24 Jun 2019 08:35:24 [line:102] INFO [    2.468658] can: netlink gateway (rev 20170425) max_hops=1

Mon, 24 Jun 2019 08:35:24 [line:102] INFO [    2.474232] Key type dns_resolver registered

Mon, 24 Jun 2019 08:35:24 [line:102] INFO [    2.478943] registered taskstats version 1

Mon, 24 Jun 2019 08:35:24 [line:102] INFO [    2.486457] i2c i2c-0: IMX I2C adapter registered

Mon, 24 Jun 2019 08:35:24 [line:102] INFO [    2.491236] i2c i2c-0: using dma0chan2 (tx) and dma0chan3 (rx) for DMA transfers

Mon, 24 Jun 2019 08:35:24 [line:102] INFO [    2.499441] sii902x 1-0039: cound not find device

Mon, 24 Jun 2019 08:35:24 [line:102] INFO [    2.504203] sii902x: probe of 1-0039 failed with error -11

Mon, 24 Jun 2019 08:35:24 [line:102] INFO [    2.509864] i2c i2c-1: IMX I2C adapter registered

Mon, 24 Jun 2019 08:35:24 [line:102] INFO [    2.514633] i2c i2c-1: using dma0chan20 (tx) and dma0chan21 (rx) for DMA transfers

Mon, 24 Jun 2019 08:35:24 [line:102] INFO [    2.522722] i2c i2c-2: IMX I2C adapter registered

Mon, 24 Jun 2019 08:35:24 [line:102] INFO [    2.527498] i2c i2c-2: using dma0chan22 (tx) and dma0chan23 (rx) for DMA transfers

Mon, 24 Jun 2019 08:35:24 [line:102] INFO [    2.535218] hctosys: unable to open rtc device (rtc0)

Mon, 24 Jun 2019 08:35:24 [line:102] INFO [    2.545306] EXT4-fs (mmcblk0p2): couldn't mount as ext3 due to feature incompatibilities

Mon, 24 Jun 2019 08:35:25 [line:102] INFO [    2.566187] EXT4-fs (mmcblk0p2): recovery complete

Mon, 24 Jun 2019 08:35:25 [line:102] INFO [    2.571431] EXT4-fs (mmcblk0p2): mounted filesystem with ordered data mode. Opts: (null)

Mon, 24 Jun 2019 08:35:25 [line:102] INFO [    2.579195] VFS: Mounted root (ext4 filesystem) on device 179:2.

Mon, 24 Jun 2019 08:35:25 [line:102] INFO [    2.585237] devtmpfs: mounted

Mon, 24 Jun 2019 08:35:25 [line:102] INFO [    2.588304] Freeing unused kernel memory: 384K

Mon, 24 Jun 2019 08:35:25 [line:102] INFO INIT: version 2.88 booting

Mon, 24 Jun 2019 08:35:25 [line:102] INFO Starting udev

Mon, 24 Jun 2019 08:35:25 [line:102] INFO [    2.914446] udevd[790]: starting version 3.2.2

Mon, 24 Jun 2019 08:35:25 [line:102] INFO [    2.948915] udevd[791]: starting eudev-3.2.2

Mon, 24 Jun 2019 08:35:25 [line:102] INFO [    3.024887] 

Mon, 24 Jun 2019 08:35:25 [line:102] INFO [    3.024887] [I]6<BS_LOG><smi_gyro_probe><1642>function entrance

Mon, 24 Jun 2019 08:35:25 [line:102] INFO [    3.151746] smi130_gyro 1-0068: I2C xfer error

Mon, 24 Jun 2019 08:35:25 [line:102] INFO [    3.155860] 

Mon, 24 Jun 2019 08:35:25 [line:102] INFO [    3.155860] [I]6<BS_LOG><smi_gyro_check_chip_id><392>read chip id result: 0x0

Mon, 24 Jun 2019 08:35:25 [line:102] INFO [    3.282878] smi130_gyro 1-0068: I2C xfer error

Mon, 24 Jun 2019 08:35:25 [line:102] INFO [    3.286986] 

Mon, 24 Jun 2019 08:35:25 [line:102] INFO [    3.286986] [I]6<BS_LOG><smi_gyro_check_chip_id><392>read chip id result: 0x0

Mon, 24 Jun 2019 08:35:25 [line:102] INFO [    3.413229] smi130_gyro 1-0068: I2C xfer error

Mon, 24 Jun 2019 08:35:25 [line:102] INFO [    3.417326] 

Mon, 24 Jun 2019 08:35:25 [line:102] INFO [    3.417326] [I]6<BS_LOG><smi_gyro_check_chip_id><392>read chip id result: 0x0

Mon, 24 Jun 2019 08:35:25 [line:102] INFO [    3.543650] smi130_gyro 1-0068: I2C xfer error

Mon, 24 Jun 2019 08:35:25 [line:102] INFO [    3.547748] 

Mon, 24 Jun 2019 08:35:25 [line:102] INFO [    3.547748] [I]6<BS_LOG><smi_gyro_check_chip_id><392>read chip id result: 0x0

Mon, 24 Jun 2019 08:35:26 [line:102] INFO [    3.674078] smi130_gyro 1-0068: I2C xfer error

Mon, 24 Jun 2019 08:35:26 [line:102] INFO [    3.678174] 

Mon, 24 Jun 2019 08:35:26 [line:102] INFO [    3.678174] [I]6<BS_LOG><smi_gyro_check_chip_id><392>read chip id result: 0x0

Mon, 24 Jun 2019 08:35:26 [line:102] INFO [    3.687851] 

Mon, 24 Jun 2019 08:35:26 [line:102] INFO [    3.687851] [E]3<BS_LOG><smi_gyro_probe><1663>Bosch Sensortec Device not found, chip id mismatch

Mon, 24 Jun 2019 08:35:26 [line:102] INFO [    3.697859] smi130_gyro: probe of 1-0068 failed with error -1

Mon, 24 Jun 2019 08:35:26 [line:102] INFO [    3.703694] 

Mon, 24 Jun 2019 08:35:26 [line:102] INFO [    3.703694] [I]6<BS_LOG><smi130_acc_probe><7022>smi130_acc_probe start

Mon, 24 Jun 2019 08:35:26 [line:102] INFO [    3.703694] 

Mon, 24 Jun 2019 08:35:26 [line:102] INFO [    3.829685] 

Mon, 24 Jun 2019 08:35:26 [line:102] INFO [    3.829685] [E]3<BS_LOG><smi130_acc_smbus_read_byte><1748>I2C xfer error

Mon, 24 Jun 2019 08:35:26 [line:102] INFO [    3.837610] 

Mon, 24 Jun 2019 08:35:26 [line:102] INFO [    3.837610] [E]3<BS_LOG><smi130_acc_check_chip_id><1907>Bosch Sensortec Device not found

Mon, 24 Jun 2019 08:35:26 [line:102] INFO [    3.837610] 

Mon, 24 Jun 2019 08:35:26 [line:102] INFO [    3.837610] i2c bus read error, read chip_id:0

Mon, 24 Jun 2019 08:35:26 [line:102] INFO [    3.837610] 

Mon, 24 Jun 2019 08:35:26 [line:102] INFO [    3.971246] 

Mon, 24 Jun 2019 08:35:26 [line:102] INFO [    3.971246] [E]3<BS_LOG><smi130_acc_smbus_read_byte><1748>I2C xfer error

Mon, 24 Jun 2019 08:35:26 [line:102] INFO [    3.979160] 

Mon, 24 Jun 2019 08:35:26 [line:102] INFO [    3.979160] [E]3<BS_LOG><smi130_acc_check_chip_id><1907>Bosch Sensortec Device not found

Mon, 24 Jun 2019 08:35:26 [line:102] INFO [    3.979160] 

Mon, 24 Jun 2019 08:35:26 [line:102] INFO [    3.979160] i2c bus read error, read chip_id:0

Mon, 24 Jun 2019 08:35:26 [line:102] INFO [    3.979160] 

Mon, 24 Jun 2019 08:35:26 [line:102] INFO [    4.112811] 

Mon, 24 Jun 2019 08:35:26 [line:102] INFO [    4.112811] [E]3<BS_LOG><smi130_acc_smbus_read_byte><1748>I2C xfer error

Mon, 24 Jun 2019 08:35:26 [line:102] INFO [    4.120731] 

Mon, 24 Jun 2019 08:35:26 [line:102] INFO [    4.120731] [E]3<BS_LOG><smi130_acc_check_chip_id><1907>Bosch Sensortec Device not found

Mon, 24 Jun 2019 08:35:26 [line:102] INFO [    4.120731] 

Mon, 24 Jun 2019 08:35:26 [line:102] INFO [    4.120731] i2c bus read error, read chip_id:0

Mon, 24 Jun 2019 08:35:26 [line:102] INFO [    4.120731] 

Mon, 24 Jun 2019 08:35:26 [line:102] INFO [    4.254383] 

Mon, 24 Jun 2019 08:35:26 [line:102] INFO [    4.254383] [E]3<BS_LOG><smi130_acc_smbus_read_byte><1748>I2C xfer error

Mon, 24 Jun 2019 08:35:26 [line:102] INFO [    4.262298] 

Mon, 24 Jun 2019 08:35:26 [line:102] INFO [    4.262298] [E]3<BS_LOG><smi130_acc_check_chip_id><1907>Bosch Sensortec Device not found

Mon, 24 Jun 2019 08:35:26 [line:102] INFO [    4.262298] 

Mon, 24 Jun 2019 08:35:26 [line:102] INFO [    4.262298] i2c bus read error, read chip_id:0

Mon, 24 Jun 2019 08:35:26 [line:102] INFO [    4.262298] 

Mon, 24 Jun 2019 08:35:26 [line:102] INFO [    4.395947] 

Mon, 24 Jun 2019 08:35:26 [line:102] INFO [    4.395947] [E]3<BS_LOG><smi130_acc_smbus_read_byte><1748>I2C xfer error

Mon, 24 Jun 2019 08:35:26 [line:102] INFO [    4.403860] 

Mon, 24 Jun 2019 08:35:26 [line:102] INFO [    4.403860] [E]3<BS_LOG><smi130_acc_check_chip_id><1907>Bosch Sensortec Device not found

Mon, 24 Jun 2019 08:35:26 [line:102] INFO [    4.403860] 

Mon, 24 Jun 2019 08:35:26 [line:102] INFO [    4.403860] i2c bus read error, read chip_id:0

Mon, 24 Jun 2019 08:35:26 [line:102] INFO [    4.403860] 

Mon, 24 Jun 2019 08:35:26 [line:102] INFO [    4.542507] 

Mon, 24 Jun 2019 08:35:26 [line:102] INFO [    4.542507] [E]3<BS_LOG><smi130_acc_smbus_write_byte><1809>I2C xfer error

Mon, 24 Jun 2019 08:35:26 [line:102] INFO [    4.550510] 

Mon, 24 Jun 2019 08:35:26 [line:102] INFO [    4.550510] [E]3<BS_LOG><smi130_acc_probe><7044>i2c bus write error, pls check HW connection

Mon, 24 Jun 2019 08:35:26 [line:102] INFO [    4.550510] 

Mon, 24 Jun 2019 08:35:27 [line:102] INFO [    4.561970] smi130_acc: probe of 1-0018 failed with error -22

Mon, 24 Jun 2019 08:35:27 [line:102] INFO [    4.607905] loading NXP PHY driver: [autonomous mode]

Mon, 24 Jun 2019 08:35:27 [line:102] INFO [    4.686583] sja1105pqrs: loading out-of-tree module taints kernel.

Mon, 24 Jun 2019 08:35:27 [line:102] INFO [    4.694010] sja1105pqrs spi0.0: Loading SJA1105P SPI driver

Mon, 24 Jun 2019 08:35:27 [line:102] INFO [    4.699246] cs_sck_delay=100

Mon, 24 Jun 2019 08:35:27 [line:102] INFO [    4.702097] pcssck=3, cssck=0

Mon, 24 Jun 2019 08:35:27 [line:102] INFO [    4.705036] pasc=3, asc=0

Mon, 24 Jun 2019 08:35:27 [line:102] INFO [    4.707647] get pcssck=1, cssck=4

Mon, 24 Jun 2019 08:35:27 [line:102] INFO [    4.710975] eoq_write 8

Mon, 24 Jun 2019 08:35:27 [line:102] INFO [    4.710999] owen dspi_eoq_read rx_bytes_count = 8, rx_frames_count = 4

Mon, 24 Jun 2019 08:35:27 [line:102] INFO [    4.711002] 		88

Mon, 24 Jun 2019 08:35:27 [line:102] INFO [    4.711004] 		38

Mon, 24 Jun 2019 08:35:27 [line:102] INFO [    4.711005] 		e5

Mon, 24 Jun 2019 08:35:27 [line:102] INFO [    4.711006] 		9

Mon, 24 Jun 2019 08:35:27 [line:102] INFO [    4.711007] 		80

Mon, 24 Jun 2019 08:35:27 [line:102] INFO [    4.711008] 		ff

Mon, 24 Jun 2019 08:35:27 [line:102] INFO [    4.711009] 		ff

Mon, 24 Jun 2019 08:35:27 [line:102] INFO [    4.711010] 		ff

Mon, 24 Jun 2019 08:35:27 [line:102] INFO [    4.711012] 

Mon, 24 Jun 2019 08:35:27 [line:102] INFO [    4.735849] sja1105pqrs spi0.0: SJA1105P invalid Device Id, is 00000000

Mon, 24 Jun 2019 08:35:27 [line:102] INFO [    4.742425] sja1105pqrs spi0.0: SJA1105P SPI Failed to read Device Id

Mon, 24 Jun 2019 08:35:27 [line:102] INFO [    4.748886] sja1105pqrs spi0.5: Loading SJA1105P SPI driver

Mon, 24 Jun 2019 08:35:27 [line:102] INFO [    4.754391] cs_sck_delay=100

Mon, 24 Jun 2019 08:35:27 [line:102] INFO [    4.757240] pcssck=3, cssck=0

Mon, 24 Jun 2019 08:35:27 [line:102] INFO [    4.760197] pasc=3, asc=0

Mon, 24 Jun 2019 08:35:27 [line:102] INFO [    4.762797] get pcssck=1, cssck=4

Mon, 24 Jun 2019 08:35:27 [line:102] INFO [    4.766116] eoq_write 8

Mon, 24 Jun 2019 08:35:27 [line:102] INFO [    4.766134] owen dspi_eoq_read rx_bytes_count = 8, rx_frames_count = 4

Mon, 24 Jun 2019 08:35:27 [line:102] INFO [    4.766135] 		88

Mon, 24 Jun 2019 08:35:27 [line:102] INFO [    4.766136] 		38

Mon, 24 Jun 2019 08:35:27 [line:102] INFO [    4.766138] 		e5

Mon, 24 Jun 2019 08:35:27 [line:102] INFO [    4.766139] 		9

Mon, 24 Jun 2019 08:35:27 [line:102] INFO [    4.766140] 		80

Mon, 24 Jun 2019 08:35:27 [line:102] INFO [    4.766141] 		ff

Mon, 24 Jun 2019 08:35:27 [line:102] INFO [    4.766142] 		ff

Mon, 24 Jun 2019 08:35:27 [line:102] INFO [    4.766143] 		ff

Mon, 24 Jun 2019 08:35:27 [line:102] INFO [    4.766144] 

Mon, 24 Jun 2019 08:35:27 [line:102] INFO [    4.791006] sja1105pqrs spi0.5: SJA1105P invalid Device Id, is 00000000

Mon, 24 Jun 2019 08:35:27 [line:102] INFO [    4.797583] sja1105pqrs spi0.5: SJA1105P SPI Failed to read Device Id

Mon, 24 Jun 2019 08:35:27 [line:102] INFO [    4.824278] EXT4-fs (mmcblk0p2): re-mounted. Opts: (null)

Mon, 24 Jun 2019 08:35:28 [line:102] INFO speed 38400 baud; rows 0; columns 0; line = 0;

Mon, 24 Jun 2019 08:35:28 [line:102] INFO intr = ^C; quit = ^\; erase = ^?; kill = ^U; eof = ^D; eol = <undef>;

Mon, 24 Jun 2019 08:35:28 [line:102] INFO eol2 = <undef>; swtch = <undef>; start = ^Q; stop = ^S; susp = ^Z; rprnt = ^R;

Mon, 24 Jun 2019 08:35:28 [line:102] INFO werase = ^W; lnext = ^V; discard = ^O; min = 1; time = 0;

Mon, 24 Jun 2019 08:35:28 [line:102] INFO -parenb -parodd -cmspar cs8 hupcl -cstopb cread clocal -crtscts

Mon, 24 Jun 2019 08:35:28 [line:102] INFO -ignbrk -brkint -ignpar -parmrk -inpck -istrip -inlcr -igncr icrnl ixon -ixoff

Mon, 24 Jun 2019 08:35:28 [line:102] INFO -iuclc -ixany -imaxbel -iutf8

Mon, 24 Jun 2019 08:35:28 [line:102] INFO opost -olcuc -ocrnl onlcr -onocr -onlret -ofill -ofdel nl0 cr0 tab0 bs0 vt0 ff0

Mon, 24 Jun 2019 08:35:28 [line:102] INFO isig icanon iexten echo echoe echok -echonl -noflsh -xcase -tostop -echoprt

Mon, 24 Jun 2019 08:35:28 [line:102] INFO echoctl echoke -flusho -extproc

Mon, 24 Jun 2019 08:35:29 [line:102] INFO [    7.066664] IPv6: ADDRCONF(NETDEV_CHANGE): can0: link becomes ready

Mon, 24 Jun 2019 08:35:29 [line:102] INFO [    7.075859] IPv6: ADDRCONF(NETDEV_CHANGE): can1: link becomes ready

Mon, 24 Jun 2019 08:35:31 [line:102] INFO 1970-01-01T00:00:09Z chronyd version 2.4 starting (+CMDMON +NTP +REFCLOCK +RTC -PRIVDROP -SCFILTER -SECHASH +ASYNCDNS +IPV6 -DEBUG)

Mon, 24 Jun 2019 08:35:31 [line:102] INFO 1970-01-01T00:00:09Z Setting filter length for PPS0 to 1

Mon, 24 Jun 2019 08:35:31 [line:102] INFO 1970-01-01T00:00:09Z Could not create directory /var/log : File exists

Mon, 24 Jun 2019 08:35:31 [line:102] INFO 1970-01-01T00:00:09Z Couldn't open logfile /var/log/chrony/tracking.log for update

Mon, 24 Jun 2019 08:35:33 [line:102] INFO [   11.102024] pcieport 0000:00:00.0: BAR 8: assigned [mem 0x72200000-0x722fffff]

Mon, 24 Jun 2019 08:35:33 [line:102] INFO [   11.108905] pci 0000:01:00.0: BAR 0: assigned [mem 0x72200000-0x72200fff 64bit]

Mon, 24 Jun 2019 08:35:33 [line:102] INFO [   11.116211] pci 0000:01:00.0: BAR 2: assigned [mem 0x72201000-0x72201fff 64bit]

