Tue, 25 Jun 2019 19:38:01 [line:126] INFO ============start loop 1============
Tue, 25 Jun 2019 19:38:04 [line:48] INFO Turn On
Tue, 25 Jun 2019 19:38:10 [line:102] INFO 

Tue, 25 Jun 2019 19:38:10 [line:102] INFO U-Boot 2016.01 (Jun 13 2019 - 16:48:21 +0800)

Tue, 25 Jun 2019 19:38:10 [line:102] INFO 

Tue, 25 Jun 2019 19:38:10 [line:102] INFO CPU:   NXP S32V234 V2.0 at 1000 MHz

Tue, 25 Jun 2019 19:38:10 [line:102] INFO Reset cause: unknown reset

Tue, 25 Jun 2019 19:38:10 [line:102] INFO Board: s32v234evb29288

Tue, 25 Jun 2019 19:38:10 [line:102] INFO I2C:   ready

Tue, 25 Jun 2019 19:38:10 [line:102] INFO DRAM:  2 GiB

Tue, 25 Jun 2019 19:38:10 [line:102] INFO All (4) cores are up.

Tue, 25 Jun 2019 19:38:10 [line:102] INFO MMC:   Config the emmc hc and disable sdhc

Tue, 25 Jun 2019 19:38:10 [line:102] INFO FSL_SDHC: 0

Tue, 25 Jun 2019 19:38:10 [line:102] INFO 

Tue, 25 Jun 2019 19:38:10 [line:102] INFO Forcing PCIe to Gen1 operation

Tue, 25 Jun 2019 19:38:11 [line:102] INFO phy link never came up

Tue, 25 Jun 2019 19:38:11 [line:102] INFO DEBUG_R0: 0x00673000, DEBUG_R1: 0x08200000

Tue, 25 Jun 2019 19:38:11 [line:102] INFO In:    serial

Tue, 25 Jun 2019 19:38:11 [line:102] INFO Out:   serial

Tue, 25 Jun 2019 19:38:11 [line:102] INFO Err:   serial

Tue, 25 Jun 2019 19:38:11 [line:102] INFO The security module (CSE3) is disabled.

Tue, 25 Jun 2019 19:38:11 [line:102] INFO Net:   

Tue, 25 Jun 2019 19:38:11 [line:102] INFO Warning: System is using default MAC address. Please set a new value

Tue, 25 Jun 2019 19:38:11 [line:102] INFO FEC

Tue, 25 Jun 2019 19:38:14 [line:102] INFO Hit any key to stop autoboot:  3  2  1  0 

Tue, 25 Jun 2019 19:38:14 [line:102] INFO switch to partitions #0, OK

Tue, 25 Jun 2019 19:38:14 [line:102] INFO mmc0(part 0) is current device

Tue, 25 Jun 2019 19:38:14 [line:102] INFO reading Image

Tue, 25 Jun 2019 19:38:14 [line:102] INFO 10485760 bytes read in 506 ms (19.8 MiB/s)

Tue, 25 Jun 2019 19:38:14 [line:102] INFO Booting from mmc ... s32v234-evb.dias.emmc.dtb

Tue, 25 Jun 2019 19:38:14 [line:102] INFO reading s32v234-evb.dias.emmc.dtb

Tue, 25 Jun 2019 19:38:14 [line:102] INFO 1048576 bytes read in 62 ms (16.1 MiB/s)

Tue, 25 Jun 2019 19:38:14 [line:102] INFO ## Flattened Device Tree blob at 82000000

Tue, 25 Jun 2019 19:38:14 [line:102] INFO    Booting using the fdt blob at 0x82000000

Tue, 25 Jun 2019 19:38:14 [line:102] INFO    reserving fdt memory region: addr=80000000 size=10000

Tue, 25 Jun 2019 19:38:14 [line:102] INFO    Loading Device Tree to 000000009fff5000, end 000000009ffff6c4 ... OK

Tue, 25 Jun 2019 19:38:14 [line:102] INFO 

Tue, 25 Jun 2019 19:38:14 [line:102] INFO Starting kernel ...

Tue, 25 Jun 2019 19:38:14 [line:102] INFO 

Tue, 25 Jun 2019 19:38:16 [line:102] INFO [    0.000000] Booting Linux on physical CPU 0x0

Tue, 25 Jun 2019 19:38:16 [line:102] INFO [    0.000000] Linux version 4.14.34-rt27+g5b7d979 (oe-user@oe-host) (gcc version 7.1.1 20170707 (Linaro GCC 7.1-2017.08)) #1 SMP Tue Jun 18 11:20:55 CST 2019

Tue, 25 Jun 2019 19:38:16 [line:102] INFO [    0.000000] Boot CPU: AArch64 Processor [410fd034]

Tue, 25 Jun 2019 19:38:16 [line:102] INFO [    0.000000] Machine model: Freescale S32V234

Tue, 25 Jun 2019 19:38:16 [line:102] INFO [    0.000000] percpu: Embedded 20 pages/cpu @ffffffc07ff79000 s43416 r8192 d30312 u81920

Tue, 25 Jun 2019 19:38:16 [line:102] INFO [    0.000000] Detected VIPT I-cache on CPU0

Tue, 25 Jun 2019 19:38:16 [line:102] INFO [    0.000000] CPU features: enabling workaround for ARM erratum 845719

Tue, 25 Jun 2019 19:38:16 [line:102] INFO [    0.000000] Built 1 zonelists, mobility grouping on.  Total pages: 512000

Tue, 25 Jun 2019 19:38:16 [line:102] INFO [    0.000000] Kernel command line: console=ttyLF0,115200 root=/dev/mmcblk0p2 rootwait rw

Tue, 25 Jun 2019 19:38:16 [line:102] INFO [    0.000000] PID hash table entries: 4096 (order: 3, 32768 bytes)

Tue, 25 Jun 2019 19:38:16 [line:102] INFO [    0.000000] Dentry cache hash table entries: 262144 (order: 9, 2097152 bytes)

Tue, 25 Jun 2019 19:38:16 [line:102] INFO [    0.000000] Inode-cache hash table entries: 131072 (order: 8, 1048576 bytes)

Tue, 25 Jun 2019 19:38:16 [line:102] INFO [    0.000000] Memory: 2035752K/2076672K available (5822K kernel code, 414K rwdata, 1576K rodata, 384K init, 258K bss, 40920K reserved, 0K cma-reserved)

Tue, 25 Jun 2019 19:38:16 [line:102] INFO [    0.000000] Virtual kernel memory layout:

Tue, 25 Jun 2019 19:38:16 [line:102] INFO [    0.000000]     modules : 0xffffff8000000000 - 0xffffff8008000000   (   128 MB)

Tue, 25 Jun 2019 19:38:16 [line:102] INFO [    0.000000]     vmalloc : 0xffffff8008000000 - 0xffffffbebfff0000   (   250 GB)

Tue, 25 Jun 2019 19:38:16 [line:102] INFO [    0.000000]       .text : 0xffffff8008080000 - 0xffffff8008630000   (  5824 KB)

Tue, 25 Jun 2019 19:38:16 [line:102] INFO [    0.000000]     .rodata : 0xffffff8008630000 - 0xffffff80087c0000   (  1600 KB)

Tue, 25 Jun 2019 19:38:16 [line:102] INFO [    0.000000]       .init : 0xffffff80087c0000 - 0xffffff8008820000   (   384 KB)

Tue, 25 Jun 2019 19:38:16 [line:102] INFO [    0.000000]       .data : 0xffffff8008820000 - 0xffffff8008887808   (   415 KB)

Tue, 25 Jun 2019 19:38:16 [line:102] INFO [    0.000000]        .bss : 0xffffff8008887808 - 0xffffff80088c80c8   (   259 KB)

Tue, 25 Jun 2019 19:38:16 [line:102] INFO [    0.000000]     fixed   : 0xffffffbefe7fb000 - 0xffffffbefec00000   (  4116 KB)

Tue, 25 Jun 2019 19:38:16 [line:102] INFO [    0.000000]     PCI I/O : 0xffffffbefee00000 - 0xffffffbeffe00000   (    16 MB)

Tue, 25 Jun 2019 19:38:16 [line:102] INFO [    0.000000]     vmemmap : 0xffffffbf00000000 - 0xffffffc000000000   (     4 GB maximum)

Tue, 25 Jun 2019 19:38:16 [line:102] INFO [    0.000000]               0xffffffbf00000000 - 0xffffffbf01c00000   (    28 MB actual)

Tue, 25 Jun 2019 19:38:16 [line:102] INFO [    0.000000]     memory  : 0xffffffc000000000 - 0xffffffc080000000   (  2048 MB)

Tue, 25 Jun 2019 19:38:16 [line:102] INFO [    0.000000] Hierarchical RCU implementation.

Tue, 25 Jun 2019 19:38:16 [line:102] INFO [    0.000000] 	RCU event tracing is enabled.

Tue, 25 Jun 2019 19:38:16 [line:102] INFO [    0.000000] NR_IRQS: 64, nr_irqs: 64, preallocated irqs: 0

Tue, 25 Jun 2019 19:38:16 [line:102] INFO [    0.000000] arch_timer: cp15 timer(s) running at 12.00MHz (virt).

Tue, 25 Jun 2019 19:38:16 [line:102] INFO [    0.000000] clocksource: arch_sys_counter: mask: 0xffffffffffffff max_cycles: 0x2c47f4ee7, max_idle_ns: 440795202497 ns

Tue, 25 Jun 2019 19:38:16 [line:102] INFO [    0.000004] sched_clock: 56 bits at 12MHz, resolution 83ns, wraps every 4398046511096ns

Tue, 25 Jun 2019 19:38:16 [line:102] INFO [    0.000474] Console: colour dummy device 80x25

Tue, 25 Jun 2019 19:38:16 [line:102] INFO [    0.000488] Calibrating delay loop (skipped), value calculated using timer frequency.. 24.00 BogoMIPS (lpj=48000)

Tue, 25 Jun 2019 19:38:16 [line:102] INFO [    0.000498] pid_max: default: 32768 minimum: 301

Tue, 25 Jun 2019 19:38:16 [line:102] INFO [    0.000589] Security Framework initialized

Tue, 25 Jun 2019 19:38:16 [line:102] INFO [    0.000641] Mount-cache hash table entries: 4096 (order: 3, 32768 bytes)

Tue, 25 Jun 2019 19:38:16 [line:102] INFO [    0.000658] Mountpoint-cache hash table entries: 4096 (order: 3, 32768 bytes)

Tue, 25 Jun 2019 19:38:16 [line:102] INFO [    0.001352] ASID allocator initialised with 32768 entries

Tue, 25 Jun 2019 19:38:16 [line:102] INFO [    0.001415] Hierarchical SRCU implementation.

Tue, 25 Jun 2019 19:38:16 [line:102] INFO [    0.002056] smp: Bringing up secondary CPUs ...

Tue, 25 Jun 2019 19:38:16 [line:102] INFO [    0.002390] Detected VIPT I-cache on CPU1

Tue, 25 Jun 2019 19:38:16 [line:102] INFO [    0.002433] CPU1: Booted secondary processor [410fd034]

Tue, 25 Jun 2019 19:38:16 [line:102] INFO [    0.002789] Detected VIPT I-cache on CPU2

Tue, 25 Jun 2019 19:38:16 [line:102] INFO [    0.002830] CPU2: Booted secondary processor [410fd034]

Tue, 25 Jun 2019 19:38:16 [line:102] INFO [    0.003191] Detected VIPT I-cache on CPU3

Tue, 25 Jun 2019 19:38:16 [line:102] INFO [    0.003213] CPU3: Booted secondary processor [410fd034]

Tue, 25 Jun 2019 19:38:16 [line:102] INFO [    0.003289] smp: Brought up 1 node, 4 CPUs

Tue, 25 Jun 2019 19:38:16 [line:102] INFO [    0.003308] SMP: Total of 4 processors activated.

Tue, 25 Jun 2019 19:38:16 [line:102] INFO [    0.003315] CPU features: detected feature: 32-bit EL0 Support

Tue, 25 Jun 2019 19:38:16 [line:102] INFO [    0.003320] CPU features: detected feature: Kernel page table isolation (KPTI)

Tue, 25 Jun 2019 19:38:16 [line:102] INFO [    0.006123] CPU: All CPU(s) started at EL1

Tue, 25 Jun 2019 19:38:16 [line:102] INFO [    0.006144] alternatives: patching kernel code

Tue, 25 Jun 2019 19:38:16 [line:102] INFO [    0.006899] devtmpfs: initialized

Tue, 25 Jun 2019 19:38:16 [line:102] INFO [    0.010660] random: get_random_u32 called from bucket_table_alloc+0x10c/0x260 with crng_init=0

Tue, 25 Jun 2019 19:38:16 [line:102] INFO [    0.010977] clocksource: jiffies: mask: 0xffffffff max_cycles: 0xffffffff, max_idle_ns: 7645041785100000 ns

Tue, 25 Jun 2019 19:38:16 [line:102] INFO [    0.010991] futex hash table entries: 1024 (order: 5, 131072 bytes)

Tue, 25 Jun 2019 19:38:16 [line:102] INFO [    0.011194] pinctrl core: initialized pinctrl subsystem

Tue, 25 Jun 2019 19:38:16 [line:102] INFO [    0.011744] NET: Registered protocol family 16

Tue, 25 Jun 2019 19:38:16 [line:102] INFO [    0.012564] NET: Registered protocol family 42

Tue, 25 Jun 2019 19:38:16 [line:102] INFO [    0.013023] vdso: 2 pages (1 code @ ffffff8008636000, 1 data @ ffffff8008824000)

Tue, 25 Jun 2019 19:38:16 [line:102] INFO [    0.013037] hw-breakpoint: found 6 breakpoint and 4 watchpoint registers.

Tue, 25 Jun 2019 19:38:16 [line:102] INFO [    0.013273] DMA: preallocated 256 KiB pool for atomic allocations

Tue, 25 Jun 2019 19:38:16 [line:102] INFO [    0.025820] HugeTLB registered 2.00 MiB page size, pre-allocated 0 pages

Tue, 25 Jun 2019 19:38:16 [line:102] INFO [    0.028203] vgaarb: loaded

Tue, 25 Jun 2019 19:38:16 [line:102] INFO [    0.028399] SCSI subsystem initialized

Tue, 25 Jun 2019 19:38:16 [line:102] INFO [    0.028576] usbcore: registered new interface driver usbfs

Tue, 25 Jun 2019 19:38:16 [line:102] INFO [    0.028622] usbcore: registered new interface driver hub

Tue, 25 Jun 2019 19:38:16 [line:102] INFO [    0.028677] usbcore: registered new device driver usb

Tue, 25 Jun 2019 19:38:16 [line:102] INFO [    0.028854] imx-i2c 40051000.i2c: could not find pctldev for node /soc/aips-bus@40000000/siul2/siul2-pinctrl@4006C000/s32v234-evb/i2c0grp, deferring probe

Tue, 25 Jun 2019 19:38:16 [line:102] INFO [    0.028948] imx-i2c 400b8000.i2c: could not find pctldev for node /soc/aips-bus@40000000/siul2/siul2-pinctrl@4006C000/s32v234-evb/i2c1grp, deferring probe

Tue, 25 Jun 2019 19:38:16 [line:102] INFO [    0.028975] imx-i2c 400ba000.i2c: could not find pctldev for node /soc/aips-bus@40000000/siul2/siul2-pinctrl@4006C000/s32v234-evb/i2c2grp, deferring probe

Tue, 25 Jun 2019 19:38:16 [line:102] INFO [    0.029080] pps_core: LinuxPPS API ver. 1 registered

Tue, 25 Jun 2019 19:38:16 [line:102] INFO [    0.029085] pps_core: Software ver. 5.3.6 - Copyright 2005-2007 Rodolfo Giometti <giometti@linux.it>

Tue, 25 Jun 2019 19:38:16 [line:102] INFO [    0.029106] PTP clock support registered

Tue, 25 Jun 2019 19:38:16 [line:102] INFO [    0.029812] clocksource: Switched to clocksource arch_sys_counter

Tue, 25 Jun 2019 19:38:16 [line:102] INFO [    0.035842] NET: Registered protocol family 2

Tue, 25 Jun 2019 19:38:16 [line:102] INFO [    0.036182] TCP established hash table entries: 16384 (order: 5, 131072 bytes)

Tue, 25 Jun 2019 19:38:16 [line:102] INFO [    0.036310] TCP bind hash table entries: 16384 (order: 6, 262144 bytes)

Tue, 25 Jun 2019 19:38:16 [line:102] INFO [    0.036540] TCP: Hash tables configured (established 16384 bind 16384)

Tue, 25 Jun 2019 19:38:16 [line:102] INFO [    0.036647] UDP hash table entries: 1024 (order: 3, 32768 bytes)

Tue, 25 Jun 2019 19:38:16 [line:102] INFO [    0.036695] UDP-Lite hash table entries: 1024 (order: 3, 32768 bytes)

Tue, 25 Jun 2019 19:38:16 [line:102] INFO [    0.036849] NET: Registered protocol family 1

Tue, 25 Jun 2019 19:38:16 [line:102] INFO [    0.037125] RPC: Registered named UNIX socket transport module.

Tue, 25 Jun 2019 19:38:16 [line:102] INFO [    0.037133] RPC: Registered udp transport module.

Tue, 25 Jun 2019 19:38:16 [line:102] INFO [    0.037137] RPC: Registered tcp transport module.

Tue, 25 Jun 2019 19:38:16 [line:102] INFO [    0.037141] RPC: Registered tcp NFSv4.1 backchannel transport module.

Tue, 25 Jun 2019 19:38:16 [line:102] INFO [    0.037768] hw perfevents: enabled with armv8_pmuv3 PMU driver, 7 counters available

Tue, 25 Jun 2019 19:38:16 [line:102] INFO [    0.038782] workingset: timestamp_bits=62 max_order=19 bucket_order=0

Tue, 25 Jun 2019 19:38:16 [line:102] INFO [    0.039954] fuse init (API version 7.26)

Tue, 25 Jun 2019 19:38:16 [line:102] INFO [    0.040618] Block layer SCSI generic (bsg) driver version 0.4 loaded (major 248)

Tue, 25 Jun 2019 19:38:16 [line:102] INFO [    0.040627] io scheduler noop registered

Tue, 25 Jun 2019 19:38:16 [line:102] INFO [    0.040632] io scheduler deadline registered

Tue, 25 Jun 2019 19:38:16 [line:102] INFO [    0.040658] io scheduler cfq registered (default)

Tue, 25 Jun 2019 19:38:16 [line:102] INFO [    0.040663] io scheduler mq-deadline registered

Tue, 25 Jun 2019 19:38:16 [line:102] INFO [    0.040668] io scheduler kyber registered

Tue, 25 Jun 2019 19:38:16 [line:102] INFO [    0.041174] s32v234-siul2-pinctrl 4006c240.siul2-pinctrl: initialized s32 pinctrl driver

Tue, 25 Jun 2019 19:38:16 [line:102] INFO [    0.043617] s32v234-pcie 72ffc000.pcie: Configuring as RC

Tue, 25 Jun 2019 19:38:16 [line:102] INFO [    0.043701] s32v234-pcie 72ffc000.pcie: Allocated line 0 for interrupt 79

Tue, 25 Jun 2019 19:38:16 [line:102] INFO [    0.043713] OF: PCI: host bridge /pcie@0x72000000 ranges:

Tue, 25 Jun 2019 19:38:16 [line:102] INFO [    0.043726] OF: PCI:    IO 0x72f80000..0x72f8ffff -> 0x00000000

Tue, 25 Jun 2019 19:38:16 [line:102] INFO [    0.043735] OF: PCI:   MEM 0x72000000..0x72efffff -> 0x72000000

Tue, 25 Jun 2019 19:38:16 [line:102] INFO [    0.094361] s32v234-pcie 72ffc000.pcie: SOC revision: 0x10

Tue, 25 Jun 2019 19:38:16 [line:102] INFO [    1.094515] s32v234-pcie 72ffc000.pcie: phy link never came up

Tue, 25 Jun 2019 19:38:16 [line:102] INFO [    1.094527] s32v234-pcie 72ffc000.pcie: phy link never came up

Tue, 25 Jun 2019 19:38:16 [line:102] INFO [    1.094535] s32v234-pcie 72ffc000.pcie: DEBUG_R0: 0x00bd9a00, DEBUG_R1: 0x08200000

Tue, 25 Jun 2019 19:38:16 [line:102] INFO [    1.094741] s32v234-pcie 72ffc000.pcie: Failed to bring link up!

Tue, 25 Jun 2019 19:38:16 [line:102] INFO [    1.094870] s32v234-pcie 72ffc000.pcie: PCI host bridge to bus 0000:00

Tue, 25 Jun 2019 19:38:16 [line:102] INFO [    1.094881] pci_bus 0000:00: root bus resource [bus 00-ff]

Tue, 25 Jun 2019 19:38:16 [line:102] INFO [    1.094888] pci_bus 0000:00: root bus resource [io  0x0000-0xffff]

Tue, 25 Jun 2019 19:38:16 [line:102] INFO [    1.094895] pci_bus 0000:00: root bus resource [mem 0x72000000-0x72efffff]

Tue, 25 Jun 2019 19:38:16 [line:102] INFO [    1.095207] pci 0000:00:00.0: BAR 0: assigned [mem 0x72000000-0x720fffff 64bit]

Tue, 25 Jun 2019 19:38:16 [line:102] INFO [    1.095219] pci 0000:00:00.0: BAR 6: assigned [mem 0x72100000-0x7210ffff pref]

Tue, 25 Jun 2019 19:38:16 [line:102] INFO [    1.095228] pci 0000:00:00.0: PCI bridge to [bus 01-ff]

Tue, 25 Jun 2019 19:38:16 [line:102] INFO [    1.095470] pcieport 0000:00:00.0: Signaling PME with IRQ 85

Tue, 25 Jun 2019 19:38:16 [line:102] INFO [    1.095565] pcieport 0000:00:00.0: AER enabled with IRQ 85

Tue, 25 Jun 2019 19:38:16 [line:102] INFO [    1.096370] fsl_dcu 40028000.dcu: DCU: memory pool creation error

Tue, 25 Jun 2019 19:38:16 [line:102] INFO [    1.096379] fsl_dcu 40028000.dcu: DCU: using default surface memory space.

Tue, 25 Jun 2019 19:38:16 [line:102] INFO [    1.096958] fsl_dcu 40028000.dcu: Selected video mode on </dev/fb0> : <1920 x 1080>

Tue, 25 Jun 2019 19:38:16 [line:102] INFO [    1.097169] fsl_dcu 40028000.dcu: Selected video mode on </dev/fb1> : <1920 x 1080>

Tue, 25 Jun 2019 19:38:16 [line:102] INFO [    1.097378] fsl_dcu 40028000.dcu: Selected video mode on </dev/fb2> : <1920 x 1080>

Tue, 25 Jun 2019 19:38:16 [line:102] INFO [    1.097577] fsl_dcu 40028000.dcu: Selected video mode on </dev/fb3> : <1920 x 1080>

Tue, 25 Jun 2019 19:38:16 [line:102] INFO [    1.097776] fsl_dcu 40028000.dcu: Selected video mode on </dev/fb4> : <1920 x 1080>

Tue, 25 Jun 2019 19:38:16 [line:102] INFO [    1.098045] fsl_dcu 40028000.dcu: Selected video mode on </dev/fb5> : <1920 x 1080>

Tue, 25 Jun 2019 19:38:16 [line:102] INFO [    1.098248] fsl_dcu 40028000.dcu: Selected video mode on </dev/fb6> : <1920 x 1080>

Tue, 25 Jun 2019 19:38:16 [line:102] INFO [    1.098446] fsl_dcu 40028000.dcu: Selected video mode on </dev/fb7> : <1920 x 1080>

Tue, 25 Jun 2019 19:38:16 [line:102] INFO [    1.099251] 40053000.serial: ttyLF0 at MMIO 0x40053000 (irq = 24, base_baud = 4166666) is a FSL_LINFLEX

Tue, 25 Jun 2019 19:38:16 [line:102] INFO [    1.915311] console [ttyLF0] enabled

Tue, 25 Jun 2019 19:38:16 [line:102] INFO [    1.919325] 400bc000.serial: ttyLF1 at MMIO 0x400bc000 (irq = 42, base_baud = 4166666) is a FSL_LINFLEX

Tue, 25 Jun 2019 19:38:17 [line:102] INFO [    1.928922] fsl-linflexuart 400bc000.serial: DMA tx channel request failed, operating without tx DMA

Tue, 25 Jun 2019 19:38:17 [line:102] INFO [    1.938132] fsl-linflexuart 400bc000.serial: DMA rx channel request failed, operating without rx DMA

Tue, 25 Jun 2019 19:38:17 [line:102] INFO [    1.947842] cacheinfo: Unable to detect cache hierarchy for CPU 0

Tue, 25 Jun 2019 19:38:17 [line:102] INFO [    1.958627] loop: module loaded

Tue, 25 Jun 2019 19:38:17 [line:102] INFO [    1.962808] num_chipselect =8 

Tue, 25 Jun 2019 19:38:17 [line:102] INFO [    1.962813] bus_num =0 

Tue, 25 Jun 2019 19:38:17 [line:102] INFO [    1.966008] fsl-dspi 40057000.spi: owen register platform irq =26

Tue, 25 Jun 2019 19:38:17 [line:102] INFO [    1.974836] cs_sck_delay=0

Tue, 25 Jun 2019 19:38:17 [line:102] INFO [    1.977555] pcssck=0, cssck=0

Tue, 25 Jun 2019 19:38:17 [line:102] INFO [    1.980549] pasc=0, asc=0

Tue, 25 Jun 2019 19:38:17 [line:102] INFO [    1.983187] get pcssck=1, cssck=4

Tue, 25 Jun 2019 19:38:17 [line:102] INFO [    1.986778]   owen iory devm_gpio_request_one try

Tue, 25 Jun 2019 19:38:17 [line:102] INFO [    1.991586] owen iory devm_gpio_request_one ok

Tue, 25 Jun 2019 19:38:17 [line:102] INFO [    1.996063] owen iory try  pSPI_gpio

Tue, 25 Jun 2019 19:38:17 [line:102] INFO [    1.999708] cs_sck_delay=0

Tue, 25 Jun 2019 19:38:17 [line:102] INFO [    2.002439] pcssck=0, cssck=0

Tue, 25 Jun 2019 19:38:17 [line:102] INFO [    2.005420] pasc=0, asc=0

Tue, 25 Jun 2019 19:38:17 [line:102] INFO [    2.008057] get pcssck=1, cssck=4

Tue, 25 Jun 2019 19:38:17 [line:102] INFO [    2.011667] cs_sck_delay=100

Tue, 25 Jun 2019 19:38:17 [line:102] INFO [    2.014575] pcssck=3, cssck=0

Tue, 25 Jun 2019 19:38:17 [line:102] INFO [    2.017556] pasc=3, asc=0

Tue, 25 Jun 2019 19:38:17 [line:102] INFO [    2.020194] get pcssck=1, cssck=4

Tue, 25 Jun 2019 19:38:17 [line:102] INFO [    2.023662] cs_sck_delay=100

Tue, 25 Jun 2019 19:38:17 [line:102] INFO [    2.026564] pcssck=3, cssck=0

Tue, 25 Jun 2019 19:38:17 [line:102] INFO [    2.029544] pasc=3, asc=0

Tue, 25 Jun 2019 19:38:17 [line:102] INFO [    2.032182] get pcssck=1, cssck=4

Tue, 25 Jun 2019 19:38:17 [line:102] INFO [    2.035632] cs_sck_delay=0

Tue, 25 Jun 2019 19:38:17 [line:102] INFO [    2.038359] pcssck=0, cssck=0

Tue, 25 Jun 2019 19:38:17 [line:102] INFO [    2.041340] pasc=0, asc=0

Tue, 25 Jun 2019 19:38:17 [line:102] INFO [    2.043977] get pcssck=1, cssck=4

Tue, 25 Jun 2019 19:38:17 [line:102] INFO [    2.047847] num_chipselect =4 

Tue, 25 Jun 2019 19:38:17 [line:102] INFO [    2.047850] bus_num =1 

Tue, 25 Jun 2019 19:38:17 [line:102] INFO [    2.051039] fsl-dspi 400c0000.spi: owen register platform irq =44

Tue, 25 Jun 2019 19:38:17 [line:102] INFO [    2.059707] owen dspi_request_dma 9

Tue, 25 Jun 2019 19:38:17 [line:102] INFO [    2.063515] cs_sck_delay=0

Tue, 25 Jun 2019 19:38:17 [line:102] INFO [    2.066246] pcssck=0, cssck=0

Tue, 25 Jun 2019 19:38:17 [line:102] INFO [    2.069227] pasc=0, asc=0

Tue, 25 Jun 2019 19:38:17 [line:102] INFO [    2.071865] get pcssck=1, cssck=4

Tue, 25 Jun 2019 19:38:17 [line:102] INFO [    2.075677] num_chipselect =4 

Tue, 25 Jun 2019 19:38:17 [line:102] INFO [    2.075680] bus_num =3 

Tue, 25 Jun 2019 19:38:17 [line:102] INFO [    2.078869] fsl-dspi 400c2000.spi: owen register platform irq =45

Tue, 25 Jun 2019 19:38:17 [line:102] INFO [    2.087537] owen dspi_request_dma 9

Tue, 25 Jun 2019 19:38:17 [line:102] INFO [    2.091347] cs_sck_delay=0

Tue, 25 Jun 2019 19:38:17 [line:102] INFO [    2.094078] pcssck=0, cssck=0

Tue, 25 Jun 2019 19:38:17 [line:102] INFO [    2.097059] pasc=0, asc=0

Tue, 25 Jun 2019 19:38:17 [line:102] INFO [    2.099697] get pcssck=1, cssck=4

Tue, 25 Jun 2019 19:38:17 [line:102] INFO [    2.104272] libphy: Fixed MDIO Bus: probed

Tue, 25 Jun 2019 19:38:17 [line:102] INFO [    2.108765] tun: Universal TUN/TAP device driver, 1.6

Tue, 25 Jun 2019 19:38:17 [line:102] INFO [    2.113981] vcan: Virtual CAN interface driver

Tue, 25 Jun 2019 19:38:17 [line:102] INFO [    2.118465] slcan: serial line CAN interface driver

Tue, 25 Jun 2019 19:38:17 [line:102] INFO [    2.123380] slcan: 10 dynamic interface channels.

Tue, 25 Jun 2019 19:38:17 [line:102] INFO [    2.128119] CAN device driver interface

Tue, 25 Jun 2019 19:38:17 [line:102] INFO [    2.132633] flexcan 40055000.flexcan: device registered (reg_base=ffffff800891d000, irq=25)

Tue, 25 Jun 2019 19:38:17 [line:102] INFO [    2.141694] flexcan 400be000.flexcan: device registered (reg_base=ffffff8008925000, irq=43)

Tue, 25 Jun 2019 19:38:17 [line:102] INFO [    2.152252] libphy: fec_enet_mii_bus: probed

Tue, 25 Jun 2019 19:38:17 [line:102] INFO [    2.158837] fec 40032000.ethernet eth0: registered PHC device 0

Tue, 25 Jun 2019 19:38:17 [line:102] INFO [    2.165304] ehci_hcd: USB 2.0 'Enhanced' Host Controller (EHCI) Driver

Tue, 25 Jun 2019 19:38:17 [line:102] INFO [    2.171892] ehci-pci: EHCI PCI platform driver

Tue, 25 Jun 2019 19:38:17 [line:102] INFO [    2.176425] ehci-platform: EHCI generic platform driver

Tue, 25 Jun 2019 19:38:17 [line:102] INFO [    2.181831] ohci_hcd: USB 1.1 'Open' Host Controller (OHCI) Driver

Tue, 25 Jun 2019 19:38:17 [line:102] INFO [    2.188070] ohci-pci: OHCI PCI platform driver

Tue, 25 Jun 2019 19:38:17 [line:102] INFO [    2.192579] ohci-platform: OHCI generic platform driver

Tue, 25 Jun 2019 19:38:17 [line:102] INFO [    2.198238] usbcore: registered new interface driver usb-storage

Tue, 25 Jun 2019 19:38:17 [line:102] INFO [    2.204505] i2c /dev entries driver

Tue, 25 Jun 2019 19:38:17 [line:102] INFO [    2.208080] IR NEC protocol handler initialized

Tue, 25 Jun 2019 19:38:17 [line:102] INFO [    2.212645] IR RC5(x/sz) protocol handler initialized

Tue, 25 Jun 2019 19:38:17 [line:102] INFO [    2.217733] IR RC6 protocol handler initialized

Tue, 25 Jun 2019 19:38:17 [line:102] INFO [    2.222300] IR JVC protocol handler initialized

Tue, 25 Jun 2019 19:38:17 [line:102] INFO [    2.226863] IR Sony protocol handler initialized

Tue, 25 Jun 2019 19:38:17 [line:102] INFO [    2.231512] IR SANYO protocol handler initialized

Tue, 25 Jun 2019 19:38:17 [line:102] INFO [    2.236249] IR Sharp protocol handler initialized

Tue, 25 Jun 2019 19:38:17 [line:102] INFO [    2.240985] IR MCE Keyboard/mouse protocol handler initialized

Tue, 25 Jun 2019 19:38:17 [line:102] INFO [    2.246859] IR XMP protocol handler initialized

Tue, 25 Jun 2019 19:38:17 [line:102] INFO [    2.251748] pps pps0: new PPS source 0.pps.-1

Tue, 25 Jun 2019 19:38:17 [line:102] INFO [    2.256183] pps pps0: Registered IRQ 119 as PPS source

Tue, 25 Jun 2019 19:38:17 [line:102] INFO [    2.262123] sac58r-wdt 4000a000.swt: SAC58R/S32V234 Watchdog Timer Registered. timeout=30s (nowayout=0)

Tue, 25 Jun 2019 19:38:17 [line:102] INFO [    2.271793] sac58r-wdt 4000b000.swt: SAC58R/S32V234 Watchdog Timer Registered. timeout=30s (nowayout=0)

Tue, 25 Jun 2019 19:38:17 [line:102] INFO [    2.281508] sac58r-wdt 40084000.swt: SAC58R/S32V234 Watchdog Timer Registered. timeout=30s (nowayout=0)

Tue, 25 Jun 2019 19:38:17 [line:102] INFO [    2.291158] sac58r-wdt 40085000.swt: SAC58R/S32V234 Watchdog Timer Registered. timeout=30s (nowayout=0)

Tue, 25 Jun 2019 19:38:17 [line:102] INFO [    2.300943] sdhci: Secure Digital Host Controller Interface driver

Tue, 25 Jun 2019 19:38:17 [line:102] INFO [    2.307172] sdhci: Copyright(c) Pierre Ossman

Tue, 25 Jun 2019 19:38:17 [line:102] INFO [    2.311560] sdhci-pltfm: SDHCI platform and OF driver helper

Tue, 25 Jun 2019 19:38:17 [line:102] INFO [    2.361821] mmc0: SDHCI controller on 4005d000.usdhc [4005d000.usdhc] using ADMA

Tue, 25 Jun 2019 19:38:17 [line:102] INFO [    2.369663] usbcore: registered new interface driver usbhid

Tue, 25 Jun 2019 19:38:17 [line:102] INFO [    2.375284] usbhid: USB HID core driver

Tue, 25 Jun 2019 19:38:17 [line:102] INFO [    2.391081] NET: Registered protocol family 10

Tue, 25 Jun 2019 19:38:17 [line:102] INFO [    2.396133] Segment Routing with IPv6

Tue, 25 Jun 2019 19:38:17 [line:102] INFO [    2.399872] sit: IPv6, IPv4 and MPLS over IPv4 tunneling driver

Tue, 25 Jun 2019 19:38:17 [line:102] INFO [    2.406256] NET: Registered protocol family 17

Tue, 25 Jun 2019 19:38:17 [line:102] INFO [    2.410747] can: controller area network core (rev 20170425 abi 9)

Tue, 25 Jun 2019 19:38:17 [line:102] INFO [    2.417013] NET: Registered protocol family 29

Tue, 25 Jun 2019 19:38:17 [line:102] INFO [    2.417500] mmc0: new DDR MMC card at address 0001

Tue, 25 Jun 2019 19:38:17 [line:102] INFO [    2.417793] mmcblk0: mmc0:0001 S0J57X 29.6 GiB 

Tue, 25 Jun 2019 19:38:17 [line:102] INFO [    2.417905] mmcblk0boot0: mmc0:0001 S0J57X partition 1 31.5 MiB

Tue, 25 Jun 2019 19:38:17 [line:102] INFO [    2.417996] mmcblk0boot1: mmc0:0001 S0J57X partition 2 31.5 MiB

Tue, 25 Jun 2019 19:38:17 [line:102] INFO [    2.418094] mmcblk0rpmb: mmc0:0001 S0J57X partition 3 4.00 MiB

Tue, 25 Jun 2019 19:38:17 [line:102] INFO [    2.418958]  mmcblk0: p1 p2 p3 p4

Tue, 25 Jun 2019 19:38:17 [line:102] INFO [    2.419208] mmcblk0: p4 size 1755107328 extends beyond EOD, truncated

Tue, 25 Jun 2019 19:38:17 [line:102] INFO [    2.458527] can: raw protocol (rev 20170425)

Tue, 25 Jun 2019 19:38:17 [line:102] INFO [    2.462829] can: broadcast manager protocol (rev 20170425 t)

Tue, 25 Jun 2019 19:38:17 [line:102] INFO [    2.468538] can: netlink gateway (rev 20170425) max_hops=1

Tue, 25 Jun 2019 19:38:17 [line:102] INFO [    2.474107] Key type dns_resolver registered

Tue, 25 Jun 2019 19:38:17 [line:102] INFO [    2.478842] registered taskstats version 1

Tue, 25 Jun 2019 19:38:17 [line:102] INFO [    2.486360] i2c i2c-0: IMX I2C adapter registered

Tue, 25 Jun 2019 19:38:17 [line:102] INFO [    2.491137] i2c i2c-0: using dma0chan2 (tx) and dma0chan3 (rx) for DMA transfers

Tue, 25 Jun 2019 19:38:17 [line:102] INFO [    2.499405] sii902x 1-0039: cound not find device

Tue, 25 Jun 2019 19:38:17 [line:102] INFO [    2.504165] sii902x: probe of 1-0039 failed with error -11

Tue, 25 Jun 2019 19:38:17 [line:102] INFO [    2.509839] i2c i2c-1: IMX I2C adapter registered

Tue, 25 Jun 2019 19:38:17 [line:102] INFO [    2.514604] i2c i2c-1: using dma0chan20 (tx) and dma0chan21 (rx) for DMA transfers

Tue, 25 Jun 2019 19:38:17 [line:102] INFO [    2.522718] i2c i2c-2: IMX I2C adapter registered

Tue, 25 Jun 2019 19:38:17 [line:102] INFO [    2.527496] i2c i2c-2: using dma0chan22 (tx) and dma0chan23 (rx) for DMA transfers

Tue, 25 Jun 2019 19:38:17 [line:102] INFO [    2.535240] hctosys: unable to open rtc device (rtc0)

Tue, 25 Jun 2019 19:38:17 [line:102] INFO [    2.545311] EXT4-fs (mmcblk0p2): couldn't mount as ext3 due to feature incompatibilities

Tue, 25 Jun 2019 19:38:17 [line:102] INFO [    2.565058] EXT4-fs (mmcblk0p2): recovery complete

Tue, 25 Jun 2019 19:38:17 [line:102] INFO [    2.570295] EXT4-fs (mmcblk0p2): mounted filesystem with ordered data mode. Opts: (null)

Tue, 25 Jun 2019 19:38:17 [line:102] INFO [    2.578054] VFS: Mounted root (ext4 filesystem) on device 179:2.

Tue, 25 Jun 2019 19:38:17 [line:102] INFO [    2.584392] devtmpfs: mounted

Tue, 25 Jun 2019 19:38:17 [line:102] INFO [    2.587196] Freeing unused kernel memory: 384K

Tue, 25 Jun 2019 19:38:17 [line:102] INFO INIT: version 2.88 booting

Tue, 25 Jun 2019 19:38:17 [line:102] INFO Starting udev

Tue, 25 Jun 2019 19:38:17 [line:102] INFO [    2.912803] udevd[791]: starting version 3.2.2

Tue, 25 Jun 2019 19:38:18 [line:102] INFO [    2.946515] udevd[792]: starting eudev-3.2.2

Tue, 25 Jun 2019 19:38:18 [line:102] INFO [    3.019730] 

Tue, 25 Jun 2019 19:38:18 [line:102] INFO [    3.019730] [I]6<BS_LOG><smi_gyro_probe><1642>function entrance

Tue, 25 Jun 2019 19:38:18 [line:102] INFO [    3.149049] smi130_gyro 1-0068: I2C xfer error

Tue, 25 Jun 2019 19:38:18 [line:102] INFO [    3.153165] 

Tue, 25 Jun 2019 19:38:18 [line:102] INFO [    3.153165] [I]6<BS_LOG><smi_gyro_check_chip_id><392>read chip id result: 0x0

Tue, 25 Jun 2019 19:38:18 [line:102] INFO [    3.279926] smi130_gyro 1-0068: I2C xfer error

Tue, 25 Jun 2019 19:38:18 [line:102] INFO [    3.284027] 

Tue, 25 Jun 2019 19:38:18 [line:102] INFO [    3.284027] [I]6<BS_LOG><smi_gyro_check_chip_id><392>read chip id result: 0x0

Tue, 25 Jun 2019 19:38:18 [line:102] INFO [    3.410323] smi130_gyro 1-0068: I2C xfer error

Tue, 25 Jun 2019 19:38:18 [line:102] INFO [    3.414414] 

Tue, 25 Jun 2019 19:38:18 [line:102] INFO [    3.414414] [I]6<BS_LOG><smi_gyro_check_chip_id><392>read chip id result: 0x0

Tue, 25 Jun 2019 19:38:18 [line:102] INFO [    3.540712] smi130_gyro 1-0068: I2C xfer error

Tue, 25 Jun 2019 19:38:18 [line:102] INFO [    3.544807] 

Tue, 25 Jun 2019 19:38:18 [line:102] INFO [    3.544807] [I]6<BS_LOG><smi_gyro_check_chip_id><392>read chip id result: 0x0

Tue, 25 Jun 2019 19:38:18 [line:102] INFO [    3.671116] smi130_gyro 1-0068: I2C xfer error

Tue, 25 Jun 2019 19:38:18 [line:102] INFO [    3.675210] 

Tue, 25 Jun 2019 19:38:18 [line:102] INFO [    3.675210] [I]6<BS_LOG><smi_gyro_check_chip_id><392>read chip id result: 0x0

Tue, 25 Jun 2019 19:38:18 [line:102] INFO [    3.684877] 

Tue, 25 Jun 2019 19:38:18 [line:102] INFO [    3.684877] [E]3<BS_LOG><smi_gyro_probe><1663>Bosch Sensortec Device not found, chip id mismatch

Tue, 25 Jun 2019 19:38:18 [line:102] INFO [    3.694874] smi130_gyro: probe of 1-0068 failed with error -1

Tue, 25 Jun 2019 19:38:18 [line:102] INFO [    3.700717] 

Tue, 25 Jun 2019 19:38:18 [line:102] INFO [    3.700717] [I]6<BS_LOG><smi130_acc_probe><7022>smi130_acc_probe start

Tue, 25 Jun 2019 19:38:18 [line:102] INFO [    3.700717] 

Tue, 25 Jun 2019 19:38:18 [line:102] INFO [    3.826738] 

Tue, 25 Jun 2019 19:38:18 [line:102] INFO [    3.826738] [E]3<BS_LOG><smi130_acc_smbus_read_byte><1748>I2C xfer error

Tue, 25 Jun 2019 19:38:18 [line:102] INFO [    3.834646] 

Tue, 25 Jun 2019 19:38:18 [line:102] INFO [    3.834646] [E]3<BS_LOG><smi130_acc_check_chip_id><1907>Bosch Sensortec Device not found

Tue, 25 Jun 2019 19:38:18 [line:102] INFO [    3.834646] 

Tue, 25 Jun 2019 19:38:18 [line:102] INFO [    3.834646] i2c bus read error, read chip_id:0

Tue, 25 Jun 2019 19:38:18 [line:102] INFO [    3.834646] 

Tue, 25 Jun 2019 19:38:19 [line:102] INFO [    3.968305] 

Tue, 25 Jun 2019 19:38:19 [line:102] INFO [    3.968305] [E]3<BS_LOG><smi130_acc_smbus_read_byte><1748>I2C xfer error

Tue, 25 Jun 2019 19:38:19 [line:102] INFO [    3.976211] 

Tue, 25 Jun 2019 19:38:19 [line:102] INFO [    3.976211] [E]3<BS_LOG><smi130_acc_check_chip_id><1907>Bosch Sensortec Device not found

Tue, 25 Jun 2019 19:38:19 [line:102] INFO [    3.976211] 

Tue, 25 Jun 2019 19:38:19 [line:102] INFO [    3.976211] i2c bus read error, read chip_id:0

Tue, 25 Jun 2019 19:38:19 [line:102] INFO [    3.976211] 

Tue, 25 Jun 2019 19:38:19 [line:102] INFO [    4.109828] 

Tue, 25 Jun 2019 19:38:19 [line:102] INFO [    4.109828] [E]3<BS_LOG><smi130_acc_smbus_read_byte><1748>I2C xfer error

Tue, 25 Jun 2019 19:38:19 [line:102] INFO [    4.117734] 

Tue, 25 Jun 2019 19:38:19 [line:102] INFO [    4.117734] [E]3<BS_LOG><smi130_acc_check_chip_id><1907>Bosch Sensortec Device not found

Tue, 25 Jun 2019 19:38:19 [line:102] INFO [    4.117734] 

Tue, 25 Jun 2019 19:38:19 [line:102] INFO [    4.117734] i2c bus read error, read chip_id:0

Tue, 25 Jun 2019 19:38:19 [line:102] INFO [    4.117734] 

Tue, 25 Jun 2019 19:38:19 [line:102] INFO [    4.251313] 

Tue, 25 Jun 2019 19:38:19 [line:102] INFO [    4.251313] [E]3<BS_LOG><smi130_acc_smbus_read_byte><1748>I2C xfer error

Tue, 25 Jun 2019 19:38:19 [line:102] INFO [    4.259215] 

Tue, 25 Jun 2019 19:38:19 [line:102] INFO [    4.259215] [E]3<BS_LOG><smi130_acc_check_chip_id><1907>Bosch Sensortec Device not found

Tue, 25 Jun 2019 19:38:19 [line:102] INFO [    4.259215] 

Tue, 25 Jun 2019 19:38:19 [line:102] INFO [    4.259215] i2c bus read error, read chip_id:0

Tue, 25 Jun 2019 19:38:19 [line:102] INFO [    4.259215] 

Tue, 25 Jun 2019 19:38:19 [line:102] INFO [    4.392779] 

Tue, 25 Jun 2019 19:38:19 [line:102] INFO [    4.392779] [E]3<BS_LOG><smi130_acc_smbus_read_byte><1748>I2C xfer error

Tue, 25 Jun 2019 19:38:19 [line:102] INFO [    4.400682] 

Tue, 25 Jun 2019 19:38:19 [line:102] INFO [    4.400682] [E]3<BS_LOG><smi130_acc_check_chip_id><1907>Bosch Sensortec Device not found

Tue, 25 Jun 2019 19:38:19 [line:102] INFO [    4.400682] 

Tue, 25 Jun 2019 19:38:19 [line:102] INFO [    4.400682] i2c bus read error, read chip_id:0

Tue, 25 Jun 2019 19:38:19 [line:102] INFO [    4.400682] 

Tue, 25 Jun 2019 19:38:19 [line:102] INFO [    4.539236] 

Tue, 25 Jun 2019 19:38:19 [line:102] INFO [    4.539236] [E]3<BS_LOG><smi130_acc_smbus_write_byte><1809>I2C xfer error

Tue, 25 Jun 2019 19:38:19 [line:102] INFO [    4.547226] 

Tue, 25 Jun 2019 19:38:19 [line:102] INFO [    4.547226] [E]3<BS_LOG><smi130_acc_probe><7044>i2c bus write error, pls check HW connection

Tue, 25 Jun 2019 19:38:19 [line:102] INFO [    4.547226] 

Tue, 25 Jun 2019 19:38:19 [line:102] INFO [    4.558667] smi130_acc: probe of 1-0018 failed with error -22

Tue, 25 Jun 2019 19:38:19 [line:102] INFO [    4.603669] loading NXP PHY driver: [autonomous mode]

Tue, 25 Jun 2019 19:38:19 [line:102] INFO [    4.682609] sja1105pqrs: loading out-of-tree module taints kernel.

Tue, 25 Jun 2019 19:38:19 [line:102] INFO [    4.690057] sja1105pqrs spi0.0: Loading SJA1105P SPI driver

Tue, 25 Jun 2019 19:38:19 [line:102] INFO [    4.695293] cs_sck_delay=100

Tue, 25 Jun 2019 19:38:19 [line:102] INFO [    4.698136] pcssck=3, cssck=0

Tue, 25 Jun 2019 19:38:19 [line:102] INFO [    4.701071] pasc=3, asc=0

Tue, 25 Jun 2019 19:38:19 [line:102] INFO [    4.703678] get pcssck=1, cssck=4

Tue, 25 Jun 2019 19:38:19 [line:102] INFO [    4.707007] eoq_write 8

Tue, 25 Jun 2019 19:38:19 [line:102] INFO [    4.707027] owen dspi_eoq_read rx_bytes_count = 8, rx_frames_count = 4

Tue, 25 Jun 2019 19:38:19 [line:102] INFO [    4.707029] 		88

Tue, 25 Jun 2019 19:38:19 [line:102] INFO [    4.707030] 		38

Tue, 25 Jun 2019 19:38:19 [line:102] INFO [    4.707032] 		2

Tue, 25 Jun 2019 19:38:19 [line:102] INFO [    4.707033] 		b

Tue, 25 Jun 2019 19:38:19 [line:102] INFO [    4.707034] 		80

Tue, 25 Jun 2019 19:38:19 [line:102] INFO [    4.707035] 		ff

Tue, 25 Jun 2019 19:38:19 [line:102] INFO [    4.707036] 		ff

Tue, 25 Jun 2019 19:38:19 [line:102] INFO [    4.707037] 		ff

Tue, 25 Jun 2019 19:38:19 [line:102] INFO [    4.707038] 

Tue, 25 Jun 2019 19:38:19 [line:102] INFO [    4.731755] sja1105pqrs spi0.0: SJA1105P invalid Device Id, is 00000000

Tue, 25 Jun 2019 19:38:19 [line:102] INFO [    4.738329] sja1105pqrs spi0.0: SJA1105P SPI Failed to read Device Id

Tue, 25 Jun 2019 19:38:19 [line:102] INFO [    4.744801] sja1105pqrs spi0.5: Loading SJA1105P SPI driver

Tue, 25 Jun 2019 19:38:19 [line:102] INFO [    4.750283] cs_sck_delay=100

Tue, 25 Jun 2019 19:38:19 [line:102] INFO [    4.753128] pcssck=3, cssck=0

Tue, 25 Jun 2019 19:38:19 [line:102] INFO [    4.756082] pasc=3, asc=0

Tue, 25 Jun 2019 19:38:19 [line:102] INFO [    4.758681] get pcssck=1, cssck=4

Tue, 25 Jun 2019 19:38:19 [line:102] INFO [    4.761999] eoq_write 8

Tue, 25 Jun 2019 19:38:19 [line:102] INFO [    4.762016] owen dspi_eoq_read rx_bytes_count = 8, rx_frames_count = 4

Tue, 25 Jun 2019 19:38:19 [line:102] INFO [    4.762017] 		88

Tue, 25 Jun 2019 19:38:19 [line:102] INFO [    4.762019] 		38

Tue, 25 Jun 2019 19:38:19 [line:102] INFO [    4.762020] 		2

Tue, 25 Jun 2019 19:38:19 [line:102] INFO [    4.762021] 		b

Tue, 25 Jun 2019 19:38:19 [line:102] INFO [    4.762022] 		80

Tue, 25 Jun 2019 19:38:19 [line:102] INFO [    4.762023] 		ff

Tue, 25 Jun 2019 19:38:19 [line:102] INFO [    4.762024] 		ff

Tue, 25 Jun 2019 19:38:19 [line:102] INFO [    4.762025] 		ff

Tue, 25 Jun 2019 19:38:19 [line:102] INFO [    4.762026] 

Tue, 25 Jun 2019 19:38:19 [line:102] INFO [    4.786778] sja1105pqrs spi0.5: SJA1105P invalid Device Id, is 00000000

Tue, 25 Jun 2019 19:38:19 [line:102] INFO [    4.793337] sja1105pqrs spi0.5: SJA1105P SPI Failed to read Device Id

Tue, 25 Jun 2019 19:38:19 [line:102] INFO [    4.820069] EXT4-fs (mmcblk0p2): re-mounted. Opts: (null)

Tue, 25 Jun 2019 19:38:21 [line:102] INFO speed 38400 baud; rows 0; columns 0; line = 0;

Tue, 25 Jun 2019 19:38:21 [line:102] INFO intr = ^C; quit = ^\; erase = ^?; kill = ^U; eof = ^D; eol = <undef>;

Tue, 25 Jun 2019 19:38:21 [line:102] INFO eol2 = <undef>; swtch = <undef>; start = ^Q; stop = ^S; susp = ^Z; rprnt = ^R;

Tue, 25 Jun 2019 19:38:21 [line:102] INFO werase = ^W; lnext = ^V; discard = ^O; min = 1; time = 0;

Tue, 25 Jun 2019 19:38:21 [line:102] INFO -parenb -parodd -cmspar cs8 hupcl -cstopb cread clocal -crtscts

Tue, 25 Jun 2019 19:38:21 [line:102] INFO -ignbrk -brkint -ignpar -parmrk -inpck -istrip -inlcr -igncr icrnl ixon -ixoff

Tue, 25 Jun 2019 19:38:21 [line:102] INFO -iuclc -ixany -imaxbel -iutf8

Tue, 25 Jun 2019 19:38:21 [line:102] INFO opost -olcuc -ocrnl onlcr -onocr -onlret -ofill -ofdel nl0 cr0 tab0 bs0 vt0 ff0

Tue, 25 Jun 2019 19:38:21 [line:102] INFO isig icanon iexten echo echoe echok -echonl -noflsh -xcase -tostop -echoprt

Tue, 25 Jun 2019 19:38:21 [line:102] INFO echoctl echoke -flusho -extproc

Tue, 25 Jun 2019 19:38:22 [line:102] INFO [    7.062567] IPv6: ADDRCONF(NETDEV_CHANGE): can0: link becomes ready

Tue, 25 Jun 2019 19:38:22 [line:102] INFO [    7.071817] IPv6: ADDRCONF(NETDEV_CHANGE): can1: link becomes ready

Tue, 25 Jun 2019 19:38:24 [line:102] INFO 1970-01-01T00:00:09Z chronyd version 2.4 starting (+CMDMON +NTP +REFCLOCK +RTC -PRIVDROP -SCFILTER -SECHASH +ASYNCDNS +IPV6 -DEBUG)

Tue, 25 Jun 2019 19:38:24 [line:102] INFO 1970-01-01T00:00:09Z Setting filter length for PPS0 to 1

Tue, 25 Jun 2019 19:38:24 [line:102] INFO 1970-01-01T00:00:09Z Could not create directory /var/log : File exists

Tue, 25 Jun 2019 19:38:24 [line:102] INFO 1970-01-01T00:00:09Z Couldn't open logfile /var/log/chrony/tracking.log for update

Tue, 25 Jun 2019 19:38:26 [line:102] INFO [   11.097918] pcieport 0000:00:00.0: BAR 8: assigned [mem 0x72200000-0x722fffff]

Tue, 25 Jun 2019 19:38:26 [line:102] INFO [   11.104792] pci 0000:01:00.0: BAR 0: assigned [mem 0x72200000-0x72200fff 64bit]

Tue, 25 Jun 2019 19:38:26 [line:102] INFO [   11.112087] pci 0000:01:00.0: BAR 2: assigned [mem 0x72201000-0x72201fff 64bit]

Tue, 25 Jun 2019 19:38:26 [line:102] INFO [   11.119512] mhi 0000:01:00.0: BAR 0: assigned [mem 0x72200000-0x72200fff 64bit]

Tue, 25 Jun 2019 19:38:26 [line:102] INFO [   11.126642] mhi 0000:01:00.0: enabling device (0000 -> 0002)

Tue, 25 Jun 2019 19:38:26 [line:102] INFO 00:00.0 PCI bridge: Freescale Semiconductor Inc Device 4001 (rev 01)

Tue, 25 Jun 2019 19:38:26 [line:102] INFO 01:00.0 Unassigned class [ff00]: Qualcomm Device 0302

Tue, 25 Jun 2019 19:38:27 [line:102] INFO   Service Version Instance Node  Port

Tue, 25 Jun 2019 19:38:27 [line:102] INFO        10       2        0    3    55 Card Application Toolkit service (v2)

Tue, 25 Jun 2019 19:38:27 [line:102] INFO        41       1        1    3    29 RF radiated performance enhancement service

Tue, 25 Jun 2019 19:38:27 [line:102] INFO         5       1        0    3    58 Wireless Messaging Service

Tue, 25 Jun 2019 19:38:27 [line:102] INFO         9       2        0    3    45 Voice service

Tue, 25 Jun 2019 19:38:27 [line:102] INFO        34       1        0    3    32 Coexistence service

Tue, 25 Jun 2019 19:38:27 [line:102] INFO        48       1        0    3    61 <unknown>

Tue, 25 Jun 2019 19:38:27 [line:102] INFO         1       1        0    3    48 Wireless Data Service

Tue, 25 Jun 2019 19:38:27 [line:102] INFO        21       1        0    3     9 Modem embedded file system service

Tue, 25 Jun 2019 19:38:27 [line:102] INFO         7       1        0    3    51 Authentication service

Tue, 25 Jun 2019 19:38:27 [line:102] INFO      4097       3        0    3    25 DIAG service

Tue, 25 Jun 2019 19:38:27 [line:102] INFO        22       1        0    3    12 Time service

Tue, 25 Jun 2019 19:38:27 [line:102] INFO        47       1        0    3    54 <unknown>

Tue, 25 Jun 2019 19:38:27 [line:102] INFO        55       1        2    3    41 <unknown>

Tue, 25 Jun 2019 19:38:27 [line:102] INFO        17       1        0    3    28 Service access proxy service

Tue, 25 Jun 2019 19:38:27 [line:102] INFO        49       1        2    3    15 IPA control service

Tue, 25 Jun 2019 19:38:27 [line:102] INFO        11       1        0    3    57 User Identity Module service

Tue, 25 Jun 2019 19:38:27 [line:102] INFO        25       1        0    3    44 Service access proxy service

Tue, 25 Jun 2019 19:38:27 [line:102] INFO        54       1        0    3    18 <unknown>

Tue, 25 Jun 2019 19:38:27 [line:102] INFO         2       1        0    3    60 Device Management Service

Tue, 25 Jun 2019 19:38:27 [line:102] INFO        12       1        0    3    47 Phonebook Management service

Tue, 25 Jun 2019 19:38:27 [line:102] INFO      4097       1        0    3    21 DIAG service

Tue, 25 Jun 2019 19:38:27 [line:102] INFO       227       1        0    3     8 <unknown>

Tue, 25 Jun 2019 19:38:27 [line:102] INFO        16       2        0    3    63 Location service (~ PDS v2)

Tue, 25 Jun 2019 19:38:27 [line:102] INFO        26       1        0    3    50 Wireless data administrative service

Tue, 25 Jun 2019 19:38:27 [line:102] INFO        23       1        0    3    11 Thermal sensors service

Tue, 25 Jun 2019 19:38:27 [line:102] INFO        71       1        0    3    66 <unknown>

Tue, 25 Jun 2019 19:38:27 [line:102] INFO        29       1        0    3    53 Circuit switched videotelephony service

Tue, 25 Jun 2019 19:38:27 [line:102] INFO        36       1        0    3    14 Persistent device configuration service

Tue, 25 Jun 2019 19:38:27 [line:102] INFO        66       1      165    3     1 Service registry notification service

Tue, 25 Jun 2019 19:38:27 [line:102] INFO        43       2       34    3     4 Subsystem control service

Tue, 25 Jun 2019 19:38:27 [line:102] INFO        42       1        0    3    59 Data system determination service

Tue, 25 Jun 2019 19:38:27 [line:102] INFO         3       1        0    3    46 Network Access Service

Tue, 25 Jun 2019 19:38:27 [line:102] INFO        15       1        0    3     7 Test service

Tue, 25 Jun 2019 19:38:27 [line:102] INFO        68       1        0    3    62 <unknown>

Tue, 25 Jun 2019 19:38:27 [line:102] INFO         4       1        0    3    49 Quality Of Service service

Tue, 25 Jun 2019 19:38:27 [line:102] INFO        24       1        0    3    10 Thermal mitigation device service

Tue, 25 Jun 2019 19:38:27 [line:102] INFO         8       1        0    3    52 AT service

Tue, 25 Jun 2019 19:38:27 [line:102] INFO      4096       2        0    1    32 <unknown>

Tue, 25 Jun 2019 19:38:27 [line:102] INFO      4097       4        0    1     6 DIAG service

Tue, 25 Jun 2019 19:38:27 [line:102] INFO      4096       5        0    1    35 <unknown>

Tue, 25 Jun 2019 19:38:27 [line:102] INFO      4097      68        0    1     9 DIAG service

Tue, 25 Jun 2019 19:38:27 [line:102] INFO        55       1        1    1    77 <unknown>

Tue, 25 Jun 2019 19:38:27 [line:102] INFO      4096       8        0    1    38 <unknown>

Tue, 25 Jun 2019 19:38:27 [line:102] INFO      4097     132        0    1    12 DIAG service

Tue, 25 Jun 2019 19:38:27 [line:102] INFO      4097     196        0    1    15 DIAG service

Tue, 25 Jun 2019 19:38:27 [line:102] INFO       228       1        0    1    57 <unknown>

Tue, 25 Jun 2019 19:38:27 [line:102] INFO      4096       1        0    1    31 <unknown>

Tue, 25 Jun 2019 19:38:27 [line:102] INFO      4097       2        0    1     5 DIAG service

Tue, 25 Jun 2019 19:38:27 [line:102] INFO      4096       4        0    1    34 <unknown>

Tue, 25 Jun 2019 19:38:27 [line:102] INFO      4097      66        0    1     8 DIAG service

Tue, 25 Jun 2019 19:38:27 [line:102] INFO      4096       7        0    1    37 <unknown>

Tue, 25 Jun 2019 19:38:27 [line:102] INFO      4097     130        0    1    11 DIAG service

Tue, 25 Jun 2019 19:38:27 [line:102] INFO      4097     194        0    1    14 DIAG service

Tue, 25 Jun 2019 19:38:27 [line:102] INFO        28       1        1    1     1 Remote file system access service

Tue, 25 Jun 2019 19:38:27 [line:102] INFO        49       1        1    1    17 IPA control service

Tue, 25 Jun 2019 19:38:27 [line:102] INFO      4097       0        0    1     4 DIAG service

Tue, 25 Jun 2019 19:38:27 [line:102] INFO      4096       3        0    1    33 <unknown>

Tue, 25 Jun 2019 19:38:27 [line:102] INFO      4097      64        0    1     7 DIAG service

Tue, 25 Jun 2019 19:38:27 [line:102] INFO      4096       6        0    1    36 <unknown>

Tue, 25 Jun 2019 19:38:27 [line:102] INFO      4097     128        0    1    10 DIAG service

Tue, 25 Jun 2019 19:38:27 [line:102] INFO      4097     192        0    1    13 DIAG service

Tue, 25 Jun 2019 19:38:29 [line:102] INFO  €   '   rmnet_data0 Link encap:UNSPEC  HWaddr 00-00-00-00-00-00-00-00-00-00-00-00-00-00-00-00  

Tue, 25 Jun 2019 19:38:29 [line:102] INFO           [NO FLAGS]  MTU:1500  Metric:1

Tue, 25 Jun 2019 19:38:29 [line:102] INFO           RX packets:0 errors:0 dropped:0 overruns:0 frame:0

Tue, 25 Jun 2019 19:38:29 [line:102] INFO           TX packets:0 errors:0 dropped:0 overruns:0 carrier:0

Tue, 25 Jun 2019 19:38:29 [line:102] INFO           collisions:0 txqueuelen:1000 

Tue, 25 Jun 2019 19:38:29 [line:102] INFO           RX bytes:0 (0.0 B)  TX bytes:0 (0.0 B)

Tue, 25 Jun 2019 19:38:29 [line:102] INFO 

Tue, 25 Jun 2019 19:38:29 [line:102] INFO rmnet_data1 Link encap:UNSPEC  HWaddr 00-00-00-00-00-00-00-00-00-00-00-00-00-00-00-00  

Tue, 25 Jun 2019 19:38:29 [line:102] INFO           [NO FLAGS]  MTU:1500  Metric:1

Tue, 25 Jun 2019 19:38:29 [line:102] INFO           RX packets:0 errors:0 dropped:0 overruns:0 frame:0

Tue, 25 Jun 2019 19:38:29 [line:102] INFO           TX packets:0 errors:0 dropped:0 overruns:0 carrier:0

Tue, 25 Jun 2019 19:38:29 [line:102] INFO           collisions:0 txqueuelen:1000 

Tue, 25 Jun 2019 19:38:29 [line:102] INFO           RX bytes:0 (0.0 B)  TX bytes:0 (0.0 B)

Tue, 25 Jun 2019 19:38:29 [line:102] INFO 

Tue, 25 Jun 2019 19:38:29 [line:102] INFO  €   '   [I][main:236] Starting the CV2X Daemon

Tue, 25 Jun 2019 19:38:29 [line:102] INFO [I][start_v2x_mode:52] Starting V2X mode

Tue, 25 Jun 2019 19:38:29 [line:102] INFO [I][init_qmi_services:381] Initialized QMI clients

Tue, 25 Jun 2019 19:38:29 [line:102] INFO [D][register_nas_callback:410] Command QMI_NAS_INDICATION_REGISTER_REQ_MSG_V01 successful

Tue, 25 Jun 2019 19:38:29 [line:102] INFO [I][register_nas_callback:411] Registered NAS callback

Tue, 25 Jun 2019 19:38:29 [line:102] INFO [D][register_wds_callback:441] Command QMI_WDS_INDICATION_REGISTER_REQ_V01 successful

Tue, 25 Jun 2019 19:38:29 [line:102] INFO [I][register_wds_callback:442] Registered WDS callback

Tue, 25 Jun 2019 19:38:29 [line:102] INFO [D][get_v2x_radio_status:462] Command QMI_NAS_GET_V2X_STATUS_REQ_MSG_V01 successful

Tue, 25 Jun 2019 19:38:29 [line:102] INFO [I][get_v2x_radio_status:467] Read V2X radio status

Tue, 25 Jun 2019 19:38:29 [line:102] INFO [I][start_v2x_mode:72] Starting V2X radio

Tue, 25 Jun 2019 19:38:29 [line:102] INFO [D][wds_callback:286] Received QMI_WDS_V2X_SRC_L2_INFO_IND_V01

Tue, 25 Jun 2019 19:38:29 [line:102] INFO [I][wds_callback:288] l2_addr=0xdb7569

Tue, 25 Jun 2019 19:38:29 [line:102] INFO [D][start_v2x_radio:487] Command QMI_NAS_V2X   14.387464] cv2x-qmi: V2X mode started

Tue, 25 Jun 2019 19:38:29 [line:102] INFO _START_REQ_MSG_V01 successful

Tue, 25 Jun 2019 19:38:29 [line:102] INFO [I][start_v2x_radio:488] Started V2X radio

Tue, 25 Jun 2019 19:38:29 [line:102] INFO [I][nas_callback:170] tx_status=2, rx_status=2, tx_cause=0, rx_cause=0

Tue, 25 Jun 2019 19:38:29 [line:102] INFO [D][nas_callback:173] cbr_value=-1

Tue, 25 Jun 2019 19:38:29 [line:102] INFO [D][setup_v2x_profiles:571] Found 3 APN profiles

Tue, 25 Jun 2019 19:38:29 [line:102] INFO [I][setup_v2x_profiles:579] Found V2X_IP profile, idx=2, name=v2x_ip

Tue, 25 Jun 2019 19:38:29 [line:102] INFO [I][setup_v2x_profiles:584] Found V2X_NON_IP profile, idx=3, name=v2x_non_ip

Tue, 25 Jun 2019 19:38:29 [line:102] INFO [I][setup_v2x_profiles:614] APN profiles setup done

Tue, 25 Jun 2019 19:38:29 [line:102] INFO [D][start_dsi_library:700] Call to initialize DSI library succeeded

Tue, 25 Jun 2019 19:38:29 [line:102] INFO [E][start_dsi_service:789] Data services not available yet, wait for 1s and retry

Tue, 25 Jun 2019 19:38:30 [line:102] INFO [D][dsi_netctrl_inited_cb:689] DSI library initialized

Tue, 25 Jun 2019 19:38:30 [line:102] INFO [I][start_dsi_service:786] Started data services successfully, handle=902040880

Tue, 25 Jun 2019 19:38:30 [line:102] INFO [I][start_dsi_service:786] Started data services successfully, handle=902042800

Tue, 25 Jun 2019 19:38:30 [line:102] INFO [I][dsi_netctrl_event_cb:729] Received DSI_EVT_WDS_CONNECTED: network_type=0

Tue, 25 Jun 2019 19:38:31 [line:102] INFO [I][dsi_netctrl_event_cb:732] Received DSI_EVT   15.935302] cv2x-qmi: V2X IP call is online

Tue, 25 Jun 2019 19:38:31 [line:102] INFO _NET_IS_CONN: network_type=0 is online

Tue, 25 Jun 2019 19:38:31 [line:102] INFO [D][register_wds_callback:441] Command QMI_WDS_INDICATION_REGISTER_REQ_V01 successful

Tue, 25 Jun 2019 19:38:31 [line:102] INFO [I][register_wds_callback:442] Registered WDS callback

Tue, 25 Jun 2019 19:38:31 [line:102] INFO [D][set_ip_preference_ipv6:630] Command QMI_WDS_SET_CLIENT_IP_FAMILY_PREF_REQ_V01 successful

Tue, 25 Jun 2019 19:38:31 [line:102] INFO  €   '   [I][dsi_netctrl_event_cb:729] Received DSI_EVT_WDS_CONNECTED: network_type=1

Tue, 25 Jun 2019 19:38:31 [line:102] INFO [I][dsi_netctrl_event_cb:732] Received DSI_EVT_   16.451797] cv2x-qmi: V2X Non-IP call is online

Tue, 25 Jun 2019 19:38:31 [line:102] INFO NET_IS_CONN: network_type=1 is online

Tue, 25 Jun 2019 19:38:31 [line:102] INFO [D][register_wds_callback:441] Command QMI_WDS_INDICATION_REGISTER_REQ_V01 successful

Tue, 25 Jun 2019 19:38:31 [line:102] INFO [I][register_wds_callback:442] Registered WDS callback

Tue, 25 Jun 2019 19:38:31 [line:102] INFO [D][set_ip_preference_ipv6:630] Command QMI_WDS_SET_CLIENT_IP_FAMILY_PREF_REQ_V01 successful

Tue, 25 Jun 2019 19:38:31 [line:102] INFO [I][start_v2x_mode:111] V2X mode started

Tue, 25 Jun 2019 19:38:39 [line:102] INFO  €   '   rmnet_data0 Link encap:UNSPEC  HWaddr 00-00-00-00-00-00-00-00-00-00-00-00-00-00-00-00  

Tue, 25 Jun 2019 19:38:39 [line:102] INFO           inet6 addr: fe80::c6c1:a1d7:12db:7569/64 Scope:Link

Tue, 25 Jun 2019 19:38:39 [line:102] INFO           UP RUNNING  MTU:1500  Metric:1

Tue, 25 Jun 2019 19:38:39 [line:102] INFO           RX packets:0 errors:0 dropped:0 overruns:0 frame:0

Tue, 25 Jun 2019 19:38:39 [line:102] INFO           TX packets:6 errors:0 dropped:0 overruns:0 carrier:0

Tue, 25 Jun 2019 19:38:39 [line:102] INFO           collisions:0 txqueuelen:1000 

Tue, 25 Jun 2019 19:38:39 [line:102] INFO           RX bytes:0 (0.0 B)  TX bytes:400 (400.0 B)

Tue, 25 Jun 2019 19:38:39 [line:102] INFO 

Tue, 25 Jun 2019 19:38:39 [line:102] INFO rmnet_data1 Link encap:UNSPEC  HWaddr 00-00-00-00-00-00-00-00-00-00-00-00-00-00-00-00  

Tue, 25 Jun 2019 19:38:39 [line:102] INFO           inet6 addr: 80f8:f80:f80f:80f8:c95c:e61f:fd87:c143/64 Scope:Global

Tue, 25 Jun 2019 19:38:39 [line:102] INFO           UP RUNNING  MTU:8188  Metric:1

Tue, 25 Jun 2019 19:38:39 [line:102] INFO           RX packets:0 errors:0 dropped:0 overruns:0 frame:0

Tue, 25 Jun 2019 19:38:39 [line:102] INFO           TX packets:2 errors:0 dropped:0 overruns:0 carrier:0

Tue, 25 Jun 2019 19:38:39 [line:102] INFO           collisions:0 txqueuelen:1000 

Tue, 25 Jun 2019 19:38:39 [line:102] INFO           RX bytes:0 (0.0 B)  TX bytes:152 (152.0 B)

Tue, 25 Jun 2019 19:38:39 [line:102] INFO 

Tue, 25 Jun 2019 19:38:39 [line:102] INFO [I][init_qmi_services:381] Initialized QMI clients

Tue, 25 Jun 2019 19:38:39 [line:102] INFO [I][get_v2x_radio_status:467] Read V2X radio status

Tue, 25 Jun 2019 19:38:39 [line:102] INFO V2X rx_status=2, tx_status=2

Tue, 25 Jun 2019 19:38:39 [line:102] INFO [I][deinit_qmi_services:392] De-initialized QMI clients

Tue, 25 Jun 2019 19:38:40 [line:102] INFO Tue Jun 18 11:39:53 UTC 2019

Tue, 25 Jun 2019 19:38:40 [line:102] INFO INIT: Entering runlevel: 5

Tue, 25 Jun 2019 19:38:40 [line:102] INFO Configuring network interfaces... [   25.639463] Generic PHY fixed-0:00: attached PHY driver [Generic PHY] (mii_bus:phy_addr=fixed-0:00, irq=POLL)

Tue, 25 Jun 2019 19:38:40 [line:102] INFO [   25.649144] IPv6: ADDRCONF(NETDEV_UP): eth0: link is not ready

Tue, 25 Jun 2019 19:38:40 [line:102] INFO done.

Tue, 25 Jun 2019 19:38:40 [line:102] INFO Starting OpenBSD Secure Shell server: sshd

Tue, 25 Jun 2019 19:38:40 [line:102] INFO done.

Tue, 25 Jun 2019 19:38:40 [line:102] INFO Starting rpcbind daemon...done.

Tue, 25 Jun 2019 19:38:41 [line:102] INFO starting statd: done

Tue, 25 Jun 2019 19:38:41 [line:102] INFO Starting domain name service: named2019-06-18T11:39:53Z Forward time jump detected!

Tue, 25 Jun 2019 19:38:41 [line:102] INFO .

Tue, 25 Jun 2019 19:38:41 [line:102] INFO Starting network benchmark server: netserver.

Tue, 25 Jun 2019 19:38:41 [line:102] INFO exportfs: can't open /etc/exports for reading

Tue, 25 Jun 2019 19:38:41 [line:102] INFO NFS daemon support not enabled in kernel

Tue, 25 Jun 2019 19:38:41 [line:102] INFO ln: failed to create hard link '/bin/syslogd': File exists

Tue, 25 Jun 2019 19:38:41 [line:102] INFO Starting syslogd/klogd: done

Tue, 25 Jun 2019 19:38:41 [line:102] INFO Starting internet superserver: xinetd.

Tue, 25 Jun 2019 19:38:41 [line:102] INFO Stopping etc/init.d/diasstart done

Tue, 25 Jun 2019 19:38:41 [line:102] INFO  

Tue, 25 Jun 2019 19:38:41 [line:102] INFO Auto Linux BSP 1.0 iBox /dev/ttyLF0

Tue, 25 Jun 2019 19:38:41 [line:102] INFO 

Tue, 25 Jun 2019 19:38:41 [line:102] INFO iBox login: [   26.686720] fec 40032000.ethernet eth0: Link is Up - 1Gbps/Full - flow control off

Tue, 25 Jun 2019 19:38:41 [line:102] INFO [   26.693948] IPv6: ADDRCONF(NETDEV_CHANGE): eth0: link becomes ready

Tue, 25 Jun 2019 19:38:42 [line:102] INFO gpsd.c[2114]: gpsd start.

Tue, 25 Jun 2019 19:38:43 [line:102] INFO  €   '   gpsd:SHOUT: enable the message of UBX_ESF_RAW and UBX_NAV_HNR

Tue, 25 Jun 2019 19:39:19 [line:102] INFO  €   '   
Tue, 25 Jun 2019 19:40:11 [line:102] INFO 
Tue, 25 Jun 2019 19:40:31 [line:54] INFO root_start
Tue, 25 Jun 2019 19:40:31 [line:61] INFO root_start
Tue, 25 Jun 2019 19:40:36 [line:84] INFO check_ps
Tue, 25 Jun 2019 19:40:56 [line:88] INFO result = ps -A | grep v2x
  905 ?        00:00:00 cv2x-daemon
root@iBox:~# 
Tue, 25 Jun 2019 19:40:56 [line:141] INFO ps ok
Tue, 25 Jun 2019 19:40:59 [line:42] INFO Turn Off
Tue, 25 Jun 2019 19:41:02 [line:150] INFO end loop 1
Tue, 25 Jun 2019 19:41:05 [line:126] INFO ============start loop 2============
Tue, 25 Jun 2019 19:41:08 [line:48] INFO Turn On
Tue, 25 Jun 2019 19:41:21 [line:102] INFO 

Tue, 25 Jun 2019 19:41:21 [line:102] INFO U-Boot 2016.01 (Jun 13 2019 - 16:48:21 +0800)

Tue, 25 Jun 2019 19:41:21 [line:102] INFO 

Tue, 25 Jun 2019 19:41:21 [line:102] INFO CPU:   NXP S32V234 V2.0 at 1000 MHz

Tue, 25 Jun 2019 19:41:21 [line:102] INFO Reset cause: unknown reset

Tue, 25 Jun 2019 19:41:21 [line:102] INFO Board: s32v234evb29288

Tue, 25 Jun 2019 19:41:21 [line:102] INFO I2C:   ready

Tue, 25 Jun 2019 19:41:21 [line:102] INFO DRAM:  2 GiB

Tue, 25 Jun 2019 19:41:21 [line:102] INFO All (4) cores are up.

Tue, 25 Jun 2019 19:41:21 [line:102] INFO MMC:   Config the emmc hc and disable sdhc

Tue, 25 Jun 2019 19:41:21 [line:102] INFO FSL_SDHC: 0

Tue, 25 Jun 2019 19:41:22 [line:102] INFO 

Tue, 25 Jun 2019 19:41:22 [line:102] INFO Forcing PCIe to Gen1 operation

Tue, 25 Jun 2019 19:41:22 [line:102] INFO phy link never came up

Tue, 25 Jun 2019 19:41:22 [line:102] INFO DEBUG_R0: 0x00b23300, DEBUG_R1: 0x08200000

Tue, 25 Jun 2019 19:41:22 [line:102] INFO In:    serial

Tue, 25 Jun 2019 19:41:22 [line:102] INFO Out:   serial

Tue, 25 Jun 2019 19:41:22 [line:102] INFO Err:   serial

Tue, 25 Jun 2019 19:41:22 [line:102] INFO The security module (CSE3) is disabled.

Tue, 25 Jun 2019 19:41:22 [line:102] INFO Net:   

Tue, 25 Jun 2019 19:41:22 [line:102] INFO Warning: System is using default MAC address. Please set a new value

Tue, 25 Jun 2019 19:41:22 [line:102] INFO FEC

Tue, 25 Jun 2019 19:41:25 [line:102] INFO Hit any key to stop autoboot:  3  2  1  0 

Tue, 25 Jun 2019 19:41:25 [line:102] INFO switch to partitions #0, OK

Tue, 25 Jun 2019 19:41:25 [line:102] INFO mmc0(part 0) is current device

Tue, 25 Jun 2019 19:41:25 [line:102] INFO reading Image

Tue, 25 Jun 2019 19:41:25 [line:102] INFO 10485760 bytes read in 506 ms (19.8 MiB/s)

Tue, 25 Jun 2019 19:41:25 [line:102] INFO Booting from mmc ... s32v234-evb.dias.emmc.dtb

Tue, 25 Jun 2019 19:41:25 [line:102] INFO reading s32v234-evb.dias.emmc.dtb

Tue, 25 Jun 2019 19:41:25 [line:102] INFO 1048576 bytes read in 62 ms (16.1 MiB/s)

Tue, 25 Jun 2019 19:41:25 [line:102] INFO ## Flattened Device Tree blob at 82000000

Tue, 25 Jun 2019 19:41:25 [line:102] INFO    Booting using the fdt blob at 0x82000000

Tue, 25 Jun 2019 19:41:26 [line:102] INFO    reserving fdt memory region: addr=80000000 size=10000

Tue, 25 Jun 2019 19:41:26 [line:102] INFO    Loading Device Tree to 000000009fff5000, end 000000009ffff6c4 ... OK

Tue, 25 Jun 2019 19:41:26 [line:102] INFO 

Tue, 25 Jun 2019 19:41:26 [line:102] INFO Starting kernel ...

Tue, 25 Jun 2019 19:41:26 [line:102] INFO 

Tue, 25 Jun 2019 19:41:27 [line:102] INFO [    0.000000] Booting Linux on physical CPU 0x0

Tue, 25 Jun 2019 19:41:27 [line:102] INFO [    0.000000] Linux version 4.14.34-rt27+g5b7d979 (oe-user@oe-host) (gcc version 7.1.1 20170707 (Linaro GCC 7.1-2017.08)) #1 SMP Tue Jun 18 11:20:55 CST 2019

Tue, 25 Jun 2019 19:41:27 [line:102] INFO [    0.000000] Boot CPU: AArch64 Processor [410fd034]

Tue, 25 Jun 2019 19:41:27 [line:102] INFO [    0.000000] Machine model: Freescale S32V234

Tue, 25 Jun 2019 19:41:27 [line:102] INFO [    0.000000] percpu: Embedded 20 pages/cpu @ffffffc07ff79000 s43416 r8192 d30312 u81920

Tue, 25 Jun 2019 19:41:27 [line:102] INFO [    0.000000] Detected VIPT I-cache on CPU0

Tue, 25 Jun 2019 19:41:27 [line:102] INFO [    0.000000] CPU features: enabling workaround for ARM erratum 845719

Tue, 25 Jun 2019 19:41:27 [line:102] INFO [    0.000000] Built 1 zonelists, mobility grouping on.  Total pages: 512000

Tue, 25 Jun 2019 19:41:27 [line:102] INFO [    0.000000] Kernel command line: console=ttyLF0,115200 root=/dev/mmcblk0p2 rootwait rw

Tue, 25 Jun 2019 19:41:27 [line:102] INFO [    0.000000] PID hash table entries: 4096 (order: 3, 32768 bytes)

Tue, 25 Jun 2019 19:41:27 [line:102] INFO [    0.000000] Dentry cache hash table entries: 262144 (order: 9, 2097152 bytes)

Tue, 25 Jun 2019 19:41:27 [line:102] INFO [    0.000000] Inode-cache hash table entries: 131072 (order: 8, 1048576 bytes)

Tue, 25 Jun 2019 19:41:27 [line:102] INFO [    0.000000] Memory: 2035752K/2076672K available (5822K kernel code, 414K rwdata, 1576K rodata, 384K init, 258K bss, 40920K reserved, 0K cma-reserved)

Tue, 25 Jun 2019 19:41:27 [line:102] INFO [    0.000000] Virtual kernel memory layout:

Tue, 25 Jun 2019 19:41:27 [line:102] INFO [    0.000000]     modules : 0xffffff8000000000 - 0xffffff8008000000   (   128 MB)

Tue, 25 Jun 2019 19:41:27 [line:102] INFO [    0.000000]     vmalloc : 0xffffff8008000000 - 0xffffffbebfff0000   (   250 GB)

Tue, 25 Jun 2019 19:41:27 [line:102] INFO [    0.000000]       .text : 0xffffff8008080000 - 0xffffff8008630000   (  5824 KB)

Tue, 25 Jun 2019 19:41:27 [line:102] INFO [    0.000000]     .rodata : 0xffffff8008630000 - 0xffffff80087c0000   (  1600 KB)

Tue, 25 Jun 2019 19:41:27 [line:102] INFO [    0.000000]       .init : 0xffffff80087c0000 - 0xffffff8008820000   (   384 KB)

Tue, 25 Jun 2019 19:41:27 [line:102] INFO [    0.000000]       .data : 0xffffff8008820000 - 0xffffff8008887808   (   415 KB)

Tue, 25 Jun 2019 19:41:27 [line:102] INFO [    0.000000]        .bss : 0xffffff8008887808 - 0xffffff80088c80c8   (   259 KB)

Tue, 25 Jun 2019 19:41:27 [line:102] INFO [    0.000000]     fixed   : 0xffffffbefe7fb000 - 0xffffffbefec00000   (  4116 KB)

Tue, 25 Jun 2019 19:41:27 [line:102] INFO [    0.000000]     PCI I/O : 0xffffffbefee00000 - 0xffffffbeffe00000   (    16 MB)

Tue, 25 Jun 2019 19:41:27 [line:102] INFO [    0.000000]     vmemmap : 0xffffffbf00000000 - 0xffffffc000000000   (     4 GB maximum)

Tue, 25 Jun 2019 19:41:27 [line:102] INFO [    0.000000]               0xffffffbf00000000 - 0xffffffbf01c00000   (    28 MB actual)

Tue, 25 Jun 2019 19:41:27 [line:102] INFO [    0.000000]     memory  : 0xffffffc000000000 - 0xffffffc080000000   (  2048 MB)

Tue, 25 Jun 2019 19:41:27 [line:102] INFO [    0.000000] Hierarchical RCU implementation.

Tue, 25 Jun 2019 19:41:27 [line:102] INFO [    0.000000] 	RCU event tracing is enabled.

Tue, 25 Jun 2019 19:41:27 [line:102] INFO [    0.000000] NR_IRQS: 64, nr_irqs: 64, preallocated irqs: 0

Tue, 25 Jun 2019 19:41:27 [line:102] INFO [    0.000000] arch_timer: cp15 timer(s) running at 12.00MHz (virt).

Tue, 25 Jun 2019 19:41:27 [line:102] INFO [    0.000000] clocksource: arch_sys_counter: mask: 0xffffffffffffff max_cycles: 0x2c47f4ee7, max_idle_ns: 440795202497 ns

Tue, 25 Jun 2019 19:41:27 [line:102] INFO [    0.000004] sched_clock: 56 bits at 12MHz, resolution 83ns, wraps every 4398046511096ns

Tue, 25 Jun 2019 19:41:27 [line:102] INFO [    0.000473] Console: colour dummy device 80x25

Tue, 25 Jun 2019 19:41:27 [line:102] INFO [    0.000489] Calibrating delay loop (skipped), value calculated using timer frequency.. 24.00 BogoMIPS (lpj=48000)

Tue, 25 Jun 2019 19:41:27 [line:102] INFO [    0.000498] pid_max: default: 32768 minimum: 301

Tue, 25 Jun 2019 19:41:27 [line:102] INFO [    0.000587] Security Framework initialized

Tue, 25 Jun 2019 19:41:27 [line:102] INFO [    0.000638] Mount-cache hash table entries: 4096 (order: 3, 32768 bytes)

Tue, 25 Jun 2019 19:41:27 [line:102] INFO [    0.000656] Mountpoint-cache hash table entries: 4096 (order: 3, 32768 bytes)

Tue, 25 Jun 2019 19:41:27 [line:102] INFO [    0.001350] ASID allocator initialised with 32768 entries

Tue, 25 Jun 2019 19:41:27 [line:102] INFO [    0.001413] Hierarchical SRCU implementation.

Tue, 25 Jun 2019 19:41:27 [line:102] INFO [    0.002059] smp: Bringing up secondary CPUs ...

Tue, 25 Jun 2019 19:41:27 [line:102] INFO [    0.002393] Detected VIPT I-cache on CPU1

Tue, 25 Jun 2019 19:41:27 [line:102] INFO [    0.002437] CPU1: Booted secondary processor [410fd034]

Tue, 25 Jun 2019 19:41:27 [line:102] INFO [    0.002791] Detected VIPT I-cache on CPU2

Tue, 25 Jun 2019 19:41:27 [line:102] INFO [    0.002831] CPU2: Booted secondary processor [410fd034]

Tue, 25 Jun 2019 19:41:27 [line:102] INFO [    0.003194] Detected VIPT I-cache on CPU3

Tue, 25 Jun 2019 19:41:27 [line:102] INFO [    0.003217] CPU3: Booted secondary processor [410fd034]

Tue, 25 Jun 2019 19:41:27 [line:102] INFO [    0.003295] smp: Brought up 1 node, 4 CPUs

Tue, 25 Jun 2019 19:41:27 [line:102] INFO [    0.003314] SMP: Total of 4 processors activated.

Tue, 25 Jun 2019 19:41:27 [line:102] INFO [    0.003321] CPU features: detected feature: 32-bit EL0 Support

Tue, 25 Jun 2019 19:41:27 [line:102] INFO [    0.003326] CPU features: detected feature: Kernel page table isolation (KPTI)

Tue, 25 Jun 2019 19:41:27 [line:102] INFO [    0.006136] CPU: All CPU(s) started at EL1

Tue, 25 Jun 2019 19:41:27 [line:102] INFO [    0.006157] alternatives: patching kernel code

Tue, 25 Jun 2019 19:41:27 [line:102] INFO [    0.006915] devtmpfs: initialized

Tue, 25 Jun 2019 19:41:27 [line:102] INFO [    0.010659] random: get_random_u32 called from bucket_table_alloc+0x10c/0x260 with crng_init=0

Tue, 25 Jun 2019 19:41:27 [line:102] INFO [    0.010973] clocksource: jiffies: mask: 0xffffffff max_cycles: 0xffffffff, max_idle_ns: 7645041785100000 ns

Tue, 25 Jun 2019 19:41:27 [line:102] INFO [    0.010988] futex hash table entries: 1024 (order: 5, 131072 bytes)

Tue, 25 Jun 2019 19:41:27 [line:102] INFO [    0.011192] pinctrl core: initialized pinctrl subsystem

Tue, 25 Jun 2019 19:41:27 [line:102] INFO [    0.011738] NET: Registered protocol family 16

Tue, 25 Jun 2019 19:41:27 [line:102] INFO [    0.012565] NET: Registered protocol family 42

Tue, 25 Jun 2019 19:41:27 [line:102] INFO [    0.013016] vdso: 2 pages (1 code @ ffffff8008636000, 1 data @ ffffff8008824000)

Tue, 25 Jun 2019 19:41:27 [line:102] INFO [    0.013029] hw-breakpoint: found 6 breakpoint and 4 watchpoint registers.

Tue, 25 Jun 2019 19:41:27 [line:102] INFO [    0.013265] DMA: preallocated 256 KiB pool for atomic allocations

Tue, 25 Jun 2019 19:41:27 [line:102] INFO [    0.026013] HugeTLB registered 2.00 MiB page size, pre-allocated 0 pages

Tue, 25 Jun 2019 19:41:27 [line:102] INFO [    0.028378] vgaarb: loaded

Tue, 25 Jun 2019 19:41:27 [line:102] INFO [    0.028575] SCSI subsystem initialized

Tue, 25 Jun 2019 19:41:27 [line:102] INFO [    0.028711] usbcore: registered new interface driver usbfs

Tue, 25 Jun 2019 19:41:27 [line:102] INFO [    0.028745] usbcore: registered new interface driver hub

Tue, 25 Jun 2019 19:41:27 [line:102] INFO [    0.028797] usbcore: registered new device driver usb

Tue, 25 Jun 2019 19:41:27 [line:102] INFO [    0.028963] imx-i2c 40051000.i2c: could not find pctldev for node /soc/aips-bus@40000000/siul2/siul2-pinctrl@4006C000/s32v234-evb/i2c0grp, deferring probe

Tue, 25 Jun 2019 19:41:27 [line:102] INFO [    0.029055] imx-i2c 400b8000.i2c: could not find pctldev for node /soc/aips-bus@40000000/siul2/siul2-pinctrl@4006C000/s32v234-evb/i2c1grp, deferring probe

Tue, 25 Jun 2019 19:41:27 [line:102] INFO [    0.029081] imx-i2c 400ba000.i2c: could not find pctldev for node /soc/aips-bus@40000000/siul2/siul2-pinctrl@4006C000/s32v234-evb/i2c2grp, deferring probe

Tue, 25 Jun 2019 19:41:27 [line:102] INFO [    0.029170] pps_core: LinuxPPS API ver. 1 registered

Tue, 25 Jun 2019 19:41:27 [line:102] INFO [    0.029175] pps_core: Software ver. 5.3.6 - Copyright 2005-2007 Rodolfo Giometti <giometti@linux.it>

Tue, 25 Jun 2019 19:41:27 [line:102] INFO [    0.029189] PTP clock support registered

Tue, 25 Jun 2019 19:41:27 [line:102] INFO [    0.030661] clocksource: Switched to clocksource arch_sys_counter

Tue, 25 Jun 2019 19:41:27 [line:102] INFO [    0.036856] NET: Registered protocol family 2

Tue, 25 Jun 2019 19:41:27 [line:102] INFO [    0.037195] TCP established hash table entries: 16384 (order: 5, 131072 bytes)

Tue, 25 Jun 2019 19:41:27 [line:102] INFO [    0.037323] TCP bind hash table entries: 16384 (order: 6, 262144 bytes)

Tue, 25 Jun 2019 19:41:27 [line:102] INFO [    0.037553] TCP: Hash tables configured (established 16384 bind 16384)

Tue, 25 Jun 2019 19:41:27 [line:102] INFO [    0.037662] UDP hash table entries: 1024 (order: 3, 32768 bytes)

Tue, 25 Jun 2019 19:41:27 [line:102] INFO [    0.037709] UDP-Lite hash table entries: 1024 (order: 3, 32768 bytes)

Tue, 25 Jun 2019 19:41:27 [line:102] INFO [    0.037858] NET: Registered protocol family 1

Tue, 25 Jun 2019 19:41:27 [line:102] INFO [    0.038122] RPC: Registered named UNIX socket transport module.

Tue, 25 Jun 2019 19:41:27 [line:102] INFO [    0.038128] RPC: Registered udp transport module.

Tue, 25 Jun 2019 19:41:27 [line:102] INFO [    0.038132] RPC: Registered tcp transport module.

Tue, 25 Jun 2019 19:41:27 [line:102] INFO [    0.038137] RPC: Registered tcp NFSv4.1 backchannel transport module.

Tue, 25 Jun 2019 19:41:27 [line:102] INFO [    0.038912] hw perfevents: enabled with armv8_pmuv3 PMU driver, 7 counters available

Tue, 25 Jun 2019 19:41:27 [line:102] INFO [    0.040033] workingset: timestamp_bits=62 max_order=19 bucket_order=0

Tue, 25 Jun 2019 19:41:27 [line:102] INFO [    0.040810] fuse init (API version 7.26)

Tue, 25 Jun 2019 19:41:27 [line:102] INFO [    0.041417] Block layer SCSI generic (bsg) driver version 0.4 loaded (major 248)

Tue, 25 Jun 2019 19:41:27 [line:102] INFO [    0.041427] io scheduler noop registered

Tue, 25 Jun 2019 19:41:27 [line:102] INFO [    0.041432] io scheduler deadline registered

Tue, 25 Jun 2019 19:41:27 [line:102] INFO [    0.041458] io scheduler cfq registered (default)

Tue, 25 Jun 2019 19:41:27 [line:102] INFO [    0.041463] io scheduler mq-deadline registered

Tue, 25 Jun 2019 19:41:27 [line:102] INFO [    0.041468] io scheduler kyber registered

Tue, 25 Jun 2019 19:41:27 [line:102] INFO [    0.041974] s32v234-siul2-pinctrl 4006c240.siul2-pinctrl: initialized s32 pinctrl driver

Tue, 25 Jun 2019 19:41:27 [line:102] INFO [    0.044459] s32v234-pcie 72ffc000.pcie: Configuring as RC

Tue, 25 Jun 2019 19:41:27 [line:102] INFO [    0.044545] s32v234-pcie 72ffc000.pcie: Allocated line 0 for interrupt 79

Tue, 25 Jun 2019 19:41:27 [line:102] INFO [    0.044557] OF: PCI: host bridge /pcie@0x72000000 ranges:

Tue, 25 Jun 2019 19:41:27 [line:102] INFO [    0.044570] OF: PCI:    IO 0x72f80000..0x72f8ffff -> 0x00000000

Tue, 25 Jun 2019 19:41:27 [line:102] INFO [    0.044581] OF: PCI:   MEM 0x72000000..0x72efffff -> 0x72000000

Tue, 25 Jun 2019 19:41:27 [line:102] INFO [    0.095211] s32v234-pcie 72ffc000.pcie: SOC revision: 0x10

Tue, 25 Jun 2019 19:41:27 [line:102] INFO [    1.095357] s32v234-pcie 72ffc000.pcie: phy link never came up

Tue, 25 Jun 2019 19:41:27 [line:102] INFO [    1.095367] s32v234-pcie 72ffc000.pcie: phy link never came up

Tue, 25 Jun 2019 19:41:27 [line:102] INFO [    1.095375] s32v234-pcie 72ffc000.pcie: DEBUG_R0: 0x009b0c00, DEBUG_R1: 0x08200000

Tue, 25 Jun 2019 19:41:27 [line:102] INFO [    1.095582] s32v234-pcie 72ffc000.pcie: Failed to bring link up!

Tue, 25 Jun 2019 19:41:27 [line:102] INFO [    1.095708] s32v234-pcie 72ffc000.pcie: PCI host bridge to bus 0000:00

Tue, 25 Jun 2019 19:41:27 [line:102] INFO [    1.095719] pci_bus 0000:00: root bus resource [bus 00-ff]

Tue, 25 Jun 2019 19:41:27 [line:102] INFO [    1.095726] pci_bus 0000:00: root bus resource [io  0x0000-0xffff]

Tue, 25 Jun 2019 19:41:27 [line:102] INFO [    1.095733] pci_bus 0000:00: root bus resource [mem 0x72000000-0x72efffff]

Tue, 25 Jun 2019 19:41:27 [line:102] INFO [    1.096057] pci 0000:00:00.0: BAR 0: assigned [mem 0x72000000-0x720fffff 64bit]

Tue, 25 Jun 2019 19:41:27 [line:102] INFO [    1.096069] pci 0000:00:00.0: BAR 6: assigned [mem 0x72100000-0x7210ffff pref]

Tue, 25 Jun 2019 19:41:27 [line:102] INFO [    1.096078] pci 0000:00:00.0: PCI bridge to [bus 01-ff]

Tue, 25 Jun 2019 19:41:27 [line:102] INFO [    1.096339] pcieport 0000:00:00.0: Signaling PME with IRQ 85

Tue, 25 Jun 2019 19:41:28 [line:102] INFO [    1.096438] pcieport 0000:00:00.0: AER enabled with IRQ 85

Tue, 25 Jun 2019 19:41:28 [line:102] INFO [    1.097288] fsl_dcu 40028000.dcu: DCU: memory pool creation error

Tue, 25 Jun 2019 19:41:28 [line:102] INFO [    1.097299] fsl_dcu 40028000.dcu: DCU: using default surface memory space.

Tue, 25 Jun 2019 19:41:28 [line:102] INFO [    1.097917] fsl_dcu 40028000.dcu: Selected video mode on </dev/fb0> : <1920 x 1080>

Tue, 25 Jun 2019 19:41:28 [line:102] INFO [    1.098154] fsl_dcu 40028000.dcu: Selected video mode on </dev/fb1> : <1920 x 1080>

Tue, 25 Jun 2019 19:41:28 [line:102] INFO [    1.098364] fsl_dcu 40028000.dcu: Selected video mode on </dev/fb2> : <1920 x 1080>

Tue, 25 Jun 2019 19:41:28 [line:102] INFO [    1.098571] fsl_dcu 40028000.dcu: Selected video mode on </dev/fb3> : <1920 x 1080>

Tue, 25 Jun 2019 19:41:28 [line:102] INFO [    1.098833] fsl_dcu 40028000.dcu: Selected video mode on </dev/fb4> : <1920 x 1080>

Tue, 25 Jun 2019 19:41:28 [line:102] INFO [    1.099128] fsl_dcu 40028000.dcu: Selected video mode on </dev/fb5> : <1920 x 1080>

Tue, 25 Jun 2019 19:41:28 [line:102] INFO [    1.099344] fsl_dcu 40028000.dcu: Selected video mode on </dev/fb6> : <1920 x 1080>

Tue, 25 Jun 2019 19:41:28 [line:102] INFO [    1.099554] fsl_dcu 40028000.dcu: Selected video mode on </dev/fb7> : <1920 x 1080>

Tue, 25 Jun 2019 19:41:28 [line:102] INFO [    1.100439] 40053000.serial: ttyLF0 at MMIO 0x40053000 (irq = 24, base_baud = 4166666) is a FSL_LINFLEX

Tue, 25 Jun 2019 19:41:28 [line:102] INFO [    1.916583] console [ttyLF0] enabled

Tue, 25 Jun 2019 19:41:28 [line:102] INFO [    1.920621] 400bc000.serial: ttyLF1 at MMIO 0x400bc000 (irq = 42, base_baud = 4166666) is a FSL_LINFLEX

Tue, 25 Jun 2019 19:41:28 [line:102] INFO [    1.930237] fsl-linflexuart 400bc000.serial: DMA tx channel request failed, operating without tx DMA

Tue, 25 Jun 2019 19:41:28 [line:102] INFO [    1.939449] fsl-linflexuart 400bc000.serial: DMA rx channel request failed, operating without rx DMA

Tue, 25 Jun 2019 19:41:28 [line:102] INFO [    1.949176] cacheinfo: Unable to detect cache hierarchy for CPU 0

Tue, 25 Jun 2019 19:41:28 [line:102] INFO [    1.960153] loop: module loaded

Tue, 25 Jun 2019 19:41:28 [line:102] INFO [    1.964338] num_chipselect =8 

Tue, 25 Jun 2019 19:41:28 [line:102] INFO [    1.964343] bus_num =0 

Tue, 25 Jun 2019 19:41:28 [line:102] INFO [    1.967533] fsl-dspi 40057000.spi: owen register platform irq =26

Tue, 25 Jun 2019 19:41:28 [line:102] INFO [    1.976360] cs_sck_delay=0

Tue, 25 Jun 2019 19:41:28 [line:102] INFO [    1.979092] pcssck=0, cssck=0

Tue, 25 Jun 2019 19:41:28 [line:102] INFO [    1.982073] pasc=0, asc=0

Tue, 25 Jun 2019 19:41:28 [line:102] INFO [    1.984712] get pcssck=1, cssck=4

Tue, 25 Jun 2019 19:41:28 [line:102] INFO [    1.988296]   owen iory devm_gpio_request_one try

Tue, 25 Jun 2019 19:41:28 [line:102] INFO [    1.993104] owen iory devm_gpio_request_one ok

Tue, 25 Jun 2019 19:41:28 [line:102] INFO [    1.997581] owen iory try  pSPI_gpio

Tue, 25 Jun 2019 19:41:28 [line:102] INFO [    2.001226] cs_sck_delay=0

Tue, 25 Jun 2019 19:41:28 [line:102] INFO [    2.003954] pcssck=0, cssck=0

Tue, 25 Jun 2019 19:41:28 [line:102] INFO [    2.006942] pasc=0, asc=0

Tue, 25 Jun 2019 19:41:28 [line:102] INFO [    2.009573] get pcssck=1, cssck=4

Tue, 25 Jun 2019 19:41:28 [line:102] INFO [    2.013172] cs_sck_delay=100

Tue, 25 Jun 2019 19:41:28 [line:102] INFO [    2.016079] pcssck=3, cssck=0

Tue, 25 Jun 2019 19:41:28 [line:102] INFO [    2.019071] pasc=3, asc=0

Tue, 25 Jun 2019 19:41:28 [line:102] INFO [    2.021702] get pcssck=1, cssck=4

Tue, 25 Jun 2019 19:41:28 [line:102] INFO [    2.025167] cs_sck_delay=100

Tue, 25 Jun 2019 19:41:28 [line:102] INFO [    2.028069] pcssck=3, cssck=0

Tue, 25 Jun 2019 19:41:28 [line:102] INFO [    2.031058] pasc=3, asc=0

Tue, 25 Jun 2019 19:41:28 [line:102] INFO [    2.033689] get pcssck=1, cssck=4

Tue, 25 Jun 2019 19:41:28 [line:102] INFO [    2.037141] cs_sck_delay=0

Tue, 25 Jun 2019 19:41:28 [line:102] INFO [    2.039869] pcssck=0, cssck=0

Tue, 25 Jun 2019 19:41:28 [line:102] INFO [    2.042857] pasc=0, asc=0

Tue, 25 Jun 2019 19:41:28 [line:102] INFO [    2.045488] get pcssck=1, cssck=4

Tue, 25 Jun 2019 19:41:28 [line:102] INFO [    2.049332] num_chipselect =4 

Tue, 25 Jun 2019 19:41:28 [line:102] INFO [    2.049336] bus_num =1 

Tue, 25 Jun 2019 19:41:28 [line:102] INFO [    2.052524] fsl-dspi 400c0000.spi: owen register platform irq =44

Tue, 25 Jun 2019 19:41:28 [line:102] INFO [    2.061201] owen dspi_request_dma 9

Tue, 25 Jun 2019 19:41:28 [line:102] INFO [    2.064914] cs_sck_delay=0

Tue, 25 Jun 2019 19:41:28 [line:102] INFO [    2.067644] pcssck=0, cssck=0

Tue, 25 Jun 2019 19:41:28 [line:102] INFO [    2.070626] pasc=0, asc=0

Tue, 25 Jun 2019 19:41:28 [line:102] INFO [    2.073263] get pcssck=1, cssck=4

Tue, 25 Jun 2019 19:41:28 [line:102] INFO [    2.077051] num_chipselect =4 

Tue, 25 Jun 2019 19:41:28 [line:102] INFO [    2.077054] bus_num =3 

Tue, 25 Jun 2019 19:41:28 [line:102] INFO [    2.080239] fsl-dspi 400c2000.spi: owen register platform irq =45

Tue, 25 Jun 2019 19:41:28 [line:102] INFO [    2.088916] owen dspi_request_dma 9

Tue, 25 Jun 2019 19:41:28 [line:102] INFO [    2.092630] cs_sck_delay=0

Tue, 25 Jun 2019 19:41:28 [line:102] INFO [    2.095361] pcssck=0, cssck=0

Tue, 25 Jun 2019 19:41:28 [line:102] INFO [    2.098341] pasc=0, asc=0

Tue, 25 Jun 2019 19:41:28 [line:102] INFO [    2.100979] get pcssck=1, cssck=4

Tue, 25 Jun 2019 19:41:28 [line:102] INFO [    2.105584] libphy: Fixed MDIO Bus: probed

Tue, 25 Jun 2019 19:41:28 [line:102] INFO [    2.110060] tun: Universal TUN/TAP device driver, 1.6

Tue, 25 Jun 2019 19:41:28 [line:102] INFO [    2.115285] vcan: Virtual CAN interface driver

Tue, 25 Jun 2019 19:41:28 [line:102] INFO [    2.119770] slcan: serial line CAN interface driver

Tue, 25 Jun 2019 19:41:28 [line:102] INFO [    2.124685] slcan: 10 dynamic interface channels.

Tue, 25 Jun 2019 19:41:28 [line:102] INFO [    2.129425] CAN device driver interface

Tue, 25 Jun 2019 19:41:28 [line:102] INFO [    2.133940] flexcan 40055000.flexcan: device registered (reg_base=ffffff800891d000, irq=25)

Tue, 25 Jun 2019 19:41:28 [line:102] INFO [    2.143022] flexcan 400be000.flexcan: device registered (reg_base=ffffff8008925000, irq=43)

Tue, 25 Jun 2019 19:41:28 [line:102] INFO [    2.153527] libphy: fec_enet_mii_bus: probed

Tue, 25 Jun 2019 19:41:28 [line:102] INFO [    2.160140] fec 40032000.ethernet eth0: registered PHC device 0

Tue, 25 Jun 2019 19:41:28 [line:102] INFO [    2.166612] ehci_hcd: USB 2.0 'Enhanced' Host Controller (EHCI) Driver

Tue, 25 Jun 2019 19:41:28 [line:102] INFO [    2.173196] ehci-pci: EHCI PCI platform driver

Tue, 25 Jun 2019 19:41:28 [line:102] INFO [    2.177719] ehci-platform: EHCI generic platform driver

Tue, 25 Jun 2019 19:41:28 [line:102] INFO [    2.183120] ohci_hcd: USB 1.1 'Open' Host Controller (OHCI) Driver

Tue, 25 Jun 2019 19:41:28 [line:102] INFO [    2.189361] ohci-pci: OHCI PCI platform driver

Tue, 25 Jun 2019 19:41:28 [line:102] INFO [    2.193872] ohci-platform: OHCI generic platform driver

Tue, 25 Jun 2019 19:41:28 [line:102] INFO [    2.199548] usbcore: registered new interface driver usb-storage

Tue, 25 Jun 2019 19:41:28 [line:102] INFO [    2.205821] i2c /dev entries driver

Tue, 25 Jun 2019 19:41:28 [line:102] INFO [    2.209399] IR NEC protocol handler initialized

Tue, 25 Jun 2019 19:41:28 [line:102] INFO [    2.213964] IR RC5(x/sz) protocol handler initialized

Tue, 25 Jun 2019 19:41:28 [line:102] INFO [    2.219052] IR RC6 protocol handler initialized

Tue, 25 Jun 2019 19:41:28 [line:102] INFO [    2.223616] IR JVC protocol handler initialized

Tue, 25 Jun 2019 19:41:28 [line:102] INFO [    2.228179] IR Sony protocol handler initialized

Tue, 25 Jun 2019 19:41:28 [line:102] INFO [    2.232830] IR SANYO protocol handler initialized

Tue, 25 Jun 2019 19:41:28 [line:102] INFO [    2.237568] IR Sharp protocol handler initialized

Tue, 25 Jun 2019 19:41:28 [line:102] INFO [    2.242307] IR MCE Keyboard/mouse protocol handler initialized

Tue, 25 Jun 2019 19:41:28 [line:102] INFO [    2.248183] IR XMP protocol handler initialized

Tue, 25 Jun 2019 19:41:28 [line:102] INFO [    2.253063] pps pps0: new PPS source 0.pps.-1

Tue, 25 Jun 2019 19:41:28 [line:102] INFO [    2.257495] pps pps0: Registered IRQ 119 as PPS source

Tue, 25 Jun 2019 19:41:28 [line:102] INFO [    2.263308] sac58r-wdt 4000a000.swt: SAC58R/S32V234 Watchdog Timer Registered. timeout=30s (nowayout=0)

Tue, 25 Jun 2019 19:41:28 [line:102] INFO [    2.272978] sac58r-wdt 4000b000.swt: SAC58R/S32V234 Watchdog Timer Registered. timeout=30s (nowayout=0)

Tue, 25 Jun 2019 19:41:28 [line:102] INFO [    2.282720] sac58r-wdt 40084000.swt: SAC58R/S32V234 Watchdog Timer Registered. timeout=30s (nowayout=0)

Tue, 25 Jun 2019 19:41:28 [line:102] INFO [    2.292379] sac58r-wdt 40085000.swt: SAC58R/S32V234 Watchdog Timer Registered. timeout=30s (nowayout=0)

Tue, 25 Jun 2019 19:41:28 [line:102] INFO [    2.302165] sdhci: Secure Digital Host Controller Interface driver

Tue, 25 Jun 2019 19:41:28 [line:102] INFO [    2.308398] sdhci: Copyright(c) Pierre Ossman

Tue, 25 Jun 2019 19:41:28 [line:102] INFO [    2.312788] sdhci-pltfm: SDHCI platform and OF driver helper

Tue, 25 Jun 2019 19:41:28 [line:102] INFO [    2.362663] mmc0: SDHCI controller on 4005d000.usdhc [4005d000.usdhc] using ADMA

Tue, 25 Jun 2019 19:41:28 [line:102] INFO [    2.370490] usbcore: registered new interface driver usbhid

Tue, 25 Jun 2019 19:41:28 [line:102] INFO [    2.376115] usbhid: USB HID core driver

Tue, 25 Jun 2019 19:41:28 [line:102] INFO [    2.391910] NET: Registered protocol family 10

Tue, 25 Jun 2019 19:41:28 [line:102] INFO [    2.396950] Segment Routing with IPv6

Tue, 25 Jun 2019 19:41:28 [line:102] INFO [    2.400690] sit: IPv6, IPv4 and MPLS over IPv4 tunneling driver

Tue, 25 Jun 2019 19:41:28 [line:102] INFO [    2.407058] NET: Registered protocol family 17

Tue, 25 Jun 2019 19:41:28 [line:102] INFO [    2.411548] can: controller area network core (rev 20170425 abi 9)

Tue, 25 Jun 2019 19:41:28 [line:102] INFO [    2.417815] NET: Registered protocol family 29

Tue, 25 Jun 2019 19:41:28 [line:102] INFO [    2.418386] mmc0: new DDR MMC card at address 0001

Tue, 25 Jun 2019 19:41:28 [line:102] INFO [    2.418659] mmcblk0: mmc0:0001 S0J57X 29.6 GiB 

Tue, 25 Jun 2019 19:41:28 [line:102] INFO [    2.418757] mmcblk0boot0: mmc0:0001 S0J57X partition 1 31.5 MiB

Tue, 25 Jun 2019 19:41:28 [line:102] INFO [    2.418852] mmcblk0boot1: mmc0:0001 S0J57X partition 2 31.5 MiB

Tue, 25 Jun 2019 19:41:28 [line:102] INFO [    2.418942] mmcblk0rpmb: mmc0:0001 S0J57X partition 3 4.00 MiB

Tue, 25 Jun 2019 19:41:28 [line:102] INFO [    2.419817]  mmcblk0: p1 p2 p3 p4

Tue, 25 Jun 2019 19:41:28 [line:102] INFO [    2.420066] mmcblk0: p4 size 1755107328 extends beyond EOD, truncated

Tue, 25 Jun 2019 19:41:28 [line:102] INFO [    2.459343] can: raw protocol (rev 20170425)

Tue, 25 Jun 2019 19:41:28 [line:102] INFO [    2.463647] can: broadcast manager protocol (rev 20170425 t)

Tue, 25 Jun 2019 19:41:28 [line:102] INFO [    2.469357] can: netlink gateway (rev 20170425) max_hops=1

Tue, 25 Jun 2019 19:41:28 [line:102] INFO [    2.474927] Key type dns_resolver registered

Tue, 25 Jun 2019 19:41:28 [line:102] INFO [    2.479633] registered taskstats version 1

Tue, 25 Jun 2019 19:41:28 [line:102] INFO [    2.487176] i2c i2c-0: IMX I2C adapter registered

Tue, 25 Jun 2019 19:41:28 [line:102] INFO [    2.491951] i2c i2c-0: using dma0chan2 (tx) and dma0chan3 (rx) for DMA transfers

Tue, 25 Jun 2019 19:41:28 [line:102] INFO [    2.500165] sii902x 1-0039: cound not find device

Tue, 25 Jun 2019 19:41:28 [line:102] INFO [    2.504923] sii902x: probe of 1-0039 failed with error -11

Tue, 25 Jun 2019 19:41:28 [line:102] INFO [    2.510573] i2c i2c-1: IMX I2C adapter registered

Tue, 25 Jun 2019 19:41:28 [line:102] INFO [    2.515337] i2c i2c-1: using dma0chan20 (tx) and dma0chan21 (rx) for DMA transfers

Tue, 25 Jun 2019 19:41:28 [line:102] INFO [    2.523421] i2c i2c-2: IMX I2C adapter registered

Tue, 25 Jun 2019 19:41:28 [line:102] INFO [    2.528191] i2c i2c-2: using dma0chan22 (tx) and dma0chan23 (rx) for DMA transfers

Tue, 25 Jun 2019 19:41:28 [line:102] INFO [    2.535890] hctosys: unable to open rtc device (rtc0)

Tue, 25 Jun 2019 19:41:28 [line:102] INFO [    2.545979] EXT4-fs (mmcblk0p2): couldn't mount as ext3 due to feature incompatibilities

Tue, 25 Jun 2019 19:41:28 [line:102] INFO [    2.566916] EXT4-fs (mmcblk0p2): recovery complete

Tue, 25 Jun 2019 19:41:28 [line:102] INFO [    2.572143] EXT4-fs (mmcblk0p2): mounted filesystem with ordered data mode. Opts: (null)

Tue, 25 Jun 2019 19:41:28 [line:102] INFO [    2.579899] VFS: Mounted root (ext4 filesystem) on device 179:2.

Tue, 25 Jun 2019 19:41:28 [line:102] INFO [    2.585926] devtmpfs: mounted

Tue, 25 Jun 2019 19:41:28 [line:102] INFO [    2.588971] Freeing unused kernel memory: 384K

Tue, 25 Jun 2019 19:41:28 [line:102] INFO INIT: version 2.88 booting

Tue, 25 Jun 2019 19:41:29 [line:102] INFO Starting udev

Tue, 25 Jun 2019 19:41:29 [line:102] INFO [    2.915160] udevd[790]: starting version 3.2.2

Tue, 25 Jun 2019 19:41:29 [line:102] INFO [    2.949329] udevd[791]: starting eudev-3.2.2

Tue, 25 Jun 2019 19:41:29 [line:102] INFO [    3.026061] 

Tue, 25 Jun 2019 19:41:29 [line:102] INFO [    3.026061] [I]6<BS_LOG><smi_gyro_probe><1642>function entrance

Tue, 25 Jun 2019 19:41:29 [line:102] INFO [    3.154186] smi130_gyro 1-0068: I2C xfer error

Tue, 25 Jun 2019 19:41:29 [line:102] INFO [    3.158291] 

Tue, 25 Jun 2019 19:41:29 [line:102] INFO [    3.158291] [I]6<BS_LOG><smi_gyro_check_chip_id><392>read chip id result: 0x0

Tue, 25 Jun 2019 19:41:29 [line:102] INFO [    3.284696] smi130_gyro 1-0068: I2C xfer error

Tue, 25 Jun 2019 19:41:29 [line:102] INFO [    3.288800] 

Tue, 25 Jun 2019 19:41:29 [line:102] INFO [    3.288800] [I]6<BS_LOG><smi_gyro_check_chip_id><392>read chip id result: 0x0

Tue, 25 Jun 2019 19:41:29 [line:102] INFO [    3.415007] smi130_gyro 1-0068: I2C xfer error

Tue, 25 Jun 2019 19:41:29 [line:102] INFO [    3.419101] 

Tue, 25 Jun 2019 19:41:29 [line:102] INFO [    3.419101] [I]6<BS_LOG><smi_gyro_check_chip_id><392>read chip id result: 0x0

Tue, 25 Jun 2019 19:41:29 [line:102] INFO [    3.545353] smi130_gyro 1-0068: I2C xfer error

Tue, 25 Jun 2019 19:41:29 [line:102] INFO [    3.549448] 

Tue, 25 Jun 2019 19:41:29 [line:102] INFO [    3.549448] [I]6<BS_LOG><smi_gyro_check_chip_id><392>read chip id result: 0x0

Tue, 25 Jun 2019 19:41:29 [line:102] INFO [    3.675695] smi130_gyro 1-0068: I2C xfer error

Tue, 25 Jun 2019 19:41:29 [line:102] INFO [    3.679789] 

Tue, 25 Jun 2019 19:41:29 [line:102] INFO [    3.679789] [I]6<BS_LOG><smi_gyro_check_chip_id><392>read chip id result: 0x0

Tue, 25 Jun 2019 19:41:29 [line:102] INFO [    3.689455] 

Tue, 25 Jun 2019 19:41:29 [line:102] INFO [    3.689455] [E]3<BS_LOG><smi_gyro_probe><1663>Bosch Sensortec Device not found, chip id mismatch

Tue, 25 Jun 2019 19:41:29 [line:102] INFO [    3.699455] smi130_gyro: probe of 1-0068 failed with error -1

Tue, 25 Jun 2019 19:41:29 [line:102] INFO [    3.705289] 

Tue, 25 Jun 2019 19:41:29 [line:102] INFO [    3.705289] [I]6<BS_LOG><smi130_acc_probe><7022>smi130_acc_probe start

Tue, 25 Jun 2019 19:41:29 [line:102] INFO [    3.705289] 

Tue, 25 Jun 2019 19:41:30 [line:102] INFO [    3.831253] 

Tue, 25 Jun 2019 19:41:30 [line:102] INFO [    3.831253] [E]3<BS_LOG><smi130_acc_smbus_read_byte><1748>I2C xfer error

Tue, 25 Jun 2019 19:41:30 [line:102] INFO [    3.839170] 

Tue, 25 Jun 2019 19:41:30 [line:102] INFO [    3.839170] [E]3<BS_LOG><smi130_acc_check_chip_id><1907>Bosch Sensortec Device not found

Tue, 25 Jun 2019 19:41:30 [line:102] INFO [    3.839170] 

Tue, 25 Jun 2019 19:41:30 [line:102] INFO [    3.839170] i2c bus read error, read chip_id:0

Tue, 25 Jun 2019 19:41:30 [line:102] INFO [    3.839170] 

Tue, 25 Jun 2019 19:41:30 [line:102] INFO [    3.972795] 

Tue, 25 Jun 2019 19:41:30 [line:102] INFO [    3.972795] [E]3<BS_LOG><smi130_acc_smbus_read_byte><1748>I2C xfer error

Tue, 25 Jun 2019 19:41:30 [line:102] INFO [    3.980699] 

Tue, 25 Jun 2019 19:41:30 [line:102] INFO [    3.980699] [E]3<BS_LOG><smi130_acc_check_chip_id><1907>Bosch Sensortec Device not found

Tue, 25 Jun 2019 19:41:30 [line:102] INFO [    3.980699] 

Tue, 25 Jun 2019 19:41:30 [line:102] INFO [    3.980699] i2c bus read error, read chip_id:0

Tue, 25 Jun 2019 19:41:30 [line:102] INFO [    3.980699] 

Tue, 25 Jun 2019 19:41:30 [line:102] INFO [    4.114205] 

Tue, 25 Jun 2019 19:41:30 [line:102] INFO [    4.114205] [E]3<BS_LOG><smi130_acc_smbus_read_byte><1748>I2C xfer error

Tue, 25 Jun 2019 19:41:30 [line:102] INFO [    4.122113] 

Tue, 25 Jun 2019 19:41:30 [line:102] INFO [    4.122113] [E]3<BS_LOG><smi130_acc_check_chip_id><1907>Bosch Sensortec Device not found

Tue, 25 Jun 2019 19:41:30 [line:102] INFO [    4.122113] 

Tue, 25 Jun 2019 19:41:30 [line:102] INFO [    4.122113] i2c bus read error, read chip_id:0

Tue, 25 Jun 2019 19:41:30 [line:102] INFO [    4.122113] 

Tue, 25 Jun 2019 19:41:30 [line:102] INFO [    4.255732] 

Tue, 25 Jun 2019 19:41:30 [line:102] INFO [    4.255732] [E]3<BS_LOG><smi130_acc_smbus_read_byte><1748>I2C xfer error

Tue, 25 Jun 2019 19:41:30 [line:102] INFO [    4.263637] 

Tue, 25 Jun 2019 19:41:30 [line:102] INFO [    4.263637] [E]3<BS_LOG><smi130_acc_check_chip_id><1907>Bosch Sensortec Device not found

Tue, 25 Jun 2019 19:41:30 [line:102] INFO [    4.263637] 

Tue, 25 Jun 2019 19:41:30 [line:102] INFO [    4.263637] i2c bus read error, read chip_id:0

Tue, 25 Jun 2019 19:41:30 [line:102] INFO [    4.263637] 

Tue, 25 Jun 2019 19:41:30 [line:102] INFO [    4.397259] 

Tue, 25 Jun 2019 19:41:30 [line:102] INFO [    4.397259] [E]3<BS_LOG><smi130_acc_smbus_read_byte><1748>I2C xfer error

Tue, 25 Jun 2019 19:41:30 [line:102] INFO [    4.405164] 

Tue, 25 Jun 2019 19:41:30 [line:102] INFO [    4.405164] [E]3<BS_LOG><smi130_acc_check_chip_id><1907>Bosch Sensortec Device not found

Tue, 25 Jun 2019 19:41:30 [line:102] INFO [    4.405164] 

Tue, 25 Jun 2019 19:41:30 [line:102] INFO [    4.405164] i2c bus read error, read chip_id:0

Tue, 25 Jun 2019 19:41:30 [line:102] INFO [    4.405164] 

Tue, 25 Jun 2019 19:41:30 [line:102] INFO [    4.543697] 

Tue, 25 Jun 2019 19:41:30 [line:102] INFO [    4.543697] [E]3<BS_LOG><smi130_acc_smbus_write_byte><1809>I2C xfer error

Tue, 25 Jun 2019 19:41:30 [line:102] INFO [    4.551689] 

Tue, 25 Jun 2019 19:41:30 [line:102] INFO [    4.551689] [E]3<BS_LOG><smi130_acc_probe><7044>i2c bus write error, pls check HW connection

Tue, 25 Jun 2019 19:41:30 [line:102] INFO [    4.551689] 

Tue, 25 Jun 2019 19:41:30 [line:102] INFO [    4.563134] smi130_acc: probe of 1-0018 failed with error -22

Tue, 25 Jun 2019 19:41:30 [line:102] INFO [    4.608661] loading NXP PHY driver: [autonomous mode]

Tue, 25 Jun 2019 19:41:30 [line:102] INFO [    4.687574] sja1105pqrs: loading out-of-tree module taints kernel.

Tue, 25 Jun 2019 19:41:30 [line:102] INFO [    4.694968] sja1105pqrs spi0.0: Loading SJA1105P SPI driver

Tue, 25 Jun 2019 19:41:30 [line:102] INFO [    4.700203] cs_sck_delay=100

Tue, 25 Jun 2019 19:41:30 [line:102] INFO [    4.703045] pcssck=3, cssck=0

Tue, 25 Jun 2019 19:41:30 [line:102] INFO [    4.705981] pasc=3, asc=0

Tue, 25 Jun 2019 19:41:30 [line:102] INFO [    4.708587] get pcssck=1, cssck=4

Tue, 25 Jun 2019 19:41:30 [line:102] INFO [    4.711914] eoq_write 8

Tue, 25 Jun 2019 19:41:30 [line:102] INFO [    4.711933] owen dspi_eoq_read rx_bytes_count = 8, rx_frames_count = 4

Tue, 25 Jun 2019 19:41:30 [line:102] INFO [    4.711935] 		88

Tue, 25 Jun 2019 19:41:30 [line:102] INFO [    4.711936] 		b8

Tue, 25 Jun 2019 19:41:30 [line:102] INFO [    4.711938] 		ea

Tue, 25 Jun 2019 19:41:30 [line:102] INFO [    4.711939] 		9

Tue, 25 Jun 2019 19:41:30 [line:102] INFO [    4.711940] 		80

Tue, 25 Jun 2019 19:41:30 [line:102] INFO [    4.711941] 		ff

Tue, 25 Jun 2019 19:41:30 [line:102] INFO [    4.711942] 		ff

Tue, 25 Jun 2019 19:41:30 [line:102] INFO [    4.711943] 		ff

Tue, 25 Jun 2019 19:41:30 [line:102] INFO [    4.711944] 

Tue, 25 Jun 2019 19:41:30 [line:102] INFO [    4.736768] sja1105pqrs spi0.0: SJA1105P invalid Device Id, is 00000000

Tue, 25 Jun 2019 19:41:30 [line:102] INFO [    4.743331] sja1105pqrs spi0.0: SJA1105P SPI Failed to read Device Id

Tue, 25 Jun 2019 19:41:30 [line:102] INFO [    4.749813] sja1105pqrs spi0.5: Loading SJA1105P SPI driver

Tue, 25 Jun 2019 19:41:30 [line:102] INFO [    4.755284] cs_sck_delay=100

Tue, 25 Jun 2019 19:41:30 [line:102] INFO [    4.758127] pcssck=3, cssck=0

Tue, 25 Jun 2019 19:41:30 [line:102] INFO [    4.761080] pasc=3, asc=0

Tue, 25 Jun 2019 19:41:30 [line:102] INFO [    4.763678] get pcssck=1, cssck=4

Tue, 25 Jun 2019 19:41:30 [line:102] INFO [    4.767000] eoq_write 8

Tue, 25 Jun 2019 19:41:30 [line:102] INFO [    4.767018] owen dspi_eoq_read rx_bytes_count = 8, rx_frames_count = 4

Tue, 25 Jun 2019 19:41:30 [line:102] INFO [    4.767020] 		88

Tue, 25 Jun 2019 19:41:30 [line:102] INFO [    4.767021] 		b8

Tue, 25 Jun 2019 19:41:30 [line:102] INFO [    4.767023] 		ea

Tue, 25 Jun 2019 19:41:30 [line:102] INFO [    4.767024] 		9

Tue, 25 Jun 2019 19:41:30 [line:102] INFO [    4.767025] 		80

Tue, 25 Jun 2019 19:41:30 [line:102] INFO [    4.767026] 		ff

Tue, 25 Jun 2019 19:41:30 [line:102] INFO [    4.767027] 		ff

Tue, 25 Jun 2019 19:41:30 [line:102] INFO [    4.767028] 		ff

Tue, 25 Jun 2019 19:41:30 [line:102] INFO [    4.767029] 

Tue, 25 Jun 2019 19:41:30 [line:102] INFO [    4.791856] sja1105pqrs spi0.5: SJA1105P invalid Device Id, is 00000000

Tue, 25 Jun 2019 19:41:30 [line:102] INFO [    4.798422] sja1105pqrs spi0.5: SJA1105P SPI Failed to read Device Id

Tue, 25 Jun 2019 19:41:31 [line:102] INFO [    4.825136] EXT4-fs (mmcblk0p2): re-mounted. Opts: (null)

Tue, 25 Jun 2019 19:41:32 [line:102] INFO speed 38400 baud; rows 0; columns 0; line = 0;

Tue, 25 Jun 2019 19:41:32 [line:102] INFO intr = ^C; quit = ^\; erase = ^?; kill = ^U; eof = ^D; eol = <undef>;

Tue, 25 Jun 2019 19:41:32 [line:102] INFO eol2 = <undef>; swtch = <undef>; start = ^Q; stop = ^S; susp = ^Z; rprnt = ^R;

Tue, 25 Jun 2019 19:41:32 [line:102] INFO werase = ^W; lnext = ^V; discard = ^O; min = 1; time = 0;

Tue, 25 Jun 2019 19:41:32 [line:102] INFO -parenb -parodd -cmspar cs8 hupcl -cstopb cread clocal -crtscts

Tue, 25 Jun 2019 19:41:32 [line:102] INFO -ignbrk -brkint -ignpar -parmrk -inpck -istrip -inlcr -igncr icrnl ixon -ixoff

Tue, 25 Jun 2019 19:41:32 [line:102] INFO -iuclc -ixany -imaxbel -iutf8

Tue, 25 Jun 2019 19:41:32 [line:102] INFO opost -olcuc -ocrnl onlcr -onocr -onlret -ofill -ofdel nl0 cr0 tab0 bs0 vt0 ff0

Tue, 25 Jun 2019 19:41:32 [line:102] INFO isig icanon iexten echo echoe echok -echonl -noflsh -xcase -tostop -echoprt

Tue, 25 Jun 2019 19:41:32 [line:102] INFO echoctl echoke -flusho -extproc

Tue, 25 Jun 2019 19:41:33 [line:102] INFO [    7.067359] IPv6: ADDRCONF(NETDEV_CHANGE): can0: link becomes ready

Tue, 25 Jun 2019 19:41:33 [line:102] INFO [    7.076628] IPv6: ADDRCONF(NETDEV_CHANGE): can1: link becomes ready

Tue, 25 Jun 2019 19:41:35 [line:102] INFO 1970-01-01T00:00:09Z chronyd version 2.4 starting (+CMDMON +NTP +REFCLOCK +RTC -PRIVDROP -SCFILTER -SECHASH +ASYNCDNS +IPV6 -DEBUG)

Tue, 25 Jun 2019 19:41:35 [line:102] INFO 1970-01-01T00:00:09Z Setting filter length for PPS0 to 1

Tue, 25 Jun 2019 19:41:35 [line:102] INFO 1970-01-01T00:00:09Z Could not create directory /var/log : File exists

Tue, 25 Jun 2019 19:41:35 [line:102] INFO 1970-01-01T00:00:09Z Couldn't open logfile /var/log/chrony/tracking.log for update

Tue, 25 Jun 2019 19:41:37 [line:102] INFO [   11.102765] pcieport 0000:00:00.0: BAR 8: assigned [mem 0x72200000-0x722fffff]

Tue, 25 Jun 2019 19:41:37 [line:102] INFO [   11.109641] pci 0000:01:00.0: BAR 0: assigned [mem 0x72200000-0x72200fff 64bit]

Tue, 25 Jun 2019 19:41:37 [line:102] INFO [   11.116939] pci 0000:01:00.0: BAR 2: assigned [mem 0x72201000-0x72201fff 64bit]

